Archive member included to satisfy reference by file (symbol)

c:/siliconlabs/simplicitystudio/v5/developer/toolchains/gnu_arm/12.2.rel1_2023.7/bin/../lib/gcc/arm-none-eabi/12.2.1/thumb/v8-m.main+fp/hard\libgcc.a(_aeabi_ldivmod.o)
                              ./gecko_sdk_4.5.0/platform/emlib/src/em_eusart.o (__aeabi_ldivmod)
c:/siliconlabs/simplicitystudio/v5/developer/toolchains/gnu_arm/12.2.rel1_2023.7/bin/../lib/gcc/arm-none-eabi/12.2.1/thumb/v8-m.main+fp/hard\libgcc.a(_aeabi_uldivmod.o)
                              ./gecko_sdk_4.5.0/platform/emlib/src/em_eusart.o (__aeabi_uldivmod)
c:/siliconlabs/simplicitystudio/v5/developer/toolchains/gnu_arm/12.2.rel1_2023.7/bin/../lib/gcc/arm-none-eabi/12.2.1/thumb/v8-m.main+fp/hard\libgcc.a(_udivmoddi4.o)
                              c:/siliconlabs/simplicitystudio/v5/developer/toolchains/gnu_arm/12.2.rel1_2023.7/bin/../lib/gcc/arm-none-eabi/12.2.1/thumb/v8-m.main+fp/hard\libgcc.a(_aeabi_ldivmod.o) (__udivmoddi4)
c:/siliconlabs/simplicitystudio/v5/developer/toolchains/gnu_arm/12.2.rel1_2023.7/bin/../lib/gcc/arm-none-eabi/12.2.1/thumb/v8-m.main+fp/hard\libgcc.a(_dvmd_tls.o)
                              c:/siliconlabs/simplicitystudio/v5/developer/toolchains/gnu_arm/12.2.rel1_2023.7/bin/../lib/gcc/arm-none-eabi/12.2.1/thumb/v8-m.main+fp/hard\libgcc.a(_aeabi_ldivmod.o) (__aeabi_ldiv0)
c:/siliconlabs/simplicitystudio/v5/developer/toolchains/gnu_arm/12.2.rel1_2023.7/bin/../lib/gcc/arm-none-eabi/12.2.1/thumb/v8-m.main+fp/hard\libc_nano.a(libc_a-exit.o)
                              c:/siliconlabs/simplicitystudio/v5/developer/toolchains/gnu_arm/12.2.rel1_2023.7/bin/../lib/gcc/arm-none-eabi/12.2.1/thumb/v8-m.main+fp/hard/crt0.o (exit)
c:/siliconlabs/simplicitystudio/v5/developer/toolchains/gnu_arm/12.2.rel1_2023.7/bin/../lib/gcc/arm-none-eabi/12.2.1/thumb/v8-m.main+fp/hard\libc_nano.a(libc_a-ctype_.o)
                              ./gecko_sdk_4.5.0/platform/common/src/sl_string.o (_ctype_)
c:/siliconlabs/simplicitystudio/v5/developer/toolchains/gnu_arm/12.2.rel1_2023.7/bin/../lib/gcc/arm-none-eabi/12.2.1/thumb/v8-m.main+fp/hard\libc_nano.a(libc_a-findfp.o)
                              c:/siliconlabs/simplicitystudio/v5/developer/toolchains/gnu_arm/12.2.rel1_2023.7/bin/../lib/gcc/arm-none-eabi/12.2.1/thumb/v8-m.main+fp/hard\libc_nano.a(libc_a-exit.o) (__stdio_exit_handler)
c:/siliconlabs/simplicitystudio/v5/developer/toolchains/gnu_arm/12.2.rel1_2023.7/bin/../lib/gcc/arm-none-eabi/12.2.1/thumb/v8-m.main+fp/hard\libc_nano.a(libc_a-fwalk.o)
                              c:/siliconlabs/simplicitystudio/v5/developer/toolchains/gnu_arm/12.2.rel1_2023.7/bin/../lib/gcc/arm-none-eabi/12.2.1/thumb/v8-m.main+fp/hard\libc_nano.a(libc_a-findfp.o) (_fwalk_sglue)
c:/siliconlabs/simplicitystudio/v5/developer/toolchains/gnu_arm/12.2.rel1_2023.7/bin/../lib/gcc/arm-none-eabi/12.2.1/thumb/v8-m.main+fp/hard\libc_nano.a(libc_a-printf.o)
                              ./app.o (printf)
c:/siliconlabs/simplicitystudio/v5/developer/toolchains/gnu_arm/12.2.rel1_2023.7/bin/../lib/gcc/arm-none-eabi/12.2.1/thumb/v8-m.main+fp/hard\libc_nano.a(libc_a-stdio.o)
                              c:/siliconlabs/simplicitystudio/v5/developer/toolchains/gnu_arm/12.2.rel1_2023.7/bin/../lib/gcc/arm-none-eabi/12.2.1/thumb/v8-m.main+fp/hard\libc_nano.a(libc_a-findfp.o) (__sread)
c:/siliconlabs/simplicitystudio/v5/developer/toolchains/gnu_arm/12.2.rel1_2023.7/bin/../lib/gcc/arm-none-eabi/12.2.1/thumb/v8-m.main+fp/hard\libc_nano.a(libc_a-vprintf.o)
                              ./gecko_sdk_4.5.0/platform/service/iostream/src/sl_iostream.o (vprintf)
c:/siliconlabs/simplicitystudio/v5/developer/toolchains/gnu_arm/12.2.rel1_2023.7/bin/../lib/gcc/arm-none-eabi/12.2.1/thumb/v8-m.main+fp/hard\libc_nano.a(libc_a-memset.o)
                              c:/siliconlabs/simplicitystudio/v5/developer/toolchains/gnu_arm/12.2.rel1_2023.7/bin/../lib/gcc/arm-none-eabi/12.2.1/thumb/v8-m.main+fp/hard/crt0.o (memset)
c:/siliconlabs/simplicitystudio/v5/developer/toolchains/gnu_arm/12.2.rel1_2023.7/bin/../lib/gcc/arm-none-eabi/12.2.1/thumb/v8-m.main+fp/hard\libc_nano.a(libc_a-closer.o)
                              c:/siliconlabs/simplicitystudio/v5/developer/toolchains/gnu_arm/12.2.rel1_2023.7/bin/../lib/gcc/arm-none-eabi/12.2.1/thumb/v8-m.main+fp/hard\libc_nano.a(libc_a-stdio.o) (_close_r)
c:/siliconlabs/simplicitystudio/v5/developer/toolchains/gnu_arm/12.2.rel1_2023.7/bin/../lib/gcc/arm-none-eabi/12.2.1/thumb/v8-m.main+fp/hard\libc_nano.a(libc_a-reent.o)
                              c:/siliconlabs/simplicitystudio/v5/developer/toolchains/gnu_arm/12.2.rel1_2023.7/bin/../lib/gcc/arm-none-eabi/12.2.1/thumb/v8-m.main+fp/hard\libc_nano.a(libc_a-closer.o) (errno)
c:/siliconlabs/simplicitystudio/v5/developer/toolchains/gnu_arm/12.2.rel1_2023.7/bin/../lib/gcc/arm-none-eabi/12.2.1/thumb/v8-m.main+fp/hard\libc_nano.a(libc_a-impure.o)
[...]
Memory Configuration

Name             Origin             Length             Attributes
FLASH            0x00000000         0x0007e000         xr
RAM              0x20000000         0x00008000         xrw
*default*        0x00000000         0xffffffff

Linker script and memory map

LOAD c:/siliconlabs/simplicitystudio/v5/developer/toolchains/gnu_arm/12.2.rel1_2023.7/bin/../lib/gcc/arm-none-eabi/12.2.1/thumb/v8-m.main+fp/hard/crti.o
LOAD c:/siliconlabs/simplicitystudio/v5/developer/toolchains/gnu_arm/12.2.rel1_2023.7/bin/../lib/gcc/arm-none-eabi/12.2.1/thumb/v8-m.main+fp/hard/crtbegin.o
LOAD c:/siliconlabs/simplicitystudio/v5/developer/toolchains/gnu_arm/12.2.rel1_2023.7/bin/../lib/gcc/arm-none-eabi/12.2.1/thumb/v8-m.main+fp/hard/crt0.o
START GROUP
LOAD ./app.o
LOAD ./main.o
LOAD ./autogen/sl_board_default_init.o
LOAD ./autogen/sl_device_init_clocks.o
LOAD ./autogen/sl_event_handler.o
LOAD ./autogen/sl_iostream_handles.o
LOAD ./autogen/sl_power_manager_handler.o
LOAD ./autogen/sl_simple_button_instances.o
LOAD ./autogen/sl_simple_led_instances.o
LOAD ./autogen/sl_uartdrv_init.o
LOAD ./gecko_sdk_4.5.0/app/common/util/app_button_press/app_button_press.o
LOAD ./gecko_sdk_4.5.0/hardware/board/src/sl_board_control_gpio.o
LOAD ./gecko_sdk_4.5.0/hardware/board/src/sl_board_init.o
LOAD ./gecko_sdk_4.5.0/hardware/driver/configuration_over_swo/src/sl_cos.o
LOAD ./gecko_sdk_4.5.0/platform/Device/SiliconLabs/EFR32BG22/Source/startup_efr32bg22.o
LOAD ./gecko_sdk_4.5.0/platform/Device/SiliconLabs/EFR32BG22/Source/system_efr32bg22.o
LOAD ./gecko_sdk_4.5.0/platform/common/src/sl_assert.o
LOAD ./gecko_sdk_4.5.0/platform/common/src/sl_slist.o
LOAD ./gecko_sdk_4.5.0/platform/common/src/sl_stdio.o
LOAD ./gecko_sdk_4.5.0/platform/common/src/sl_string.o
LOAD ./gecko_sdk_4.5.0/platform/common/src/sl_syscalls.o
LOAD ./gecko_sdk_4.5.0/platform/common/toolchain/src/sl_memory.o
LOAD ./gecko_sdk_4.5.0/platform/driver/button/src/sl_button.o
LOAD ./gecko_sdk_4.5.0/platform/driver/button/src/sl_simple_button.o
LOAD ./gecko_sdk_4.5.0/platform/driver/debug/src/sl_debug_swo.o
LOAD ./gecko_sdk_4.5.0/platform/driver/leddrv/src/sl_led.o
LOAD ./gecko_sdk_4.5.0/platform/driver/leddrv/src/sl_simple_led.o
LOAD ./gecko_sdk_4.5.0/platform/emdrv/dmadrv/src/dmadrv.o
LOAD ./gecko_sdk_4.5.0/platform/emdrv/gpiointerrupt/src/gpiointerrupt.o
LOAD ./gecko_sdk_4.5.0/platform/emdrv/uartdrv/src/uartdrv.o
LOAD ./gecko_sdk_4.5.0/platform/emlib/src/em_burtc.o
LOAD ./gecko_sdk_4.5.0/platform/emlib/src/em_cmu.o
LOAD ./gecko_sdk_4.5.0/platform/emlib/src/em_core.o
LOAD ./gecko_sdk_4.5.0/platform/emlib/src/em_emu.o
LOAD ./gecko_sdk_4.5.0/platform/emlib/src/em_eusart.o
LOAD ./gecko_sdk_4.5.0/platform/emlib/src/em_gpio.o
LOAD ./gecko_sdk_4.5.0/platform/emlib/src/em_ldma.o
LOAD ./gecko_sdk_4.5.0/platform/emlib/src/em_msc.o
LOAD ./gecko_sdk_4.5.0/platform/emlib/src/em_rtcc.o
LOAD ./gecko_sdk_4.5.0/platform/emlib/src/em_system.o
LOAD ./gecko_sdk_4.5.0/platform/emlib/src/em_timer.o
LOAD ./gecko_sdk_4.5.0/platform/emlib/src/em_usart.o
LOAD ./gecko_sdk_4.5.0/platform/service/device_init/src/sl_device_init_dcdc_s2.o
LOAD ./gecko_sdk_4.5.0/platform/service/device_init/src/sl_device_init_emu_s2.o
LOAD ./gecko_sdk_4.5.0/platform/service/device_init/src/sl_device_init_hfxo_s2.o
LOAD ./gecko_sdk_4.5.0/platform/service/device_init/src/sl_device_init_lfxo_s2.o
LOAD ./gecko_sdk_4.5.0/platform/service/device_init/src/sl_device_init_nvic.o
LOAD ./gecko_sdk_4.5.0/platform/service/iostream/src/sl_iostream.o
LOAD ./gecko_sdk_4.5.0/platform/service/iostream/src/sl_iostream_retarget_stdio.o
LOAD ./gecko_sdk_4.5.0/platform/service/iostream/src/sl_iostream_uart.o
LOAD ./gecko_sdk_4.5.0/platform/service/iostream/src/sl_iostream_usart.o
LOAD ./gecko_sdk_4.5.0/platform/service/power_manager/src/sl_power_manager.o
LOAD ./gecko_sdk_4.5.0/platform/service/power_manager/src/sl_power_manager_debug.o
LOAD ./gecko_sdk_4.5.0/platform/service/power_manager/src/sl_power_manager_hal_s2.o
LOAD ./gecko_sdk_4.5.0/platform/service/sleeptimer/src/sl_sleeptimer.o
LOAD ./gecko_sdk_4.5.0/platform/service/sleeptimer/src/sl_sleeptimer_hal_burtc.o
LOAD ./gecko_sdk_4.5.0/platform/service/sleeptimer/src/sl_sleeptimer_hal_prortc.o
LOAD ./gecko_sdk_4.5.0/platform/service/sleeptimer/src/sl_sleeptimer_hal_rtcc.o
LOAD ./gecko_sdk_4.5.0/platform/service/sleeptimer/src/sl_sleeptimer_hal_timer.o
LOAD ./gecko_sdk_4.5.0/platform/service/system/src/sl_system_init.o
LOAD ./gecko_sdk_4.5.0/platform/service/system/src/sl_system_process_action.o
LOAD ./gecko_sdk_4.5.0/platform/service/udelay/src/sl_udelay.o
LOAD ./gecko_sdk_4.5.0/platform/service/udelay/src/sl_udelay_armv6m_gcc.o
LOAD c:/siliconlabs/simplicitystudio/v5/developer/toolchains/gnu_arm/12.2.rel1_2023.7/bin/../lib/gcc/arm-none-eabi/12.2.1/thumb/v8-m.main+fp/hard\libgcc.a
LOAD c:/siliconlabs/simplicitystudio/v5/developer/toolchains/gnu_arm/12.2.rel1_2023.7/bin/../lib/gcc/arm-none-eabi/12.2.1/thumb/v8-m.main+fp/hard\libc_nano.a
LOAD c:/siliconlabs/simplicitystudio/v5/developer/toolchains/gnu_arm/12.2.rel1_2023.7/bin/../lib/gcc/arm-none-eabi/12.2.1/thumb/v8-m.main+fp/hard\libm.a
LOAD c:/siliconlabs/simplicitystudio/v5/developer/toolchains/gnu_arm/12.2.rel1_2023.7/bin/../lib/gcc/arm-none-eabi/12.2.1/thumb/v8-m.main+fp/hard\libnosys.a
END GROUP
START GROUP
LOAD c:/siliconlabs/simplicitystudio/v5/developer/toolchains/gnu_arm/12.2.rel1_2023.7/bin/../lib/gcc/arm-none-eabi/12.2.1/thumb/v8-m.main+fp/hard\libgcc.a
LOAD c:/siliconlabs/simplicitystudio/v5/developer/toolchains/gnu_arm/12.2.rel1_2023.7/bin/../lib/gcc/arm-none-eabi/12.2.1/thumb/v8-m.main+fp/hard\libc_nano.a
LOAD c:/siliconlabs/simplicitystudio/v5/developer/toolchains/gnu_arm/12.2.rel1_2023.7/bin/../lib/gcc/arm-none-eabi/12.2.1/thumb/v8-m.main+fp/hard\libnosys.a
END GROUP
START GROUP
LOAD c:/siliconlabs/simplicitystudio/v5/developer/toolchains/gnu_arm/12.2.rel1_2023.7/bin/../lib/gcc/arm-none-eabi/12.2.1/thumb/v8-m.main+fp/hard\libgcc.a
LOAD c:/siliconlabs/simplicitystudio/v5/developer/toolchains/gnu_arm/12.2.rel1_2023.7/bin/../lib/gcc/arm-none-eabi/12.2.1/thumb/v8-m.main+fp/hard\libg_nano.a
LOAD c:/siliconlabs/simplicitystudio/v5/developer/toolchains/gnu_arm/12.2.rel1_2023.7/bin/../lib/gcc/arm-none-eabi/12.2.1/thumb/v8-m.main+fp/hard\libc_nano.a
END GROUP
START GROUP
LOAD c:/siliconlabs/simplicitystudio/v5/developer/toolchains/gnu_arm/12.2.rel1_2023.7/bin/../lib/gcc/arm-none-eabi/12.2.1/thumb/v8-m.main+fp/hard\libgcc.a
LOAD c:/siliconlabs/simplicitystudio/v5/developer/toolchains/gnu_arm/12.2.rel1_2023.7/bin/../lib/gcc/arm-none-eabi/12.2.1/thumb/v8-m.main+fp/hard\libc_nano.a
END GROUP
LOAD c:/siliconlabs/simplicitystudio/v5/developer/toolchains/gnu_arm/12.2.rel1_2023.7/bin/../lib/gcc/arm-none-eabi/12.2.1/thumb/v8-m.main+fp/hard/crtend.o
LOAD c:/siliconlabs/simplicitystudio/v5/developer/toolchains/gnu_arm/12.2.rel1_2023.7/bin/../lib/gcc/arm-none-eabi/12.2.1/thumb/v8-m.main+fp/hard/crtn.o

.text           0x00000000     0x5f28
                0x00000000                linker_vectors_begin = .
 *(.vectors)
 .vectors       0x00000000      0x140 ./gecko_sdk_4.5.0/platform/Device/SiliconLabs/EFR32BG22/Source/startup_efr32bg22.o
                0x00000000                __Vectors
                0x00000140                linker_vectors_end = .
                0x00000140                __Vectors_End = .
                0x00000140                __Vectors_Size = (__Vectors_End - __Vectors)
                0x00000140                linker_code_begin = .
 *(SORT_BY_ALIGNMENT(.text*))
 .text.deregister_tm_clones
                0x00000140       0x1c c:/siliconlabs/simplicitystudio/v5/developer/toolchains/gnu_arm/12.2.rel1_2023.7/bin/../lib/gcc/arm-none-eabi/12.2.1/thumb/v8-m.main+fp/hard/crtbegin.o
 .text.register_tm_clones
                0x0000015c       0x28 c:/siliconlabs/simplicitystudio/v5/developer/toolchains/gnu_arm/12.2.rel1_2023.7/bin/../lib/gcc/arm-none-eabi/12.2.1/thumb/v8-m.main+fp/hard/crtbegin.o
 .text.__do_global_dtors_aux
                0x00000184       0x28 c:/siliconlabs/simplicitystudio/v5/developer/toolchains/gnu_arm/12.2.rel1_2023.7/bin/../lib/gcc/arm-none-eabi/12.2.1/thumb/v8-m.main+fp/hard/crtbegin.o
 .text.frame_dummy
                0x000001ac       0x24 c:/siliconlabs/simplicitystudio/v5/developer/toolchains/gnu_arm/12.2.rel1_2023.7/bin/../lib/gcc/arm-none-eabi/12.2.1/thumb/v8-m.main+fp/hard/crtbegin.o
 .text          0x000001d0       0x7c c:/siliconlabs/simplicitystudio/v5/developer/toolchains/gnu_arm/12.2.rel1_2023.7/bin/../lib/gcc/arm-none-eabi/12.2.1/thumb/v8-m.main+fp/hard/crt0.o
                0x000001d0                _stack_init
                0x000001d8                _start
                0x000001d8                _mainCRTStartup
 .text.app_init
                0x0000024c       0x78 ./app.o
                0x0000024c                app_init
 .text.app_process_action
                0x000002c4       0x64 ./app.o
                0x000002c4                app_process_action
 .text.sl_device_init_clocks
                0x00000328       0x9c ./autogen/sl_device_init_clocks.o
                0x00000328                sl_device_init_clocks
 .text.sl_platform_init
                0x000003c4       0x5c ./autogen/sl_event_handler.o
                0x000003c4                sl_platform_init
 .text.sl_simple_button_init_instances
                0x00000420        0xc ./autogen/sl_simple_button_instances.o
                0x00000420                sl_simple_button_init_instances
 .text.sl_simple_led_init_instances
                0x0000042c        0xc ./autogen/sl_simple_led_instances.o
                0x0000042c                sl_simple_led_init_instances
 .text.sl_uartdrv_set_default
                0x00000438       0x14 ./autogen/sl_uartdrv_init.o
                0x00000438                sl_uartdrv_set_default
 .text.sl_uartdrv_init_instances
                0x0000044c       0x20 ./autogen/sl_uartdrv_init.o
                0x0000044c                sl_uartdrv_init_instances
 .text.sl_uartdrv_get_default
                0x0000046c        0xc ./autogen/sl_uartdrv_init.o
                0x0000046c                sl_uartdrv_get_default
 .text.app_button_press_init
                0x00000478       0x10 ./gecko_sdk_4.5.0/app/common/util/app_button_press/app_button_press.o
                0x00000478                app_button_press_init
 .text.sl_button_on_change
                0x00000488       0x7c ./gecko_sdk_4.5.0/app/common/util/app_button_press/app_button_press.o
                0x00000488                sl_button_on_change
 .text.app_button_press_step
                0x00000504       0x1c ./gecko_sdk_4.5.0/app/common/util/app_button_press/app_button_press.o
                0x00000504                app_button_press_step
 .text.app_button_press_is_ok_to_sleep
                0x00000520       0x1c ./gecko_sdk_4.5.0/app/common/util/app_button_press/app_button_press.o
                0x00000520                app_button_press_is_ok_to_sleep
 .text.app_button_press_sleep_on_isr_exit
                0x0000053c       0x20 ./gecko_sdk_4.5.0/app/common/util/app_button_press/app_button_press.o
                0x0000053c                app_button_press_sleep_on_isr_exit
 .text.sl_cos_send_config
                0x0000055c       0x4c ./gecko_sdk_4.5.0/hardware/driver/configuration_over_swo/src/sl_cos.o
                0x0000055c                sl_cos_send_config
 .text.CopyRamFuncs
                0x000005a8       0x1c ./gecko_sdk_4.5.0/platform/Device/SiliconLabs/EFR32BG22/Source/startup_efr32bg22.o
                0x000005a8                CopyRamFuncs
 .text.Reset_Handler
                0x000005c4       0x64 ./gecko_sdk_4.5.0/platform/Device/SiliconLabs/EFR32BG22/Source/startup_efr32bg22.o
                0x000005c4                Reset_Handler
 .text.SystemInit
                0x00000628       0x64 ./gecko_sdk_4.5.0/platform/Device/SiliconLabs/EFR32BG22/Source/system_efr32bg22.o
                0x00000628                SystemInit
 .text.SystemHFRCODPLLClockGet
                0x0000068c        0xc ./gecko_sdk_4.5.0/platform/Device/SiliconLabs/EFR32BG22/Source/system_efr32bg22.o
                0x0000068c                SystemHFRCODPLLClockGet
 .text.SystemSYSCLKGet
                0x00000698       0x34 ./gecko_sdk_4.5.0/platform/Device/SiliconLabs/EFR32BG22/Source/system_efr32bg22.o
                0x00000698                SystemSYSCLKGet
 .text.SystemHCLKGet
                0x000006cc       0x24 ./gecko_sdk_4.5.0/platform/Device/SiliconLabs/EFR32BG22/Source/system_efr32bg22.o
                0x000006cc                SystemHCLKGet
 .text.SystemMaxCoreClockGet
                0x000006f0        0x8 ./gecko_sdk_4.5.0/platform/Device/SiliconLabs/EFR32BG22/Source/system_efr32bg22.o
                0x000006f0                SystemMaxCoreClockGet
 .text.SystemHFXOClockGet
                0x000006f8        0xc ./gecko_sdk_4.5.0/platform/Device/SiliconLabs/EFR32BG22/Source/system_efr32bg22.o
                0x000006f8                SystemHFXOClockGet
 .text.SystemHFXOClockSet
                0x00000704       0x20 ./gecko_sdk_4.5.0/platform/Device/SiliconLabs/EFR32BG22/Source/system_efr32bg22.o
                0x00000704                SystemHFXOClockSet
 .text.SystemFSRCOClockGet
                0x00000724        0x8 ./gecko_sdk_4.5.0/platform/Device/SiliconLabs/EFR32BG22/Source/system_efr32bg22.o
                0x00000724                SystemFSRCOClockGet
 .text.SystemLFXOClockGet
                0x0000072c        0xc ./gecko_sdk_4.5.0/platform/Device/SiliconLabs/EFR32BG22/Source/system_efr32bg22.o
                0x0000072c                SystemLFXOClockGet
 .text._sbrk    0x00000738       0x20 ./gecko_sdk_4.5.0/platform/common/toolchain/src/sl_memory.o
                0x00000738                _sbrk
 .text.GPIO_PinInGet
                0x00000758       0x44 ./gecko_sdk_4.5.0/platform/driver/button/src/sl_simple_button.o
 .text.sl_simple_button_init
                0x0000079c       0xb4 ./gecko_sdk_4.5.0/platform/driver/button/src/sl_simple_button.o
                0x0000079c                sl_simple_button_init
 .text.sl_debug_swo_init
                0x00000850       0xc0 ./gecko_sdk_4.5.0/platform/driver/debug/src/sl_debug_swo.o
                0x00000850                sl_debug_swo_init
 .text.sl_debug_swo_write_u8
                0x00000910       0x44 ./gecko_sdk_4.5.0/platform/driver/debug/src/sl_debug_swo.o
                0x00000910                sl_debug_swo_write_u8
 .text.GPIO_PinOutClear
                0x00000954       0x40 ./gecko_sdk_4.5.0/platform/driver/leddrv/src/sl_simple_led.o
 .text.GPIO_PinOutSet
                0x00000994       0x40 ./gecko_sdk_4.5.0/platform/driver/leddrv/src/sl_simple_led.o
 .text.sl_simple_led_toggle
                0x000009d4       0x40 ./gecko_sdk_4.5.0/platform/driver/leddrv/src/sl_simple_led.o
                0x000009d4                sl_simple_led_toggle
 .text.sl_simple_led_get_state
                0x00000a14       0x4c ./gecko_sdk_4.5.0/platform/driver/leddrv/src/sl_simple_led.o
                0x00000a14                sl_simple_led_get_state
 .text.DMADRV_AllocateChannel
                0x00000a60       0x60 ./gecko_sdk_4.5.0/platform/emdrv/dmadrv/src/dmadrv.o
                0x00000a60                DMADRV_AllocateChannel
 .text.DMADRV_Init
                0x00000ac0       0x68 ./gecko_sdk_4.5.0/platform/emdrv/dmadrv/src/dmadrv.o
                0x00000ac0                DMADRV_Init
 .text.DMADRV_PauseTransfer
                0x00000b28       0x40 ./gecko_sdk_4.5.0/platform/emdrv/dmadrv/src/dmadrv.o
                0x00000b28                DMADRV_PauseTransfer
 .text.DMADRV_ResumeTransfer
                0x00000b68       0x40 ./gecko_sdk_4.5.0/platform/emdrv/dmadrv/src/dmadrv.o
                0x00000b68                DMADRV_ResumeTransfer
 .text.DMADRV_TransferActive
                0x00000ba8       0x4c ./gecko_sdk_4.5.0/platform/emdrv/dmadrv/src/dmadrv.o
                0x00000ba8                DMADRV_TransferActive
 .text.LDMA_IRQHandler
                0x00000bf4       0x74 ./gecko_sdk_4.5.0/platform/emdrv/dmadrv/src/dmadrv.o
                0x00000bf4                LDMA_IRQHandler
 .text.GPIOINT_IRQDispatcher
                0x00000c68       0x38 ./gecko_sdk_4.5.0/platform/emdrv/gpiointerrupt/src/gpiointerrupt.o
 .text.GPIOINT_Init
                0x00000ca0       0x30 ./gecko_sdk_4.5.0/platform/emdrv/gpiointerrupt/src/gpiointerrupt.o
                0x00000ca0                GPIOINT_Init
 .text.GPIOINT_CallbackRegister
                0x00000cd0       0x24 ./gecko_sdk_4.5.0/platform/emdrv/gpiointerrupt/src/gpiointerrupt.o
                0x00000cd0                GPIOINT_CallbackRegister
 .text.GPIOINT_EM4WUCallbackRegisterExt
                0x00000cf4       0x70 ./gecko_sdk_4.5.0/platform/emdrv/gpiointerrupt/src/gpiointerrupt.o
                0x00000cf4                GPIOINT_EM4WUCallbackRegisterExt
 .text.GPIOINT_CallbackRegisterExt
                0x00000d64       0x64 ./gecko_sdk_4.5.0/platform/emdrv/gpiointerrupt/src/gpiointerrupt.o
                0x00000d64                GPIOINT_CallbackRegisterExt
 .text.GPIO_EVEN_IRQHandler
                0x00000dc8       0x24 ./gecko_sdk_4.5.0/platform/emdrv/gpiointerrupt/src/gpiointerrupt.o
                0x00000dc8                GPIO_EVEN_IRQHandler
 .text.GPIO_ODD_IRQHandler
                0x00000dec       0x24 ./gecko_sdk_4.5.0/platform/emdrv/gpiointerrupt/src/gpiointerrupt.o
                0x00000dec                GPIO_ODD_IRQHandler
 .text.CheckParams
                0x00000e10       0x24 ./gecko_sdk_4.5.0/platform/emdrv/uartdrv/src/uartdrv.o
 .text.addHandle
                0x00000e34       0x50 ./gecko_sdk_4.5.0/platform/emdrv/uartdrv/src/uartdrv.o
 .text.GPIO_PinOutClear
                0x00000e84       0x40 ./gecko_sdk_4.5.0/platform/emdrv/uartdrv/src/uartdrv.o
 .text.GPIO_PinOutSet
                0x00000ec4       0x40 ./gecko_sdk_4.5.0/platform/emdrv/uartdrv/src/uartdrv.o
 .text.InitializeDma
                0x00000f04       0x2c ./gecko_sdk_4.5.0/platform/emdrv/uartdrv/src/uartdrv.o
 .text.HwFcGetClearToSendPin
                0x00000f30       0x50 ./gecko_sdk_4.5.0/platform/emdrv/uartdrv/src/uartdrv.o
 .text.HwFcManageClearToSend
                0x00000f80       0x80 ./gecko_sdk_4.5.0/platform/emdrv/uartdrv/src/uartdrv.o
 .text.EnableTransmitter
                0x00001000       0x4c ./gecko_sdk_4.5.0/platform/emdrv/uartdrv/src/uartdrv.o
 .text.UARTDRV_ForceTransmit
                0x0000104c      0x10c ./gecko_sdk_4.5.0/platform/emdrv/uartdrv/src/uartdrv.o
                0x0000104c                UARTDRV_ForceTransmit
 .text.UARTDRV_PauseTransmit
                0x00001158       0x30 ./gecko_sdk_4.5.0/platform/emdrv/uartdrv/src/uartdrv.o
                0x00001158                UARTDRV_PauseTransmit
 .text.UARTDRV_ResumeTransmit
                0x00001188       0x40 ./gecko_sdk_4.5.0/platform/emdrv/uartdrv/src/uartdrv.o
                0x00001188                UARTDRV_ResumeTransmit
 .text.UARTDRV_InitEuart
                0x000011c8      0x224 ./gecko_sdk_4.5.0/platform/emdrv/uartdrv/src/uartdrv.o
                0x000011c8                UARTDRV_InitEuart
 .text.sl_uartdrv_sleep_on_isr_exit
                0x000013ec       0x38 ./gecko_sdk_4.5.0/platform/emdrv/uartdrv/src/uartdrv.o
                0x000013ec                sl_uartdrv_sleep_on_isr_exit
 .text.EMU_VScaleGet
                0x00001424       0x18 ./gecko_sdk_4.5.0/platform/emlib/src/em_cmu.o
 .text.em01GrpaClkGet
                0x0000143c       0x48 ./gecko_sdk_4.5.0/platform/emlib/src/em_cmu.o
 .text.iadcClkGet
                0x00001484       0x54 ./gecko_sdk_4.5.0/platform/emlib/src/em_cmu.o
 .text.em01GrpbClkGet
                0x000014d8       0x74 ./gecko_sdk_4.5.0/platform/emlib/src/em_cmu.o
 .text.em23GrpaClkGet
                0x0000154c       0x48 ./gecko_sdk_4.5.0/platform/emlib/src/em_cmu.o
 .text.wdog0ClkGet
                0x00001594       0x64 ./gecko_sdk_4.5.0/platform/emlib/src/em_cmu.o
 .text.rtccClkGet
                0x000015f8       0x54 ./gecko_sdk_4.5.0/platform/emlib/src/em_cmu.o
 .text.em4GrpaClkGet
                0x0000164c       0x48 ./gecko_sdk_4.5.0/platform/emlib/src/em_cmu.o
 .text.euart0ClkGet
                0x00001694       0x48 ./gecko_sdk_4.5.0/platform/emlib/src/em_cmu.o
 .text.CMU_ClockDivGet
                0x000016dc       0x84 ./gecko_sdk_4.5.0/platform/emlib/src/em_cmu.o
                0x000016dc                CMU_ClockDivGet
 .text.flashWaitStateControl
                0x00001760       0x4c ./gecko_sdk_4.5.0/platform/emlib/src/em_cmu.o
 .text.CMU_ClockEnable
                0x000017ac       0x54 ./gecko_sdk_4.5.0/platform/emlib/src/em_cmu.o
                0x000017ac                CMU_ClockEnable
 .text.CMU_ClockFreqGet
                0x00001800      0x198 ./gecko_sdk_4.5.0/platform/emlib/src/em_cmu.o
                0x00001800                CMU_ClockFreqGet
 .text.rhclkPrescOptimize
                0x00001998       0x20 ./gecko_sdk_4.5.0/platform/emlib/src/em_cmu.o
 .text.CMU_ClockSelectGet
                0x000019b8      0x168 ./gecko_sdk_4.5.0/platform/emlib/src/em_cmu.o
                0x000019b8                CMU_ClockSelectGet
 .text.sli_em_cmu_HFXOSetForceEnable
                0x00001b20       0x18 ./gecko_sdk_4.5.0/platform/emlib/src/em_cmu.o
                0x00001b20                sli_em_cmu_HFXOSetForceEnable
 .text.CMU_HFXOInit
                0x00001b38      0x1dc ./gecko_sdk_4.5.0/platform/emlib/src/em_cmu.o
                0x00001b38                CMU_HFXOInit
 .text.CMU_HFXOCTuneDeltaGet
                0x00001d14        0xc ./gecko_sdk_4.5.0/platform/emlib/src/em_cmu.o
                0x00001d14                CMU_HFXOCTuneDeltaGet
 .text.CMU_LFXOInit
                0x00001d20       0xc4 ./gecko_sdk_4.5.0/platform/emlib/src/em_cmu.o
                0x00001d20                CMU_LFXOInit
 .text.CMU_LFXOPrecisionSet
                0x00001de4        0xc ./gecko_sdk_4.5.0/platform/emlib/src/em_cmu.o
                0x00001de4                CMU_LFXOPrecisionSet
 .text.CMU_HFXOPrecisionSet
                0x00001df0        0xc ./gecko_sdk_4.5.0/platform/emlib/src/em_cmu.o
                0x00001df0                CMU_HFXOPrecisionSet
 .text.CMU_ClockDivSet
                0x00001dfc      0x104 ./gecko_sdk_4.5.0/platform/emlib/src/em_cmu.o
                0x00001dfc                CMU_ClockDivSet
 .text.sli_em_cmu_SYSCLKInitPreClockSelect
                0x00001f00       0x20 ./gecko_sdk_4.5.0/platform/emlib/src/em_cmu.o
                0x00001f00                sli_em_cmu_SYSCLKInitPreClockSelect
 .text.pclkDivOptimize
                0x00001f20       0x24 ./gecko_sdk_4.5.0/platform/emlib/src/em_cmu.o
 .text.__NVIC_GetPriority
                0x00001f44       0x24 ./gecko_sdk_4.5.0/platform/emlib/src/em_core.o
 .text.CORE_NvicIRQDisabled
                0x00001f68       0x34 ./gecko_sdk_4.5.0/platform/emlib/src/em_core.o
                0x00001f68                CORE_NvicIRQDisabled
 .text.CORE_IrqIsBlocked
                0x00001f9c       0x6c ./gecko_sdk_4.5.0/platform/emlib/src/em_core.o
                0x00001f9c                CORE_IrqIsBlocked
 .text.dpllState
                0x00002008       0xa4 ./gecko_sdk_4.5.0/platform/emlib/src/em_emu.o
 .text.EMU_EM23Init
                0x000020ac       0x18 ./gecko_sdk_4.5.0/platform/emlib/src/em_emu.o
                0x000020ac                EMU_EM23Init
 .text.EMU_EnterEM2
                0x000020c4       0x5c ./gecko_sdk_4.5.0/platform/emlib/src/em_emu.o
                0x000020c4                EMU_EnterEM2
 .text.EMU_EnterEM3
                0x00002120       0x54 ./gecko_sdk_4.5.0/platform/emlib/src/em_emu.o
                0x00002120                EMU_EnterEM3
 .text.EMU_EM4Init
                0x00002174       0x14 ./gecko_sdk_4.5.0/platform/emlib/src/em_emu.o
                0x00002174                EMU_EM4Init
 .text.EMU_VScaleEM01
                0x00002188       0xa8 ./gecko_sdk_4.5.0/platform/emlib/src/em_emu.o
                0x00002188                EMU_VScaleEM01
 .text.EMU_VScaleEM01ByClock
                0x00002230       0x30 ./gecko_sdk_4.5.0/platform/emlib/src/em_emu.o
                0x00002230                EMU_VScaleEM01ByClock
 .text.EMU_EM01Init
                0x00002260       0x14 ./gecko_sdk_4.5.0/platform/emlib/src/em_emu.o
                0x00002260                EMU_EM01Init
 .text.EMU_DCDCModeSet
                0x00002274       0xb8 ./gecko_sdk_4.5.0/platform/emlib/src/em_emu.o
                0x00002274                EMU_DCDCModeSet
 .text.EMU_DCDCInit
                0x0000232c       0x74 ./gecko_sdk_4.5.0/platform/emlib/src/em_emu.o
                0x0000232c                EMU_DCDCInit
 .text.EUSART_Reset
                0x000023a0       0x34 ./gecko_sdk_4.5.0/platform/emlib/src/em_eusart.o
                0x000023a0                EUSART_Reset
 .text.EUSART_Enable
                0x000023d4       0x60 ./gecko_sdk_4.5.0/platform/emlib/src/em_eusart.o
                0x000023d4                EUSART_Enable
 .text.EUSART_BaudrateSet
                0x00002434      0x128 ./gecko_sdk_4.5.0/platform/emlib/src/em_eusart.o
                0x00002434                EUSART_BaudrateSet
 .text.EUSART_AsyncInitCommon.constprop.0
                0x0000255c      0x178 ./gecko_sdk_4.5.0/platform/emlib/src/em_eusart.o
 .text.EUSART_UartInitLf
                0x000026d4       0xb4 ./gecko_sdk_4.5.0/platform/emlib/src/em_eusart.o
                0x000026d4                EUSART_UartInitLf
 .text.EUSART_UartInitHf
                0x00002788       0x50 ./gecko_sdk_4.5.0/platform/emlib/src/em_eusart.o
                0x00002788                EUSART_UartInitHf
 .text.EUSART_BaudrateGet
                0x000027d8       0xb4 ./gecko_sdk_4.5.0/platform/emlib/src/em_eusart.o
                0x000027d8                EUSART_BaudrateGet
 .text.BUS_RegBitWrite
                0x0000288c       0x2c ./gecko_sdk_4.5.0/platform/emlib/src/em_gpio.o
 .text.GPIO_PinOutSet
                0x000028b8       0x40 ./gecko_sdk_4.5.0/platform/emlib/src/em_gpio.o
 .text.GPIO_PinOutClear
                0x000028f8       0x40 ./gecko_sdk_4.5.0/platform/emlib/src/em_gpio.o
 .text.GPIO_ExtIntConfig
                0x00002938       0xe0 ./gecko_sdk_4.5.0/platform/emlib/src/em_gpio.o
                0x00002938                GPIO_ExtIntConfig
 .text.GPIO_PinModeSet
                0x00002a18       0x90 ./gecko_sdk_4.5.0/platform/emlib/src/em_gpio.o
                0x00002a18                GPIO_PinModeSet
 .text.GPIO_EM4EnablePinWakeup
                0x00002aa8       0x68 ./gecko_sdk_4.5.0/platform/emlib/src/em_gpio.o
                0x00002aa8                GPIO_EM4EnablePinWakeup
 .text.GPIO_EM4WUExtIntConfig
                0x00002b10       0x60 ./gecko_sdk_4.5.0/platform/emlib/src/em_gpio.o
                0x00002b10                GPIO_EM4WUExtIntConfig
 .text.LDMA_EnableChannelRequest
                0x00002b70       0x40 ./gecko_sdk_4.5.0/platform/emlib/src/em_ldma.o
                0x00002b70                LDMA_EnableChannelRequest
 .text.LDMA_Init
                0x00002bb0       0x94 ./gecko_sdk_4.5.0/platform/emlib/src/em_ldma.o
                0x00002bb0                LDMA_Init
 .text.RTCC_ChannelInit
                0x00002c44       0x48 ./gecko_sdk_4.5.0/platform/emlib/src/em_rtcc.o
                0x00002c44                RTCC_ChannelInit
 .text.RTCC_Enable
                0x00002c8c       0x54 ./gecko_sdk_4.5.0/platform/emlib/src/em_rtcc.o
                0x00002c8c                RTCC_Enable
 .text.RTCC_Init
                0x00002ce0       0x48 ./gecko_sdk_4.5.0/platform/emlib/src/em_rtcc.o
                0x00002ce0                RTCC_Init
 .text.SYSTEM_GetProdRev
                0x00002d28       0x10 ./gecko_sdk_4.5.0/platform/emlib/src/em_system.o
                0x00002d28                SYSTEM_GetProdRev
 .text.sl_device_init_dcdc
                0x00002d38       0x20 ./gecko_sdk_4.5.0/platform/service/device_init/src/sl_device_init_dcdc_s2.o
                0x00002d38                sl_device_init_dcdc
 .text.sl_device_init_emu
                0x00002d58       0x24 ./gecko_sdk_4.5.0/platform/service/device_init/src/sl_device_init_emu_s2.o
                0x00002d58                sl_device_init_emu
 .text.sl_device_init_hfxo
                0x00002d7c       0x70 ./gecko_sdk_4.5.0/platform/service/device_init/src/sl_device_init_hfxo_s2.o
                0x00002d7c                sl_device_init_hfxo
 .text.sl_device_init_lfxo
                0x00002dec       0x2c ./gecko_sdk_4.5.0/platform/service/device_init/src/sl_device_init_lfxo_s2.o
                0x00002dec                sl_device_init_lfxo
 .text.sl_device_init_nvic
                0x00002e18       0x3c ./gecko_sdk_4.5.0/platform/service/device_init/src/sl_device_init_nvic.o
                0x00002e18                sl_device_init_nvic
 .text.sl_iostream_get_default
                0x00002e54       0x18 ./gecko_sdk_4.5.0/platform/service/iostream/src/sl_iostream.o
                0x00002e54                sl_iostream_get_default
 .text._write   0x00002e6c       0x20 ./gecko_sdk_4.5.0/platform/service/iostream/src/sl_iostream_retarget_stdio.o
                0x00002e6c                _write
 .text.get_lowest_em
                0x00002e8c       0x1c ./gecko_sdk_4.5.0/platform/service/power_manager/src/sl_power_manager.o
 .text.power_manager_notify_em_transition
                0x00002ea8       0x74 ./gecko_sdk_4.5.0/platform/service/power_manager/src/sl_power_manager.o
 .text.clock_restore
                0x00002f1c       0x58 ./gecko_sdk_4.5.0/platform/service/power_manager/src/sl_power_manager.o
 .text.on_clock_wakeup_timeout
                0x00002f74       0x24 ./gecko_sdk_4.5.0/platform/service/power_manager/src/sl_power_manager.o
 .text.update_em1_requirement
                0x00002f98       0x68 ./gecko_sdk_4.5.0/platform/service/power_manager/src/sl_power_manager.o
 .text.sl_power_manager_init
                0x00003000       0x64 ./gecko_sdk_4.5.0/platform/service/power_manager/src/sl_power_manager.o
                0x00003000                sl_power_manager_init
 .text.sli_power_manager_update_em_requirement
                0x00003064      0x104 ./gecko_sdk_4.5.0/platform/service/power_manager/src/sl_power_manager.o
                0x00003064                sli_power_manager_update_em_requirement
 .text.sli_power_manager_get_restore_delay
                0x00003168       0x34 ./gecko_sdk_4.5.0/platform/service/power_manager/src/sl_power_manager.o
                0x00003168                sli_power_manager_get_restore_delay
 .text.sli_power_manager_convert_delay_us_to_tick
                0x0000319c       0x20 ./gecko_sdk_4.5.0/platform/service/power_manager/src/sl_power_manager.o
                0x0000319c                sli_power_manager_convert_delay_us_to_tick
 .text.sl_power_manager_sleep
                0x000031bc      0x268 ./gecko_sdk_4.5.0/platform/service/power_manager/src/sl_power_manager.o
                0x000031bc                sl_power_manager_sleep
 .text.sl_power_manager_is_latest_wakeup_internal
                0x00003424       0x20 ./gecko_sdk_4.5.0/platform/service/power_manager/src/sl_power_manager.o
                0x00003424                sl_power_manager_is_latest_wakeup_internal
 .text.sli_power_manager_em23_voltage_scaling_enable_fast_wakeup
                0x00003444       0x50 ./gecko_sdk_4.5.0/platform/service/power_manager/src/sl_power_manager_hal_s2.o
                0x00003444                sli_power_manager_em23_voltage_scaling_enable_fast_wakeup
 .text.sli_power_manager_init_hardware
                0x00003494      0x158 ./gecko_sdk_4.5.0/platform/service/power_manager/src/sl_power_manager_hal_s2.o
                0x00003494                sli_power_manager_init_hardware
 .text.sli_power_manager_save_states
                0x000035ec       0x2c ./gecko_sdk_4.5.0/platform/service/power_manager/src/sl_power_manager_hal_s2.o
                0x000035ec                sli_power_manager_save_states
 .text.EMU_EM23PresleepHook
                0x00003618       0x50 ./gecko_sdk_4.5.0/platform/service/power_manager/src/sl_power_manager_hal_s2.o
                0x00003618                EMU_EM23PresleepHook
 .text.EMU_EM23PostsleepHook
                0x00003668       0x70 ./gecko_sdk_4.5.0/platform/service/power_manager/src/sl_power_manager_hal_s2.o
                0x00003668                EMU_EM23PostsleepHook
 .text.sli_power_manager_handle_pre_deepsleep_operations
                0x000036d8        0xc ./gecko_sdk_4.5.0/platform/service/power_manager/src/sl_power_manager_hal_s2.o
                0x000036d8                sli_power_manager_handle_pre_deepsleep_operations
 .text.sli_power_manager_restore_high_freq_accuracy_clk
                0x000036e4       0xa4 ./gecko_sdk_4.5.0/platform/service/power_manager/src/sl_power_manager_hal_s2.o
                0x000036e4                sli_power_manager_restore_high_freq_accuracy_clk
 .text.sli_power_manager_restore_states
                0x00003788       0x68 ./gecko_sdk_4.5.0/platform/service/power_manager/src/sl_power_manager_hal_s2.o
                0x00003788                sli_power_manager_restore_states
 .text.sli_power_manager_apply_em
                0x000037f0       0x38 ./gecko_sdk_4.5.0/platform/service/power_manager/src/sl_power_manager_hal_s2.o
                0x000037f0                sli_power_manager_apply_em
 .text.sli_power_manager_get_wakeup_process_time_overhead
                0x00003828       0x24 ./gecko_sdk_4.5.0/platform/service/power_manager/src/sl_power_manager_hal_s2.o
                0x00003828                sli_power_manager_get_wakeup_process_time_overhead
 .text.sli_power_manager_is_high_freq_accuracy_clk_used
                0x0000384c        0xc ./gecko_sdk_4.5.0/platform/service/power_manager/src/sl_power_manager_hal_s2.o
                0x0000384c                sli_power_manager_is_high_freq_accuracy_clk_used
 .text.update_delta_list
                0x00003858       0x34 ./gecko_sdk_4.5.0/platform/service/sleeptimer/src/sl_sleeptimer.o
 .text.delta_list_insert_timer
                0x0000388c       0x58 ./gecko_sdk_4.5.0/platform/service/sleeptimer/src/sl_sleeptimer.o
 .text.set_comparator_for_next_timer
                0x000038e4       0x5c ./gecko_sdk_4.5.0/platform/service/sleeptimer/src/sl_sleeptimer.o
 .text.create_timer
                0x00003940       0x88 ./gecko_sdk_4.5.0/platform/service/sleeptimer/src/sl_sleeptimer.o
 .text.delta_list_remove_timer
                0x000039c8       0x38 ./gecko_sdk_4.5.0/platform/service/sleeptimer/src/sl_sleeptimer.o
 .text.sl_sleeptimer_init
                0x00003a00       0x74 ./gecko_sdk_4.5.0/platform/service/sleeptimer/src/sl_sleeptimer.o
                0x00003a00                sl_sleeptimer_init
 .text.sl_sleeptimer_stop_timer
                0x00003a74       0x60 ./gecko_sdk_4.5.0/platform/service/sleeptimer/src/sl_sleeptimer.o
                0x00003a74                sl_sleeptimer_stop_timer
 .text.sl_sleeptimer_is_timer_running
                0x00003ad4       0x3c ./gecko_sdk_4.5.0/platform/service/sleeptimer/src/sl_sleeptimer.o
                0x00003ad4                sl_sleeptimer_is_timer_running
 .text.sl_sleeptimer_get_remaining_time_of_first_timer
                0x00003b10       0x60 ./gecko_sdk_4.5.0/platform/service/sleeptimer/src/sl_sleeptimer.o
                0x00003b10                sl_sleeptimer_get_remaining_time_of_first_timer
 .text.sli_sleeptimer_is_power_manager_timer_next_to_expire
                0x00003b70       0x28 ./gecko_sdk_4.5.0/platform/service/sleeptimer/src/sl_sleeptimer.o
                0x00003b70                sli_sleeptimer_is_power_manager_timer_next_to_expire
 .text.sl_sleeptimer_get_timer_frequency
                0x00003b98        0xc ./gecko_sdk_4.5.0/platform/service/sleeptimer/src/sl_sleeptimer.o
                0x00003b98                sl_sleeptimer_get_timer_frequency
 .text.sl_sleeptimer_ms_to_tick
                0x00003ba4       0x24 ./gecko_sdk_4.5.0/platform/service/sleeptimer/src/sl_sleeptimer.o
                0x00003ba4                sl_sleeptimer_ms_to_tick
 .text.sl_sleeptimer_delay_millisecond
                0x00003bc8       0x38 ./gecko_sdk_4.5.0/platform/service/sleeptimer/src/sl_sleeptimer.o
                0x00003bc8                sl_sleeptimer_delay_millisecond
 .text.process_timer_irq
                0x00003c00      0x154 ./gecko_sdk_4.5.0/platform/service/sleeptimer/src/sl_sleeptimer.o
                0x00003c00                process_timer_irq
 .text.sl_sleeptimer_is_power_manager_early_restore_timer_latest_to_expire
                0x00003d54       0x18 ./gecko_sdk_4.5.0/platform/service/sleeptimer/src/sl_sleeptimer.o
                0x00003d54                sl_sleeptimer_is_power_manager_early_restore_timer_latest_to_expire
 .text.sleeptimer_hal_init_timer
                0x00003d6c       0x7c ./gecko_sdk_4.5.0/platform/service/sleeptimer/src/sl_sleeptimer_hal_rtcc.o
                0x00003d6c                sleeptimer_hal_init_timer
 .text.sleeptimer_hal_set_compare
                0x00003de8       0x64 ./gecko_sdk_4.5.0/platform/service/sleeptimer/src/sl_sleeptimer_hal_rtcc.o
                0x00003de8                sleeptimer_hal_set_compare
 .text.sleeptimer_hal_enable_int
                0x00003e4c       0x18 ./gecko_sdk_4.5.0/platform/service/sleeptimer/src/sl_sleeptimer_hal_rtcc.o
                0x00003e4c                sleeptimer_hal_enable_int
 .text.sleeptimer_hal_disable_int
                0x00003e64       0x2c ./gecko_sdk_4.5.0/platform/service/sleeptimer/src/sl_sleeptimer_hal_rtcc.o
                0x00003e64                sleeptimer_hal_disable_int
 .text.sleeptimer_hal_set_int
                0x00003e90       0x10 ./gecko_sdk_4.5.0/platform/service/sleeptimer/src/sl_sleeptimer_hal_rtcc.o
                0x00003e90                sleeptimer_hal_set_int
 .text.RTCC_IRQHandler
                0x00003ea0       0x34 ./gecko_sdk_4.5.0/platform/service/sleeptimer/src/sl_sleeptimer_hal_rtcc.o
                0x00003ea0                RTCC_IRQHandler
 .text.sli_sleeptimer_set_pm_em_requirement
                0x00003ed4       0x30 ./gecko_sdk_4.5.0/platform/service/sleeptimer/src/sl_sleeptimer_hal_rtcc.o
                0x00003ed4                sli_sleeptimer_set_pm_em_requirement
 .text          0x00003f04       0x30 c:/siliconlabs/simplicitystudio/v5/developer/toolchains/gnu_arm/12.2.rel1_2023.7/bin/../lib/gcc/arm-none-eabi/12.2.1/thumb/v8-m.main+fp/hard\libgcc.a(_aeabi_uldivmod.o)
                0x00003f04                __aeabi_uldivmod
 .text.__udivmoddi4
                0x00003f34      0x2ec c:/siliconlabs/simplicitystudio/v5/developer/toolchains/gnu_arm/12.2.rel1_2023.7/bin/../lib/gcc/arm-none-eabi/12.2.1/thumb/v8-m.main+fp/hard\libgcc.a(_udivmoddi4.o)
                0x00003f34                __udivmoddi4
 .text          0x00004220        0x4 c:/siliconlabs/simplicitystudio/v5/developer/toolchains/gnu_arm/12.2.rel1_2023.7/bin/../lib/gcc/arm-none-eabi/12.2.1/thumb/v8-m.main+fp/hard\libgcc.a(_dvmd_tls.o)
                0x00004220                __aeabi_idiv0
                0x00004220                __aeabi_ldiv0
 .text.exit     0x00004224       0x24 c:/siliconlabs/simplicitystudio/v5/developer/toolchains/gnu_arm/12.2.rel1_2023.7/bin/../lib/gcc/arm-none-eabi/12.2.1/thumb/v8-m.main+fp/hard\libc_nano.a(libc_a-exit.o)
                0x00004224                exit
 .text.std      0x00004248       0x6c c:/siliconlabs/simplicitystudio/v5/developer/toolchains/gnu_arm/12.2.rel1_2023.7/bin/../lib/gcc/arm-none-eabi/12.2.1/thumb/v8-m.main+fp/hard\libc_nano.a(libc_a-findfp.o)
 .text.stdio_exit_handler
                0x000042b4       0x18 c:/siliconlabs/simplicitystudio/v5/developer/toolchains/gnu_arm/12.2.rel1_2023.7/bin/../lib/gcc/arm-none-eabi/12.2.1/thumb/v8-m.main+fp/hard\libc_nano.a(libc_a-findfp.o)
 .text.cleanup_stdio
                0x000042cc       0x40 c:/siliconlabs/simplicitystudio/v5/developer/toolchains/gnu_arm/12.2.rel1_2023.7/bin/../lib/gcc/arm-none-eabi/12.2.1/thumb/v8-m.main+fp/hard\libc_nano.a(libc_a-findfp.o)
 .text.global_stdio_init.part.0
                0x0000430c       0x3c c:/siliconlabs/simplicitystudio/v5/developer/toolchains/gnu_arm/12.2.rel1_2023.7/bin/../lib/gcc/arm-none-eabi/12.2.1/thumb/v8-m.main+fp/hard\libc_nano.a(libc_a-findfp.o)
 .text.__sfp_lock_acquire
                0x00004348        0xc c:/siliconlabs/simplicitystudio/v5/developer/toolchains/gnu_arm/12.2.rel1_2023.7/bin/../lib/gcc/arm-none-eabi/12.2.1/thumb/v8-m.main+fp/hard\libc_nano.a(libc_a-findfp.o)
                0x00004348                __sfp_lock_acquire
 .text.__sfp_lock_release
                0x00004354        0xc c:/siliconlabs/simplicitystudio/v5/developer/toolchains/gnu_arm/12.2.rel1_2023.7/bin/../lib/gcc/arm-none-eabi/12.2.1/thumb/v8-m.main+fp/hard\libc_nano.a(libc_a-findfp.o)
                0x00004354                __sfp_lock_release
 .text.__sinit  0x00004360       0x30 c:/siliconlabs/simplicitystudio/v5/developer/toolchains/gnu_arm/12.2.rel1_2023.7/bin/../lib/gcc/arm-none-eabi/12.2.1/thumb/v8-m.main+fp/hard\libc_nano.a(libc_a-findfp.o)
                0x00004360                __sinit
 .text.printf   0x00004390       0x24 c:/siliconlabs/simplicitystudio/v5/developer/toolchains/gnu_arm/12.2.rel1_2023.7/bin/../lib/gcc/arm-none-eabi/12.2.1/thumb/v8-m.main+fp/hard\libc_nano.a(libc_a-printf.o)
                0x00004390                iprintf
                0x00004390                printf
 .text._close_r
                0x000043b4       0x20 c:/siliconlabs/simplicitystudio/v5/developer/toolchains/gnu_arm/12.2.rel1_2023.7/bin/../lib/gcc/arm-none-eabi/12.2.1/thumb/v8-m.main+fp/hard\libc_nano.a(libc_a-closer.o)
                0x000043b4                _close_r
 .text._lseek_r
                0x000043d4       0x24 c:/siliconlabs/simplicitystudio/v5/developer/toolchains/gnu_arm/12.2.rel1_2023.7/bin/../lib/gcc/arm-none-eabi/12.2.1/thumb/v8-m.main+fp/hard\libc_nano.a(libc_a-lseekr.o)
                0x000043d4                _lseek_r
 .text._read_r  0x000043f8       0x24 c:/siliconlabs/simplicitystudio/v5/developer/toolchains/gnu_arm/12.2.rel1_2023.7/bin/../lib/gcc/arm-none-eabi/12.2.1/thumb/v8-m.main+fp/hard\libc_nano.a(libc_a-readr.o)
                0x000043f8                _read_r
 .text._write_r
                0x0000441c       0x24 c:/siliconlabs/simplicitystudio/v5/developer/toolchains/gnu_arm/12.2.rel1_2023.7/bin/../lib/gcc/arm-none-eabi/12.2.1/thumb/v8-m.main+fp/hard\libc_nano.a(libc_a-writer.o)
                0x0000441c                _write_r
 .text.__libc_init_array
                0x00004440       0x48 c:/siliconlabs/simplicitystudio/v5/developer/toolchains/gnu_arm/12.2.rel1_2023.7/bin/../lib/gcc/arm-none-eabi/12.2.1/thumb/v8-m.main+fp/hard\libc_nano.a(libc_a-init.o)
                0x00004440                __libc_init_array
 .text._free_r  0x00004488       0x94 c:/siliconlabs/simplicitystudio/v5/developer/toolchains/gnu_arm/12.2.rel1_2023.7/bin/../lib/gcc/arm-none-eabi/12.2.1/thumb/v8-m.main+fp/hard\libc_nano.a(libc_a-freer.o)
                0x00004488                _free_r
 .text.sbrk_aligned
                0x0000451c       0x44 c:/siliconlabs/simplicitystudio/v5/developer/toolchains/gnu_arm/12.2.rel1_2023.7/bin/../lib/gcc/arm-none-eabi/12.2.1/thumb/v8-m.main+fp/hard\libc_nano.a(libc_a-mallocr.o)
 .text._malloc_r
                0x00004560       0xf0 c:/siliconlabs/simplicitystudio/v5/developer/toolchains/gnu_arm/12.2.rel1_2023.7/bin/../lib/gcc/arm-none-eabi/12.2.1/thumb/v8-m.main+fp/hard\libc_nano.a(libc_a-mallocr.o)
                0x00004560                _malloc_r
 .text.__malloc_lock
                0x00004650        0xc c:/siliconlabs/simplicitystudio/v5/developer/toolchains/gnu_arm/12.2.rel1_2023.7/bin/../lib/gcc/arm-none-eabi/12.2.1/thumb/v8-m.main+fp/hard\libc_nano.a(libc_a-mlock.o)
                0x00004650                __malloc_lock
 .text.__malloc_unlock
                0x0000465c        0xc c:/siliconlabs/simplicitystudio/v5/developer/toolchains/gnu_arm/12.2.rel1_2023.7/bin/../lib/gcc/arm-none-eabi/12.2.1/thumb/v8-m.main+fp/hard\libc_nano.a(libc_a-mlock.o)
                0x0000465c                __malloc_unlock
 .text._vfprintf_r
                0x00004668      0x230 c:/siliconlabs/simplicitystudio/v5/developer/toolchains/gnu_arm/12.2.rel1_2023.7/bin/../lib/gcc/arm-none-eabi/12.2.1/thumb/v8-m.main+fp/hard\libc_nano.a(libc_a-nano-vfprintf.o)
                0x00004668                _vfprintf_r
                0x00004668                _vfiprintf_r
 .text._printf_i
                0x00004898      0x258 c:/siliconlabs/simplicitystudio/v5/developer/toolchains/gnu_arm/12.2.rel1_2023.7/bin/../lib/gcc/arm-none-eabi/12.2.1/thumb/v8-m.main+fp/hard\libc_nano.a(libc_a-nano-vfprintf_i.o)
                0x00004898                _printf_i
 .text.__swsetup_r
                0x00004af0       0xac c:/siliconlabs/simplicitystudio/v5/developer/toolchains/gnu_arm/12.2.rel1_2023.7/bin/../lib/gcc/arm-none-eabi/12.2.1/thumb/v8-m.main+fp/hard\libc_nano.a(libc_a-wsetup.o)
                0x00004af0                __swsetup_r
 .text._sbrk_r  0x00004b9c       0x20 c:/siliconlabs/simplicitystudio/v5/developer/toolchains/gnu_arm/12.2.rel1_2023.7/bin/../lib/gcc/arm-none-eabi/12.2.1/thumb/v8-m.main+fp/hard\libc_nano.a(libc_a-sbrkr.o)
                0x00004b9c                _sbrk_r
 .text._fstat_r
                0x00004bbc       0x24 c:/siliconlabs/simplicitystudio/v5/developer/toolchains/gnu_arm/12.2.rel1_2023.7/bin/../lib/gcc/arm-none-eabi/12.2.1/thumb/v8-m.main+fp/hard\libc_nano.a(libc_a-fstatr.o)
                0x00004bbc                _fstat_r
 .text._isatty_r
                0x00004be0       0x20 c:/siliconlabs/simplicitystudio/v5/developer/toolchains/gnu_arm/12.2.rel1_2023.7/bin/../lib/gcc/arm-none-eabi/12.2.1/thumb/v8-m.main+fp/hard\libc_nano.a(libc_a-isattyr.o)
                0x00004be0                _isatty_r
 .text.startup.main
                0x00004c00       0x18 ./main.o
                0x00004c00                main
 .text.sl_board_default_init
                0x00004c18        0x4 ./autogen/sl_board_default_init.o
                0x00004c18                sl_board_default_init
 .text.sl_driver_init
                0x00004c1c       0x1e ./autogen/sl_event_handler.o
                0x00004c1c                sl_driver_init
 .text.sl_service_init
                0x00004c3a        0xe ./autogen/sl_event_handler.o
                0x00004c3a                sl_service_init
 .text.sl_stack_init
                0x00004c48        0x2 ./autogen/sl_event_handler.o
                0x00004c48                sl_stack_init
 .text.sl_internal_app_init
                0x00004c4a        0x4 ./autogen/sl_event_handler.o
                0x00004c4a                sl_internal_app_init
 .text.sl_platform_process_action
                0x00004c4e        0x2 ./autogen/sl_event_handler.o
                0x00004c4e                sl_platform_process_action
 .text.sl_service_process_action
                0x00004c50        0x4 ./autogen/sl_event_handler.o
                0x00004c50                sl_service_process_action
 .text.sl_stack_process_action
                0x00004c54        0x2 ./autogen/sl_event_handler.o
                0x00004c54                sl_stack_process_action
 .text.sl_internal_app_process_action
                0x00004c56        0x2 ./autogen/sl_event_handler.o
                0x00004c56                sl_internal_app_process_action
 .text.app_is_ok_to_sleep
                0x00004c58        0x4 ./autogen/sl_power_manager_handler.o
                0x00004c58                app_is_ok_to_sleep
 .text.app_sleep_on_isr_exit
                0x00004c5c        0x4 ./autogen/sl_power_manager_handler.o
                0x00004c5c                app_sleep_on_isr_exit
 .text.sl_power_manager_is_ok_to_sleep
                0x00004c60       0x14 ./autogen/sl_power_manager_handler.o
                0x00004c60                sl_power_manager_is_ok_to_sleep
 .text.sl_power_manager_sleep_on_isr_exit
                0x00004c74       0x4c ./autogen/sl_power_manager_handler.o
                0x00004c74                sl_power_manager_sleep_on_isr_exit
 .text.app_button_press_cb
                0x00004cc0        0x2 ./gecko_sdk_4.5.0/app/common/util/app_button_press/app_button_press.o
                0x00004cc0                app_button_press_cb
 .text.sl_board_configure_vcom
                0x00004cc2        0x4 ./gecko_sdk_4.5.0/hardware/board/src/sl_board_control_gpio.o
                0x00004cc2                sl_board_configure_vcom
 .text.sl_board_disable_vcom
                0x00004cc6        0x4 ./gecko_sdk_4.5.0/hardware/board/src/sl_board_control_gpio.o
                0x00004cc6                sl_board_disable_vcom
 .text.sl_board_init
                0x00004cca       0x12 ./gecko_sdk_4.5.0/hardware/board/src/sl_board_init.o
                0x00004cca                sl_board_init
 .text.sl_board_preinit
                0x00004cdc        0x8 ./gecko_sdk_4.5.0/hardware/board/src/sl_board_init.o
                0x00004cdc                sl_board_preinit
 .text.sli_cos_swo_itm_8_write.constprop.0.isra.0
                0x00004ce4       0x78 ./gecko_sdk_4.5.0/hardware/driver/configuration_over_swo/src/sl_cos.o
 .text.Default_Handler
                0x00004d5c        0x2 ./gecko_sdk_4.5.0/platform/Device/SiliconLabs/EFR32BG22/Source/startup_efr32bg22.o
                0x00004d5c                ULFRCO_IRQHandler
                0x00004d5c                SW2_IRQHandler
                0x00004d5c                TIMER2_IRQHandler
                0x00004d5c                DebugMon_Handler
                0x00004d5c                PKE_IRQHandler
                0x00004d5c                USART0_TX_IRQHandler
                0x00004d5c                PRORTC_IRQHandler
                0x00004d5c                IADC_IRQHandler
                0x00004d5c                I2C0_IRQHandler
                0x00004d5c                LFXO_IRQHandler
                0x00004d5c                CRYPTOACC_IRQHandler
                0x00004d5c                HardFault_Handler
                0x00004d5c                SMU_SECURE_IRQHandler
                0x00004d5c                SysTick_Handler
                0x00004d5c                USART1_RX_IRQHandler
                0x00004d5c                EMUEFP_IRQHandler
                0x00004d5c                PendSV_Handler
                0x00004d5c                NMI_Handler
                0x00004d5c                SYNTH_IRQHandler
                0x00004d5c                HFXO0_IRQHandler
                0x00004d5c                I2C1_IRQHandler
                0x00004d5c                PDM_IRQHandler
                0x00004d5c                WDOG0_IRQHandler
                0x00004d5c                TIMER3_IRQHandler
                0x00004d5c                SYSCFG_IRQHandler
                0x00004d5c                EMUSE_IRQHandler
                0x00004d5c                EMUDG_IRQHandler
                0x00004d5c                USART1_TX_IRQHandler
                0x00004d5c                MSC_IRQHandler
                0x00004d5c                DPLL0_IRQHandler
                0x00004d5c                UsageFault_Handler
                0x00004d5c                M33CTI1_IRQHandler
                0x00004d5c                TIMER4_IRQHandler
                0x00004d5c                SW0_IRQHandler
                0x00004d5c                TIMER0_IRQHandler
                0x00004d5c                LETIMER0_IRQHandler
                0x00004d5c                TIMER1_IRQHandler
                0x00004d5c                HFRCO0_IRQHandler
                0x00004d5c                RFSENSE_IRQHandler
                0x00004d5c                SecureFault_Handler
                0x00004d5c                BUFC_IRQHandler
                0x00004d5c                DCDC_IRQHandler
                0x00004d5c                MODEM_IRQHandler
                0x00004d5c                Default_Handler
                0x00004d5c                RAC_SEQ_IRQHandler
                0x00004d5c                FRC_PRI_IRQHandler
                0x00004d5c                EMU_IRQHandler
                0x00004d5c                SW3_IRQHandler
                0x00004d5c                KERNEL0_IRQHandler
                0x00004d5c                FRC_IRQHandler
                0x00004d5c                KERNEL1_IRQHandler
                0x00004d5c                AGC_IRQHandler
                0x00004d5c                sl_app_properties
                0x00004d5c                BURTC_IRQHandler
                0x00004d5c                LFRCO_IRQHandler
                0x00004d5c                USART0_RX_IRQHandler
                0x00004d5c                MemManage_Handler
                0x00004d5c                RDMAILBOX_IRQHandler
                0x00004d5c                SVC_Handler
                0x00004d5c                SMU_S_PRIVILEGED_IRQHandler
                0x00004d5c                SW1_IRQHandler
                0x00004d5c                CMU_IRQHandler
                0x00004d5c                RAC_RSM_IRQHandler
                0x00004d5c                EUART0_TX_IRQHandler
                0x00004d5c                EUART0_RX_IRQHandler
                0x00004d5c                AES_IRQHandler
                0x00004d5c                M33CTI0_IRQHandler
                0x00004d5c                ICACHE0_IRQHandler
                0x00004d5c                SMU_NS_PRIVILEGED_IRQHandler
                0x00004d5c                PROTIMER_IRQHandler
                0x00004d5c                BusFault_Handler
                0x00004d5c                TRNG_IRQHandler
 .text.FlashToRamCopy
                0x00004d5e       0x16 ./gecko_sdk_4.5.0/platform/Device/SiliconLabs/EFR32BG22/Source/system_efr32bg22.o
                0x00004d5e                FlashToRamCopy
 .text.SystemCLKIN0Get
                0x00004d74        0x4 ./gecko_sdk_4.5.0/platform/Device/SiliconLabs/EFR32BG22/Source/system_efr32bg22.o
                0x00004d74                SystemCLKIN0Get
 .text.SystemLFRCOClockGet
                0x00004d78        0x6 ./gecko_sdk_4.5.0/platform/Device/SiliconLabs/EFR32BG22/Source/system_efr32bg22.o
                0x00004d78                SystemLFRCOClockGet
 .text.SystemULFRCOClockGet
                0x00004d7e        0x6 ./gecko_sdk_4.5.0/platform/Device/SiliconLabs/EFR32BG22/Source/system_efr32bg22.o
                0x00004d7e                SystemULFRCOClockGet
 .text.assertEFM
                0x00004d84        0x2 ./gecko_sdk_4.5.0/platform/common/src/sl_assert.o
                0x00004d84                assertEFM
 .text.sl_slist_init
                0x00004d86        0x6 ./gecko_sdk_4.5.0/platform/common/src/sl_slist.o
                0x00004d86                sl_slist_init
 .text.sl_button_init
                0x00004d8c        0xa ./gecko_sdk_4.5.0/platform/driver/button/src/sl_button.o
                0x00004d8c                sl_button_init
 .text.sl_button_get_state
                0x00004d96        0xa ./gecko_sdk_4.5.0/platform/driver/button/src/sl_button.o
                0x00004d96                sl_button_get_state
 .text.sli_simple_button_on_change
                0x00004da0       0x28 ./gecko_sdk_4.5.0/platform/driver/button/src/sl_simple_button.o
 .text.sl_simple_button_get_state
                0x00004dc8        0x6 ./gecko_sdk_4.5.0/platform/driver/button/src/sl_simple_button.o
                0x00004dc8                sl_simple_button_get_state
 .text.sl_simple_button_poll_step
                0x00004dce       0x52 ./gecko_sdk_4.5.0/platform/driver/button/src/sl_simple_button.o
                0x00004dce                sl_simple_button_poll_step
 .text.sl_simple_button_enable
                0x00004e20       0x12 ./gecko_sdk_4.5.0/platform/driver/button/src/sl_simple_button.o
                0x00004e20                sl_simple_button_enable
 .text.sl_simple_button_disable
                0x00004e32       0x30 ./gecko_sdk_4.5.0/platform/driver/button/src/sl_simple_button.o
                0x00004e32                sl_simple_button_disable
 .text.sl_debug_swo_enable_itm
                0x00004e62       0x16 ./gecko_sdk_4.5.0/platform/driver/debug/src/sl_debug_swo.o
                0x00004e62                sl_debug_swo_enable_itm
 .text.sl_debug_swo_disable_itm
                0x00004e78       0x18 ./gecko_sdk_4.5.0/platform/driver/debug/src/sl_debug_swo.o
                0x00004e78                sl_debug_swo_disable_itm
 .text.sl_led_init
                0x00004e90        0x6 ./gecko_sdk_4.5.0/platform/driver/leddrv/src/sl_led.o
                0x00004e90                sl_led_init
 .text.sl_simple_led_init
                0x00004e96       0x22 ./gecko_sdk_4.5.0/platform/driver/leddrv/src/sl_simple_led.o
                0x00004e96                sl_simple_led_init
 .text.sl_simple_led_turn_on
                0x00004eb8       0x12 ./gecko_sdk_4.5.0/platform/driver/leddrv/src/sl_simple_led.o
                0x00004eb8                sl_simple_led_turn_on
 .text.sl_simple_led_turn_off
                0x00004eca       0x12 ./gecko_sdk_4.5.0/platform/driver/leddrv/src/sl_simple_led.o
                0x00004eca                sl_simple_led_turn_off
 .text.ConfigGpio
                0x00004edc       0xde ./gecko_sdk_4.5.0/platform/emdrv/uartdrv/src/uartdrv.o
 .text.FcApplyState
                0x00004fba       0x5c ./gecko_sdk_4.5.0/platform/emdrv/uartdrv/src/uartdrv.o
 .text.waitStateMax
                0x00005016       0x10 ./gecko_sdk_4.5.0/platform/emlib/src/em_cmu.o
 .text.CMU_UpdateWaitStates
                0x00005026        0xc ./gecko_sdk_4.5.0/platform/emlib/src/em_cmu.o
                0x00005026                CMU_UpdateWaitStates
 .text.pclkDivMax
                0x00005032        0xa ./gecko_sdk_4.5.0/platform/emlib/src/em_cmu.o
 .text.sli_em_cmu_SYSCLKInitPostClockSelect
                0x0000503c       0x2a ./gecko_sdk_4.5.0/platform/emlib/src/em_cmu.o
                0x0000503c                sli_em_cmu_SYSCLKInitPostClockSelect
 .text.CORE_EnterCritical
                0x00005066        0x8 ./gecko_sdk_4.5.0/platform/emlib/src/em_core.o
                0x00005066                CORE_EnterCritical
 .text.CORE_ExitCritical
                0x0000506e        0x6 ./gecko_sdk_4.5.0/platform/emlib/src/em_core.o
                0x0000506e                CORE_ExitCritical
 .text.CORE_EnterAtomic
                0x00005074        0xc ./gecko_sdk_4.5.0/platform/emlib/src/em_core.o
                0x00005074                CORE_EnterAtomic
 .text.CORE_ExitAtomic
                0x00005080        0x6 ./gecko_sdk_4.5.0/platform/emlib/src/em_core.o
                0x00005080                CORE_ExitAtomic
 .text.EMU_EFPEM23PresleepHook
                0x00005086        0x2 ./gecko_sdk_4.5.0/platform/emlib/src/em_emu.o
                0x00005086                EMU_EFPEM23PresleepHook
 .text.EMU_EFPEM23PostsleepHook
                0x00005088        0x2 ./gecko_sdk_4.5.0/platform/emlib/src/em_emu.o
                0x00005088                EMU_EFPEM23PostsleepHook
 .text.EMU_Save
                0x0000508a        0x6 ./gecko_sdk_4.5.0/platform/emlib/src/em_emu.o
                0x0000508a                EMU_Save
 .text.EMU_Restore
                0x00005090        0x6 ./gecko_sdk_4.5.0/platform/emlib/src/em_emu.o
                0x00005090                EMU_Restore
 .text.EMU_EFPEM01VScale
                0x00005096        0x2 ./gecko_sdk_4.5.0/platform/emlib/src/em_emu.o
                0x00005096                EMU_EFPEM01VScale
 .text.EMU_DCDCUpdatedHook
                0x00005098        0x2 ./gecko_sdk_4.5.0/platform/emlib/src/em_emu.o
                0x00005098                EMU_DCDCUpdatedHook
 .text.eusart_sync
                0x0000509a        0x8 ./gecko_sdk_4.5.0/platform/emlib/src/em_eusart.o
 .text.EUSART_Disable
                0x000050a2       0x3a ./gecko_sdk_4.5.0/platform/emlib/src/em_eusart.o
 .text.EUSART_Tx
                0x000050dc        0xa ./gecko_sdk_4.5.0/platform/emlib/src/em_eusart.o
                0x000050dc                EUSART_Tx
 .text.BUS_RegMaskedWrite
                0x000050e6       0x1e ./gecko_sdk_4.5.0/platform/emlib/src/em_gpio.o
 .text.GPIO_DbgLocationSet
                0x00005104        0x2 ./gecko_sdk_4.5.0/platform/emlib/src/em_gpio.o
                0x00005104                GPIO_DbgLocationSet
 .text.RTCC_SyncWait
                0x00005106       0x10 ./gecko_sdk_4.5.0/platform/emlib/src/em_rtcc.o
 .text.USART_Tx
                0x00005116        0xa ./gecko_sdk_4.5.0/platform/emlib/src/em_usart.o
                0x00005116                USART_Tx
 .text.sl_iostream_write
                0x00005120       0x22 ./gecko_sdk_4.5.0/platform/service/iostream/src/sl_iostream.o
                0x00005120                sl_iostream_write
 .text.sl_iostream_read
                0x00005142       0x30 ./gecko_sdk_4.5.0/platform/service/iostream/src/sl_iostream.o
                0x00005142                sl_iostream_read
 .text._close   0x00005172        0x4 ./gecko_sdk_4.5.0/platform/service/iostream/src/sl_iostream_retarget_stdio.o
                0x00005172                _close
 .text._exit    0x00005176        0x2 ./gecko_sdk_4.5.0/platform/service/iostream/src/sl_iostream_retarget_stdio.o
                0x00005176                _exit
 .text._fstat   0x00005178        0xa ./gecko_sdk_4.5.0/platform/service/iostream/src/sl_iostream_retarget_stdio.o
                0x00005178                _fstat
 .text._isatty  0x00005182        0x4 ./gecko_sdk_4.5.0/platform/service/iostream/src/sl_iostream_retarget_stdio.o
                0x00005182                _isatty
 .text._lseek   0x00005186        0x4 ./gecko_sdk_4.5.0/platform/service/iostream/src/sl_iostream_retarget_stdio.o
                0x00005186                _lseek
 .text._read    0x0000518a       0x1c ./gecko_sdk_4.5.0/platform/service/iostream/src/sl_iostream_retarget_stdio.o
                0x0000518a                _read
 .text.sli_power_manager_initiate_restore
                0x000051a6       0x16 ./gecko_sdk_4.5.0/platform/service/power_manager/src/sl_power_manager.o
                0x000051a6                sli_power_manager_initiate_restore
 .text.sli_power_manager_is_high_freq_accuracy_clk_ready
                0x000051bc        0x4 ./gecko_sdk_4.5.0/platform/service/power_manager/src/sl_power_manager_hal_s2.o
                0x000051bc                sli_power_manager_is_high_freq_accuracy_clk_ready
 .text.sli_power_manager_get_default_high_frequency_minimum_offtime
                0x000051c0        0x8 ./gecko_sdk_4.5.0/platform/service/power_manager/src/sl_power_manager_hal_s2.o
                0x000051c0                sli_power_manager_get_default_high_frequency_minimum_offtime
 .text.sli_power_manager_low_frequency_restore
                0x000051c8        0x2 ./gecko_sdk_4.5.0/platform/service/power_manager/src/sl_power_manager_hal_s2.o
                0x000051c8                sli_power_manager_low_frequency_restore
 .text.delay_callback
                0x000051ca        0x6 ./gecko_sdk_4.5.0/platform/service/sleeptimer/src/sl_sleeptimer.o
 .text.sl_sleeptimer_restart_timer
                0x000051d0       0x3e ./gecko_sdk_4.5.0/platform/service/sleeptimer/src/sl_sleeptimer.o
                0x000051d0                sl_sleeptimer_restart_timer
 .text.sl_sleeptimer_start_timer
                0x0000520e       0x48 ./gecko_sdk_4.5.0/platform/service/sleeptimer/src/sl_sleeptimer.o
                0x0000520e                sl_sleeptimer_start_timer
 .text.sl_sleeptimer_get_tick_count
                0x00005256       0x18 ./gecko_sdk_4.5.0/platform/service/sleeptimer/src/sl_sleeptimer.o
                0x00005256                sl_sleeptimer_get_tick_count
 .text.CMU_PrescToLog2.constprop.0
                0x0000526e        0x4 ./gecko_sdk_4.5.0/platform/service/sleeptimer/src/sl_sleeptimer_hal_rtcc.o
 .text.sleeptimer_hal_get_counter
                0x00005272        0xe ./gecko_sdk_4.5.0/platform/service/sleeptimer/src/sl_sleeptimer_hal_rtcc.o
                0x00005272                sleeptimer_hal_get_counter
 .text.sli_sleeptimer_hal_is_int_status_set
                0x00005280       0x1e ./gecko_sdk_4.5.0/platform/service/sleeptimer/src/sl_sleeptimer_hal_rtcc.o
                0x00005280                sli_sleeptimer_hal_is_int_status_set
 .text.sleeptimer_hal_get_timer_frequency
                0x0000529e       0x14 ./gecko_sdk_4.5.0/platform/service/sleeptimer/src/sl_sleeptimer_hal_rtcc.o
                0x0000529e                sleeptimer_hal_get_timer_frequency
 .text.sl_system_init
                0x000052b2       0x1a ./gecko_sdk_4.5.0/platform/service/system/src/sl_system_init.o
                0x000052b2                sl_system_init
 .text.sl_system_process_action
                0x000052cc       0x16 ./gecko_sdk_4.5.0/platform/service/system/src/sl_system_process_action.o
                0x000052cc                sl_system_process_action
 .text._fwalk_sglue
                0x000052e2       0x3c c:/siliconlabs/simplicitystudio/v5/developer/toolchains/gnu_arm/12.2.rel1_2023.7/bin/../lib/gcc/arm-none-eabi/12.2.1/thumb/v8-m.main+fp/hard\libc_nano.a(libc_a-fwalk.o)
                0x000052e2                _fwalk_sglue
 .text.__sread  0x0000531e       0x22 c:/siliconlabs/simplicitystudio/v5/developer/toolchains/gnu_arm/12.2.rel1_2023.7/bin/../lib/gcc/arm-none-eabi/12.2.1/thumb/v8-m.main+fp/hard\libc_nano.a(libc_a-stdio.o)
                0x0000531e                __sread
 .text.__swrite
                0x00005340       0x38 c:/siliconlabs/simplicitystudio/v5/developer/toolchains/gnu_arm/12.2.rel1_2023.7/bin/../lib/gcc/arm-none-eabi/12.2.1/thumb/v8-m.main+fp/hard\libc_nano.a(libc_a-stdio.o)
                0x00005340                __swrite
 .text.__sseek  0x00005378       0x24 c:/siliconlabs/simplicitystudio/v5/developer/toolchains/gnu_arm/12.2.rel1_2023.7/bin/../lib/gcc/arm-none-eabi/12.2.1/thumb/v8-m.main+fp/hard\libc_nano.a(libc_a-stdio.o)
                0x00005378                __sseek
 .text.__sclose
                0x0000539c        0x8 c:/siliconlabs/simplicitystudio/v5/developer/toolchains/gnu_arm/12.2.rel1_2023.7/bin/../lib/gcc/arm-none-eabi/12.2.1/thumb/v8-m.main+fp/hard\libc_nano.a(libc_a-stdio.o)
                0x0000539c                __sclose
 .text.memset   0x000053a4       0x10 c:/siliconlabs/simplicitystudio/v5/developer/toolchains/gnu_arm/12.2.rel1_2023.7/bin/../lib/gcc/arm-none-eabi/12.2.1/thumb/v8-m.main+fp/hard\libc_nano.a(libc_a-memset.o)
                0x000053a4                memset
 .text.__retarget_lock_init_recursive
                0x000053b4        0x2 c:/siliconlabs/simplicitystudio/v5/developer/toolchains/gnu_arm/12.2.rel1_2023.7/bin/../lib/gcc/arm-none-eabi/12.2.1/thumb/v8-m.main+fp/hard\libc_nano.a(libc_a-lock.o)
                0x000053b4                __retarget_lock_init_recursive
 .text.__retarget_lock_acquire_recursive
                0x000053b6        0x2 c:/siliconlabs/simplicitystudio/v5/developer/toolchains/gnu_arm/12.2.rel1_2023.7/bin/../lib/gcc/arm-none-eabi/12.2.1/thumb/v8-m.main+fp/hard\libc_nano.a(libc_a-lock.o)
                0x000053b6                __retarget_lock_acquire_recursive
 .text.__retarget_lock_release_recursive
                0x000053b8        0x2 c:/siliconlabs/simplicitystudio/v5/developer/toolchains/gnu_arm/12.2.rel1_2023.7/bin/../lib/gcc/arm-none-eabi/12.2.1/thumb/v8-m.main+fp/hard\libc_nano.a(libc_a-lock.o)
                0x000053b8                __retarget_lock_release_recursive
 .text.__sfputc_r
                0x000053ba       0x2e c:/siliconlabs/simplicitystudio/v5/developer/toolchains/gnu_arm/12.2.rel1_2023.7/bin/../lib/gcc/arm-none-eabi/12.2.1/thumb/v8-m.main+fp/hard\libc_nano.a(libc_a-nano-vfprintf.o)
 .text.__sfputs_r
                0x000053e8       0x24 c:/siliconlabs/simplicitystudio/v5/developer/toolchains/gnu_arm/12.2.rel1_2023.7/bin/../lib/gcc/arm-none-eabi/12.2.1/thumb/v8-m.main+fp/hard\libc_nano.a(libc_a-nano-vfprintf.o)
                0x000053e8                __sfputs_r
 .text._printf_common
                0x0000540c       0xe4 c:/siliconlabs/simplicitystudio/v5/developer/toolchains/gnu_arm/12.2.rel1_2023.7/bin/../lib/gcc/arm-none-eabi/12.2.1/thumb/v8-m.main+fp/hard\libc_nano.a(libc_a-nano-vfprintf_i.o)
                0x0000540c                _printf_common
 .text.__sflush_r
                0x000054f0      0x106 c:/siliconlabs/simplicitystudio/v5/developer/toolchains/gnu_arm/12.2.rel1_2023.7/bin/../lib/gcc/arm-none-eabi/12.2.1/thumb/v8-m.main+fp/hard\libc_nano.a(libc_a-fflush.o)
                0x000054f0                __sflush_r
 .text._fflush_r
                0x000055f6       0x50 c:/siliconlabs/simplicitystudio/v5/developer/toolchains/gnu_arm/12.2.rel1_2023.7/bin/../lib/gcc/arm-none-eabi/12.2.1/thumb/v8-m.main+fp/hard\libc_nano.a(libc_a-fflush.o)
                0x000055f6                _fflush_r
 .text.__swbuf_r
                0x00005646       0x7c c:/siliconlabs/simplicitystudio/v5/developer/toolchains/gnu_arm/12.2.rel1_2023.7/bin/../lib/gcc/arm-none-eabi/12.2.1/thumb/v8-m.main+fp/hard\libc_nano.a(libc_a-wbuf.o)
                0x00005646                __swbuf_r
 .text.memchr   0x000056c2       0x1c c:/siliconlabs/simplicitystudio/v5/developer/toolchains/gnu_arm/12.2.rel1_2023.7/bin/../lib/gcc/arm-none-eabi/12.2.1/thumb/v8-m.main+fp/hard\libc_nano.a(libc_a-memchr-stub.o)
                0x000056c2                memchr
 .text.__swhatbuf_r
                0x000056de       0x4a c:/siliconlabs/simplicitystudio/v5/developer/toolchains/gnu_arm/12.2.rel1_2023.7/bin/../lib/gcc/arm-none-eabi/12.2.1/thumb/v8-m.main+fp/hard\libc_nano.a(libc_a-makebuf.o)
                0x000056de                __swhatbuf_r
 .text.__smakebuf_r
                0x00005728       0x78 c:/siliconlabs/simplicitystudio/v5/developer/toolchains/gnu_arm/12.2.rel1_2023.7/bin/../lib/gcc/arm-none-eabi/12.2.1/thumb/v8-m.main+fp/hard\libc_nano.a(libc_a-makebuf.o)
                0x00005728                __smakebuf_r
                0x000057a0                . = ALIGN (0x20)
                0x000057a0                linker_code_end = .
 *(.init)
 .init          0x000057a0        0x4 c:/siliconlabs/simplicitystudio/v5/developer/toolchains/gnu_arm/12.2.rel1_2023.7/bin/../lib/gcc/arm-none-eabi/12.2.1/thumb/v8-m.main+fp/hard/crti.o
                0x000057a0                _init
 .init          0x000057a4        0x8 c:/siliconlabs/simplicitystudio/v5/developer/toolchains/gnu_arm/12.2.rel1_2023.7/bin/../lib/gcc/arm-none-eabi/12.2.1/thumb/v8-m.main+fp/hard/crtn.o
 *(.fini)
 .fini          0x000057ac        0x4 c:/siliconlabs/simplicitystudio/v5/developer/toolchains/gnu_arm/12.2.rel1_2023.7/bin/../lib/gcc/arm-none-eabi/12.2.1/thumb/v8-m.main+fp/hard/crti.o
                0x000057ac                _fini
 .fini          0x000057b0        0x8 c:/siliconlabs/simplicitystudio/v5/developer/toolchains/gnu_arm/12.2.rel1_2023.7/bin/../lib/gcc/arm-none-eabi/12.2.1/thumb/v8-m.main+fp/hard/crtn.o
 .fini.__stub   0x000057b8        0x8 linker stubs
 *crtbegin.o(.ctors)
 *crtbegin?.o(.ctors)
 *(EXCLUDE_FILE(*crtend.o *crtend?.o) .ctors)
 *(SORT_BY_NAME(.ctors.*))
 *(.ctors)
 *crtbegin.o(.dtors)
 *crtbegin?.o(.dtors)
 *(EXCLUDE_FILE(*crtend.o *crtend?.o) .dtors)
 *(SORT_BY_NAME(.dtors.*))
 *(.dtors)
                0x000057c0                __code_classification_validator_start__ = .
                0x000057e0                . = (. + 0x20)
 *fill*         0x000057c0       0x20 
 *(code_classification_validator)
                0x000057e0                . = ALIGN (0x20)
 *fill*         0x000057e0        0x0 
                0x000057e0                __code_classification_validator_end__ = .
 *(.rodata*)
 .rodata.app_init.str1.1
                0x000057e0       0xc9 ./app.o
                                 0xcc (size before relaxing)
 .rodata.app_process_action.str1.1
                0x000058a9       0x32 ./app.o
 *fill*         0x000058db        0x1 
 .rodata.sl_button_btn0
                0x000058dc       0x18 ./autogen/sl_simple_button_instances.o
                0x000058dc                sl_button_btn0
 .rodata.sl_led_led0
                0x000058f4       0x18 ./autogen/sl_simple_led_instances.o
                0x000058f4                sl_led_led0
 .rodata.GPIO_PinInGet.str1.1
                0x0000590c       0x50 ./gecko_sdk_4.5.0/platform/driver/button/src/sl_simple_button.o
 .rodata.sl_simple_button_init.str1.1
                0x0000595c       0x61 ./gecko_sdk_4.5.0/platform/driver/button/src/sl_simple_button.o
 *fill*         0x000059bd        0x1 
 .rodata.CSWTCH.6
                0x000059be        0x8 ./gecko_sdk_4.5.0/platform/driver/button/src/sl_simple_button.o
 .rodata.GPIO_PinOutClear.str1.1
                0x000059c6       0x50 ./gecko_sdk_4.5.0/platform/driver/leddrv/src/sl_simple_led.o
 .rodata.CSWTCH.18
                0x000059c6        0x8 ./gecko_sdk_4.5.0/platform/driver/leddrv/src/sl_simple_led.o
 .rodata        0x000059ce        0x4 ./gecko_sdk_4.5.0/platform/emdrv/dmadrv/src/dmadrv.o
 .rodata.GPIO_PinOutClear.str1.1
                0x000059d2       0x50 ./gecko_sdk_4.5.0/platform/emdrv/uartdrv/src/uartdrv.o
 .rodata.calculateSleeptimerTicksToFlushTxBuffers.str1.1
                0x000059d2       0x58 ./gecko_sdk_4.5.0/platform/emdrv/uartdrv/src/uartdrv.o
 .rodata.CSWTCH.91
                0x00005a2a        0x8 ./gecko_sdk_4.5.0/platform/emdrv/uartdrv/src/uartdrv.o
 *fill*         0x00005a32        0x2 
 .rodata        0x00005a34       0x3c ./gecko_sdk_4.5.0/platform/emdrv/uartdrv/src/uartdrv.o
 .rodata.HFRCODPLLDevinfoGet.str1.1
                0x00005a70       0x4f ./gecko_sdk_4.5.0/platform/emlib/src/em_cmu.o
 .rodata.CORE_NvicMaskSetIRQ.str1.1
                0x00005abf       0x50 ./gecko_sdk_4.5.0/platform/emlib/src/em_core.o
 .rodata.EMU_VScaleEM01.str1.1
                0x00005b0f       0x4f ./gecko_sdk_4.5.0/platform/emlib/src/em_emu.o
 .rodata.EUSART_Enable.str1.1
                0x00005b5e       0x52 ./gecko_sdk_4.5.0/platform/emlib/src/em_eusart.o
 .rodata.BUS_RegBitWrite.str1.1
                0x00005bb0       0x4f ./gecko_sdk_4.5.0/platform/emlib/src/em_gpio.o
 .rodata.GPIO_PinOutSet.str1.1
                0x00005bff       0x50 ./gecko_sdk_4.5.0/platform/emlib/src/em_gpio.o
 .rodata.GPIO_ExtIntConfig.str1.1
                0x00005bff       0x50 ./gecko_sdk_4.5.0/platform/emlib/src/em_gpio.o
 *fill*         0x00005c4f        0x1 
 .rodata.CSWTCH.31
                0x00005c50        0x8 ./gecko_sdk_4.5.0/platform/emlib/src/em_gpio.o
 .rodata.LDMA_EnableChannelRequest.str1.1
                0x00005c58       0x50 ./gecko_sdk_4.5.0/platform/emlib/src/em_ldma.o
                                 0x9f (size before relaxing)
 .rodata.RTCC_ChannelInit.str1.1
                0x00005ca8       0x50 ./gecko_sdk_4.5.0/platform/emlib/src/em_rtcc.o
 .rodata        0x00005cf8        0x8 ./gecko_sdk_4.5.0/platform/service/device_init/src/sl_device_init_dcdc_s2.o
 .rodata        0x00005d00       0x28 ./gecko_sdk_4.5.0/platform/service/device_init/src/sl_device_init_hfxo_s2.o
 .rodata        0x00005d28       0x14 ./gecko_sdk_4.5.0/platform/service/device_init/src/sl_device_init_lfxo_s2.o
 .rodata._write.str1.1
                0x00005d3c       0x6e ./gecko_sdk_4.5.0/platform/service/iostream/src/sl_iostream_retarget_stdio.o
 .rodata.power_manager_notify_em_transition.str1.1
                0x00005daa       0x69 ./gecko_sdk_4.5.0/platform/service/power_manager/src/sl_power_manager.o
 .rodata.CSWTCH.64
                0x00005e13        0x4 ./gecko_sdk_4.5.0/platform/service/power_manager/src/sl_power_manager.o
 .rodata.sli_power_manager_init_hardware.str1.1
                0x00005e17       0x70 ./gecko_sdk_4.5.0/platform/service/power_manager/src/sl_power_manager_hal_s2.o
 .rodata.process_timer_irq.str1.1
                0x00005e87       0x63 ./gecko_sdk_4.5.0/platform/service/sleeptimer/src/sl_sleeptimer.o
 .rodata        0x00005eea        0xb ./gecko_sdk_4.5.0/platform/service/sleeptimer/src/sl_sleeptimer_hal_rtcc.o
 .rodata._vfprintf_r.str1.1
                0x00005ef5       0x11 c:/siliconlabs/simplicitystudio/v5/developer/toolchains/gnu_arm/12.2.rel1_2023.7/bin/../lib/gcc/arm-none-eabi/12.2.1/thumb/v8-m.main+fp/hard\libc_nano.a(libc_a-nano-vfprintf.o)
 .rodata._printf_i.str1.1
                0x00005f06       0x22 c:/siliconlabs/simplicitystudio/v5/developer/toolchains/gnu_arm/12.2.rel1_2023.7/bin/../lib/gcc/arm-none-eabi/12.2.1/thumb/v8-m.main+fp/hard\libc_nano.a(libc_a-nano-vfprintf_i.o)
 *(.eh_frame*)
 .eh_frame      0x00005f28        0x0 c:/siliconlabs/simplicitystudio/v5/developer/toolchains/gnu_arm/12.2.rel1_2023.7/bin/../lib/gcc/arm-none-eabi/12.2.1/thumb/v8-m.main+fp/hard/crtbegin.o

.glue_7         0x00005f28        0x0
 .glue_7        0x00005f28        0x0 linker stubs

.glue_7t        0x00005f28        0x0
 .glue_7t       0x00005f28        0x0 linker stubs

.vfp11_veneer   0x00005f28        0x0
 .vfp11_veneer  0x00005f28        0x0 linker stubs

.v4_bx          0x00005f28        0x0
 .v4_bx         0x00005f28        0x0 linker stubs

.iplt           0x00005f28        0x0
 .iplt          0x00005f28        0x0 c:/siliconlabs/simplicitystudio/v5/developer/toolchains/gnu_arm/12.2.rel1_2023.7/bin/../lib/gcc/arm-none-eabi/12.2.1/thumb/v8-m.main+fp/hard/crtbegin.o

.ARM.extab
 *(.ARM.extab* .gnu.linkonce.armextab.*)
                0x00005f28                __exidx_start = .

.ARM.exidx      0x00005f28        0x8
 *(.ARM.exidx* .gnu.linkonce.armexidx.*)
 .ARM.exidx     0x00005f28        0x8 c:/siliconlabs/simplicitystudio/v5/developer/toolchains/gnu_arm/12.2.rel1_2023.7/bin/../lib/gcc/arm-none-eabi/12.2.1/thumb/v8-m.main+fp/hard/crt0.o
                                 0x10 (size before relaxing)
 .ARM.exidx.text.__udivmoddi4
                0x00005f30        0x0 c:/siliconlabs/simplicitystudio/v5/developer/toolchains/gnu_arm/12.2.rel1_2023.7/bin/../lib/gcc/arm-none-eabi/12.2.1/thumb/v8-m.main+fp/hard\libgcc.a(_udivmoddi4.o)
                                  0x8 (size before relaxing)
                0x00005f30                __exidx_end = .

.rel.dyn        0x00005f30        0x0
 .rel.iplt      0x00005f30        0x0 c:/siliconlabs/simplicitystudio/v5/developer/toolchains/gnu_arm/12.2.rel1_2023.7/bin/../lib/gcc/arm-none-eabi/12.2.1/thumb/v8-m.main+fp/hard/crtbegin.o

.copy.table     0x00005f30        0xc
                0x00005f30                . = ALIGN (0x4)
                0x00005f30                __copy_table_start__ = .
                0x00005f30        0x4 LONG 0x5f3c __etext
                0x00005f34        0x4 LONG 0x20001000 __data_start__
                0x00005f38        0x4 LONG 0x7a ((__data_end__ - __data_start__) / 0x4)
                0x00005f3c                __copy_table_end__ = .

.zero.table     0x00005f3c        0x0
                0x00005f3c                . = ALIGN (0x4)
                0x00005f3c                __zero_table_start__ = .
                0x00005f3c                __zero_table_end__ = .
                0x00005f3c                __etext = .
                0x20000000                . = ORIGIN (RAM)

.stack          0x20000000     0x1000
                0x20000000                __StackLimit = .
 *(.stack*)
 .stack         0x20000000     0x1000 ./gecko_sdk_4.5.0/platform/common/toolchain/src/sl_memory.o
                0x20001000                . = ALIGN (0x4)
                0x20001000                __StackTop = .
                0x20001000                PROVIDE (__stack = __StackTop)

.noinit
 *(.noinit*)

.data           0x20001000      0x1e8 load address 0x00005f3c
                0x20001000                . = ALIGN (0x4)
                0x20001000                __data_start__ = .
 *(vtable)
 *(SORT_BY_ALIGNMENT(.data*))
 .data.sl_simple_button_array
                0x20001000        0x4 ./autogen/sl_simple_button_instances.o
                0x20001000                sl_simple_button_array
 .data.sl_uartdrv_eusart_init_vcom
                0x20001004       0x2c ./autogen/sl_uartdrv_init.o
                0x20001004                sl_uartdrv_eusart_init_vcom
 .data.sl_uartdrv_eusart_vcom_tx_buffer
                0x20001030       0x80 ./autogen/sl_uartdrv_init.o
 .data.sl_uartdrv_eusart_vcom_rx_buffer
                0x200010b0       0x80 ./autogen/sl_uartdrv_init.o
 .data.sl_uartdrv_eusart_vcom_handle
                0x20001130        0x4 ./autogen/sl_uartdrv_init.o
                0x20001130                sl_uartdrv_eusart_vcom_handle
 .data.SystemCoreClock
                0x20001134        0x4 ./gecko_sdk_4.5.0/platform/Device/SiliconLabs/EFR32BG22/Source/system_efr32bg22.o
                0x20001134                SystemCoreClock
 .data.SystemHFRCODPLLClock
                0x20001138        0x4 ./gecko_sdk_4.5.0/platform/Device/SiliconLabs/EFR32BG22/Source/system_efr32bg22.o
 .data.SystemLFXOClock
                0x2000113c        0x4 ./gecko_sdk_4.5.0/platform/Device/SiliconLabs/EFR32BG22/Source/system_efr32bg22.o
 .data.SystemHFXOClock
                0x20001140        0x4 ./gecko_sdk_4.5.0/platform/Device/SiliconLabs/EFR32BG22/Source/system_efr32bg22.o
 .data.heap_end.0
                0x20001144        0x4 ./gecko_sdk_4.5.0/platform/common/toolchain/src/sl_memory.o
 .data.__sglue  0x20001148        0xc c:/siliconlabs/simplicitystudio/v5/developer/toolchains/gnu_arm/12.2.rel1_2023.7/bin/../lib/gcc/arm-none-eabi/12.2.1/thumb/v8-m.main+fp/hard\libc_nano.a(libc_a-findfp.o)
                0x20001148                __sglue
 .data._impure_ptr
                0x20001154        0x4 c:/siliconlabs/simplicitystudio/v5/developer/toolchains/gnu_arm/12.2.rel1_2023.7/bin/../lib/gcc/arm-none-eabi/12.2.1/thumb/v8-m.main+fp/hard\libc_nano.a(libc_a-impure.o)
                0x20001154                _impure_ptr
 .data._impure_data
                0x20001158       0x4c c:/siliconlabs/simplicitystudio/v5/developer/toolchains/gnu_arm/12.2.rel1_2023.7/bin/../lib/gcc/arm-none-eabi/12.2.1/thumb/v8-m.main+fp/hard\libc_nano.a(libc_a-impure.o)
                0x20001158                _impure_data
 .data.simple_btn0_context
                0x200011a4        0x8 ./autogen/sl_simple_button_instances.o
                0x200011a4                simple_btn0_context
 .data.hfxo_precision
                0x200011ac        0x2 ./gecko_sdk_4.5.0/platform/emlib/src/em_cmu.o
 .data.lfxo_precision
                0x200011ae        0x2 ./gecko_sdk_4.5.0/platform/emlib/src/em_cmu.o
 .data.simple_led0_context
                0x200011b0        0x3 ./autogen/sl_simple_led_instances.o
                0x200011b0                simple_led0_context
 .data.disabled
                0x200011b3        0x1 ./gecko_sdk_4.5.0/app/common/util/app_button_press/app_button_press.o
 .data.is_fast_wakeup_enabled
                0x200011b4        0x1 ./gecko_sdk_4.5.0/platform/service/power_manager/src/sl_power_manager_hal_s2.o
 .data.cc_disabled
                0x200011b5        0x1 ./gecko_sdk_4.5.0/platform/service/sleeptimer/src/sl_sleeptimer_hal_rtcc.o
                0x200011b8                . = ALIGN (0x4)
 *fill*         0x200011b6        0x2 
                [!provide]                PROVIDE (__ram_func_section_start = .)
 *(.ram)
 .ram           0x200011b8       0x28 ./gecko_sdk_4.5.0/platform/emlib/src/em_emu.o
                [!provide]                PROVIDE (__ram_func_section_end = .)
                0x200011e0                . = ALIGN (0x4)
                0x200011e0                PROVIDE (__preinit_array_start = .)
 *(.preinit_array)
                0x200011e0                PROVIDE (__preinit_array_end = .)
                0x200011e0                . = ALIGN (0x4)
                0x200011e0                PROVIDE (__init_array_start = .)
 *(SORT_BY_NAME(.init_array.*))
 *(.init_array)
 .init_array    0x200011e0        0x4 c:/siliconlabs/simplicitystudio/v5/developer/toolchains/gnu_arm/12.2.rel1_2023.7/bin/../lib/gcc/arm-none-eabi/12.2.1/thumb/v8-m.main+fp/hard/crtbegin.o
                0x200011e4                PROVIDE (__init_array_end = .)
                0x200011e4                . = ALIGN (0x4)
                [!provide]                PROVIDE (__fini_array_start = .)
 *(SORT_BY_NAME(.fini_array.*))
 *(.fini_array)
 .fini_array    0x200011e4        0x4 c:/siliconlabs/simplicitystudio/v5/developer/toolchains/gnu_arm/12.2.rel1_2023.7/bin/../lib/gcc/arm-none-eabi/12.2.1/thumb/v8-m.main+fp/hard/crtbegin.o
                [!provide]                PROVIDE (__fini_array_end = .)
                0x200011e8                . = ALIGN (0x4)
                0x200011e8                __data_end__ = .

.tm_clone_table
                0x200011e8        0x0 load address 0x00006124
 .tm_clone_table
                0x200011e8        0x0 c:/siliconlabs/simplicitystudio/v5/developer/toolchains/gnu_arm/12.2.rel1_2023.7/bin/../lib/gcc/arm-none-eabi/12.2.1/thumb/v8-m.main+fp/hard/crtbegin.o
 .tm_clone_table
                0x200011e8        0x0 c:/siliconlabs/simplicitystudio/v5/developer/toolchains/gnu_arm/12.2.rel1_2023.7/bin/../lib/gcc/arm-none-eabi/12.2.1/thumb/v8-m.main+fp/hard/crtend.o

.igot.plt       0x200011e8        0x0 load address 0x00006124
 .igot.plt      0x200011e8        0x0 c:/siliconlabs/simplicitystudio/v5/developer/toolchains/gnu_arm/12.2.rel1_2023.7/bin/../lib/gcc/arm-none-eabi/12.2.1/thumb/v8-m.main+fp/hard/crtbegin.o

.bss            0x200011e8      0x614 load address 0x00006124
                0x200011e8                . = ALIGN (0x4)
                0x200011e8                __bss_start__ = .
 *(SORT_BY_ALIGNMENT(.bss*))
 .bss.object.0  0x200011e8       0x18 c:/siliconlabs/simplicitystudio/v5/developer/toolchains/gnu_arm/12.2.rel1_2023.7/bin/../lib/gcc/arm-none-eabi/12.2.1/thumb/v8-m.main+fp/hard/crtbegin.o
 .bss.last_print_time.0
                0x20001200        0x4 ./app.o
 .bss.sli_uartdrv_default_handle
                0x20001204        0x4 ./autogen/sl_uartdrv_init.o
 .bss.sl_uartdrv_eusart_vcom_handle_data
                0x20001208       0x60 ./autogen/sl_uartdrv_init.o
                0x20001208                sl_uartdrv_eusart_vcom_handle_data
 .bss.buttons   0x20001268        0x8 ./gecko_sdk_4.5.0/app/common/util/app_button_press/app_button_press.o
 .bss.uartdrv_handle
                0x20001270        0x4 ./gecko_sdk_4.5.0/hardware/driver/configuration_over_swo/src/sl_cos.o
 .bss.dmaXfer   0x20001274      0x100 ./gecko_sdk_4.5.0/platform/emdrv/dmadrv/src/dmadrv.o
 .bss.chTable   0x20001374       0x80 ./gecko_sdk_4.5.0/platform/emdrv/dmadrv/src/dmadrv.o
 .bss.gpioCallbacks
                0x200013f4      0x200 ./gecko_sdk_4.5.0/platform/emdrv/gpiointerrupt/src/gpiointerrupt.o
 .bss.uartdrvHandle
                0x200015f4       0x10 ./gecko_sdk_4.5.0/platform/emdrv/uartdrv/src/uartdrv.o
 .bss.dpllRefClk.0
                0x20001604        0x4 ./gecko_sdk_4.5.0/platform/emlib/src/em_emu.o
 .bss.sli_iostream_default
                0x20001608        0x4 ./gecko_sdk_4.5.0/platform/service/iostream/src/sl_iostream.o
 .bss.wakeup_time_config_overhead_tick
                0x2000160c        0x4 ./gecko_sdk_4.5.0/platform/service/power_manager/src/sl_power_manager.o
                0x2000160c                wakeup_time_config_overhead_tick
 .bss.high_frequency_min_offtime_tick
                0x20001610        0x4 ./gecko_sdk_4.5.0/platform/service/power_manager/src/sl_power_manager.o
                0x20001610                high_frequency_min_offtime_tick
 .bss.clock_wakeup_timer_handle
                0x20001614       0x20 ./gecko_sdk_4.5.0/platform/service/power_manager/src/sl_power_manager.o
 .bss.sleeptimer_frequency
                0x20001634        0x4 ./gecko_sdk_4.5.0/platform/service/power_manager/src/sl_power_manager.o
 .bss.power_manager_em_transition_event_list
                0x20001638        0x4 ./gecko_sdk_4.5.0/platform/service/power_manager/src/sl_power_manager.o
 .bss.hfxo_wakeup_time_tick
                0x2000163c        0x4 ./gecko_sdk_4.5.0/platform/service/power_manager/src/sl_power_manager_hal_s2.o
 .bss.hfxo_wakeup_time_sum_average
                0x20001640        0x4 ./gecko_sdk_4.5.0/platform/service/power_manager/src/sl_power_manager_hal_s2.o
 .bss.hfxo_wakeup_time_table
                0x20001644       0x28 ./gecko_sdk_4.5.0/platform/service/power_manager/src/sl_power_manager_hal_s2.o
 .bss.hf_x_oscillator_wakeup_time_tc_inital
                0x2000166c        0x4 ./gecko_sdk_4.5.0/platform/service/power_manager/src/sl_power_manager_hal_s2.o
 .bss.process_wakeup_overhead_tick
                0x20001670        0x4 ./gecko_sdk_4.5.0/platform/service/power_manager/src/sl_power_manager_hal_s2.o
 .bss.cmu_sys_clock_register
                0x20001674        0x4 ./gecko_sdk_4.5.0/platform/service/power_manager/src/sl_power_manager_hal_s2.o
                0x20001674                cmu_sys_clock_register
 .bss.cmu_dpll_ref_clock_register
                0x20001678        0x4 ./gecko_sdk_4.5.0/platform/service/power_manager/src/sl_power_manager_hal_s2.o
                0x20001678                cmu_dpll_ref_clock_register
 .bss.cmu_em01_grpB_clock_register
                0x2000167c        0x4 ./gecko_sdk_4.5.0/platform/service/power_manager/src/sl_power_manager_hal_s2.o
                0x2000167c                cmu_em01_grpB_clock_register
 .bss.cmu_em01_grpA_clock_register
                0x20001680        0x4 ./gecko_sdk_4.5.0/platform/service/power_manager/src/sl_power_manager_hal_s2.o
                0x20001680                cmu_em01_grpA_clock_register
 .bss.max_millisecond_conversion
                0x20001684        0x4 ./gecko_sdk_4.5.0/platform/service/sleeptimer/src/sl_sleeptimer.o
 .bss.last_delta_update_count
                0x20001688        0x4 ./gecko_sdk_4.5.0/platform/service/sleeptimer/src/sl_sleeptimer.o
 .bss.timer_head
                0x2000168c        0x4 ./gecko_sdk_4.5.0/platform/service/sleeptimer/src/sl_sleeptimer.o
 .bss.timer_frequency
                0x20001690        0x4 ./gecko_sdk_4.5.0/platform/service/sleeptimer/src/sl_sleeptimer.o
 .bss.__sf      0x20001694      0x138 c:/siliconlabs/simplicitystudio/v5/developer/toolchains/gnu_arm/12.2.rel1_2023.7/bin/../lib/gcc/arm-none-eabi/12.2.1/thumb/v8-m.main+fp/hard\libc_nano.a(libc_a-findfp.o)
                0x20001694                __sf
 .bss.__stdio_exit_handler
                0x200017cc        0x4 c:/siliconlabs/simplicitystudio/v5/developer/toolchains/gnu_arm/12.2.rel1_2023.7/bin/../lib/gcc/arm-none-eabi/12.2.1/thumb/v8-m.main+fp/hard\libc_nano.a(libc_a-findfp.o)
                0x200017cc                __stdio_exit_handler
 .bss.errno     0x200017d0        0x4 c:/siliconlabs/simplicitystudio/v5/developer/toolchains/gnu_arm/12.2.rel1_2023.7/bin/../lib/gcc/arm-none-eabi/12.2.1/thumb/v8-m.main+fp/hard\libc_nano.a(libc_a-reent.o)
                0x200017d0                errno
 .bss.__malloc_sbrk_start
                0x200017d4        0x4 c:/siliconlabs/simplicitystudio/v5/developer/toolchains/gnu_arm/12.2.rel1_2023.7/bin/../lib/gcc/arm-none-eabi/12.2.1/thumb/v8-m.main+fp/hard\libc_nano.a(libc_a-mallocr.o)
                0x200017d4                __malloc_sbrk_start
 .bss.__malloc_free_list
                0x200017d8        0x4 c:/siliconlabs/simplicitystudio/v5/developer/toolchains/gnu_arm/12.2.rel1_2023.7/bin/../lib/gcc/arm-none-eabi/12.2.1/thumb/v8-m.main+fp/hard\libc_nano.a(libc_a-mallocr.o)
                0x200017d8                __malloc_free_list
 .bss.overflow_counter
                0x200017dc        0x2 ./gecko_sdk_4.5.0/platform/service/sleeptimer/src/sl_sleeptimer.o
 .bss.completed.1
                0x200017de        0x1 c:/siliconlabs/simplicitystudio/v5/developer/toolchains/gnu_arm/12.2.rel1_2023.7/bin/../lib/gcc/arm-none-eabi/12.2.1/thumb/v8-m.main+fp/hard/crtbegin.o
 .bss.initialized
                0x200017df        0x1 ./gecko_sdk_4.5.0/platform/emdrv/dmadrv/src/dmadrv.o
 .bss.uartdrvHandleIsInitialized
                0x200017e0        0x1 ./gecko_sdk_4.5.0/platform/emdrv/uartdrv/src/uartdrv.o
 .bss.ctuneDelta
                0x200017e1        0x1 ./gecko_sdk_4.5.0/platform/emlib/src/em_cmu.o
 .bss.vScaleEM01Config
                0x200017e2        0x1 ./gecko_sdk_4.5.0/platform/emlib/src/em_emu.o
 .bss.is_restored_from_hfxo_isr_internal
                0x200017e3        0x1 ./gecko_sdk_4.5.0/platform/service/power_manager/src/sl_power_manager.o
 .bss.is_restored_from_hfxo_isr
                0x200017e4        0x1 ./gecko_sdk_4.5.0/platform/service/power_manager/src/sl_power_manager.o
 .bss.is_actively_waiting_for_clock_restore
                0x200017e5        0x1 ./gecko_sdk_4.5.0/platform/service/power_manager/src/sl_power_manager.o
 .bss.is_hf_x_oscillator_not_preserved
                0x200017e6        0x1 ./gecko_sdk_4.5.0/platform/service/power_manager/src/sl_power_manager.o
 .bss.requirement_on_em1_added
                0x200017e7        0x1 ./gecko_sdk_4.5.0/platform/service/power_manager/src/sl_power_manager.o
 .bss.is_states_saved
                0x200017e8        0x1 ./gecko_sdk_4.5.0/platform/service/power_manager/src/sl_power_manager.o
 .bss.is_sleeping_waiting_for_clock_restore
                0x200017e9        0x1 ./gecko_sdk_4.5.0/platform/service/power_manager/src/sl_power_manager.o
 .bss.waiting_clock_restore_from_em
                0x200017ea        0x1 ./gecko_sdk_4.5.0/platform/service/power_manager/src/sl_power_manager.o
 .bss.requirement_high_accuracy_hf_clock_back_to_zero
                0x200017eb        0x1 ./gecko_sdk_4.5.0/platform/service/power_manager/src/sl_power_manager.o
                0x200017eb                requirement_high_accuracy_hf_clock_back_to_zero
 .bss.requirement_high_accuracy_hf_clock_counter
                0x200017ec        0x1 ./gecko_sdk_4.5.0/platform/service/power_manager/src/sl_power_manager.o
                0x200017ec                requirement_high_accuracy_hf_clock_counter
 .bss.requirement_em_table
                0x200017ed        0x2 ./gecko_sdk_4.5.0/platform/service/power_manager/src/sl_power_manager.o
 .bss.current_em
                0x200017ef        0x1 ./gecko_sdk_4.5.0/platform/service/power_manager/src/sl_power_manager.o
 .bss.is_initialized
                0x200017f0        0x1 ./gecko_sdk_4.5.0/platform/service/power_manager/src/sl_power_manager.o
 .bss.hfxo_wakeup_time_table_index
                0x200017f1        0x1 ./gecko_sdk_4.5.0/platform/service/power_manager/src/sl_power_manager_hal_s2.o
 .bss.is_hf_x_oscillator_already_started
                0x200017f2        0x1 ./gecko_sdk_4.5.0/platform/service/power_manager/src/sl_power_manager_hal_s2.o
 .bss.is_entering_deepsleep
                0x200017f3        0x1 ./gecko_sdk_4.5.0/platform/service/power_manager/src/sl_power_manager_hal_s2.o
 .bss.is_dpll_used
                0x200017f4        0x1 ./gecko_sdk_4.5.0/platform/service/power_manager/src/sl_power_manager_hal_s2.o