Archive member included to satisfy reference by file (symbol)

/usr/lib/gcc/arm-none-eabi/13.2.1/../../../arm-none-eabi/lib/thumb/v8-m.main+fp/softfp/libm.a(libm_a-wf_sqrt.o)
                              CMakeFiles/gpio_freertos.dir/home/sudharsan/Desktop/embedded/Rpi_Pico/RPI_pico/pico-sdk/src/rp2_common/pico_float/float_math.c.o (sqrtf)
/usr/lib/gcc/arm-none-eabi/13.2.1/../../../arm-none-eabi/lib/thumb/v8-m.main+fp/softfp/libm.a(libm_a-ef_sqrt.o)
                              /usr/lib/gcc/arm-none-eabi/13.2.1/../../../arm-none-eabi/lib/thumb/v8-m.main+fp/softfp/libm.a(libm_a-wf_sqrt.o) (__ieee754_sqrtf)
/usr/lib/gcc/arm-none-eabi/13.2.1/thumb/v8-m.main+fp/softfp/libgcc.a(_arm_addsubdf3.o)
                              CMakeFiles/gpio_freertos.dir/home/sudharsan/Desktop/embedded/Rpi_Pico/RPI_pico/pico-sdk/src/rp2_common/pico_float/float_math.c.o (__aeabi_f2d)
/usr/lib/gcc/arm-none-eabi/13.2.1/thumb/v8-m.main+fp/softfp/libgcc.a(_aeabi_ldivmod.o)
                              CMakeFiles/gpio_freertos.dir/home/sudharsan/Desktop/embedded/Rpi_Pico/RPI_pico/pico-sdk/src/common/pico_time/time.c.o (__aeabi_ldivmod)
/usr/lib/gcc/arm-none-eabi/13.2.1/thumb/v8-m.main+fp/softfp/libgcc.a(_aeabi_uldivmod.o)
                              CMakeFiles/gpio_freertos.dir/home/sudharsan/Desktop/embedded/Rpi_Pico/RPI_pico/pico-sdk/src/rp2_common/hardware_clocks/clocks.c.o (__aeabi_uldivmod)
/usr/lib/gcc/arm-none-eabi/13.2.1/thumb/v8-m.main+fp/softfp/libgcc.a(_udivmoddi4.o)
                              /usr/lib/gcc/arm-none-eabi/13.2.1/thumb/v8-m.main+fp/softfp/libgcc.a(_aeabi_ldivmod.o) (__udivmoddi4)
/usr/lib/gcc/arm-none-eabi/13.2.1/thumb/v8-m.main+fp/softfp/libgcc.a(_dvmd_tls.o)
                              /usr/lib/gcc/arm-none-eabi/13.2.1/thumb/v8-m.main+fp/softfp/libgcc.a(_aeabi_ldivmod.o) (__aeabi_ldiv0)
/usr/lib/gcc/arm-none-eabi/13.2.1/../../../arm-none-eabi/lib/thumb/v8-m.main+fp/softfp/libg.a(libc_a-memset.o)
                              /usr/lib/gcc/arm-none-eabi/13.2.1/../../../arm-none-eabi/lib/thumb/v8-m.main+fp/softfp/crt0.o (memset)
/usr/lib/gcc/arm-none-eabi/13.2.1/../../../arm-none-eabi/lib/thumb/v8-m.main+fp/softfp/libg.a(libc_a-stpcpy.o)
                              CMakeFiles/gpio_freertos.dir/home/sudharsan/Desktop/embedded/FreeRTOS-Kernel/tasks.c.o (stpcpy)
/usr/lib/gcc/arm-none-eabi/13.2.1/../../../arm-none-eabi/lib/thumb/v8-m.main+fp/softfp/libg.a(libc_a-calloc.o)
                              CMakeFiles/gpio_freertos.dir/home/sudharsan/Desktop/embedded/Rpi_Pico/RPI_pico/pico-sdk/src/rp2_common/pico_malloc/malloc.c.o (calloc)
/usr/lib/gcc/arm-none-eabi/13.2.1/../../../arm-none-eabi/lib/thumb/v8-m.main+fp/softfp/libg.a(libc_a-errno.o)
                              /usr/lib/gcc/arm-none-eabi/13.2.1/../../../arm-none-eabi/lib/thumb/v8-m.main+fp/softfp/libm.a(libm_a-wf_sqrt.o) (__errno)
/usr/lib/gcc/arm-none-eabi/13.2.1/../../../arm-none-eabi/lib/thumb/v8-m.main+fp/softfp/libg.a(libc_a-impure.o)
                              /usr/lib/gcc/arm-none-eabi/13.2.1/../../../arm-none-eabi/lib/thumb/v8-m.main+fp/softfp/libg.a(libc_a-calloc.o) (_impure_ptr)
/usr/lib/gcc/arm-none-eabi/13.2.1/../../../arm-none-eabi/lib/thumb/v8-m.main+fp/softfp/libg.a(libc_a-callocr.o)
                              /usr/lib/gcc/arm-none-eabi/13.2.1/../../../arm-none-eabi/lib/thumb/v8-m.main+fp/softfp/libg.a(libc_a-calloc.o) (_calloc_r)
/usr/lib/gcc/arm-none-eabi/13.2.1/../../../arm-none-eabi/lib/thumb/v8-m.main+fp/softfp/libg.a(libc_a-realloc.o)
                              CMakeFiles/gpio_freertos.dir/home/sudharsan/Desktop/embedded/Rpi_Pico/RPI_pico/pico-sdk/src/rp2_common/pico_malloc/malloc.c.o (realloc)
/usr/lib/gcc/arm-none-eabi/13.2.1/../../../arm-none-eabi/lib/thumb/v8-m.main+fp/softfp/libg.a(libc_a-mallocr.o)
                              /usr/lib/gcc/arm-none-eabi/13.2.1/../../../arm-none-eabi/lib/thumb/v8-m.main+fp/softfp/libg.a(libc_a-callocr.o) (_malloc_r)
/usr/lib/gcc/arm-none-eabi/13.2.1/../../../arm-none-eabi/lib/thumb/v8-m.main+fp/softfp/libg.a(libc_a-freer.o)
                              /usr/lib/gcc/arm-none-eabi/13.2.1/../../../arm-none-eabi/lib/thumb/v8-m.main+fp/softfp/libg.a(libc_a-mallocr.o) (_free_r)
/usr/lib/gcc/arm-none-eabi/13.2.1/../../../arm-none-eabi/lib/thumb/v8-m.main+fp/softfp/libg.a(libc_a-memcmp.o)
                              CMakeFiles/gpio_freertos.dir/home/sudharsan/Desktop/embedded/Rpi_Pico/RPI_pico/pico-sdk/src/rp2_common/pico_atomic/atomic.c.o (memcmp)
/usr/lib/gcc/arm-none-eabi/13.2.1/../../../arm-none-eabi/lib/thumb/v8-m.main+fp/softfp/libg.a(libc_a-malloc.o)
                              CMakeFiles/gpio_freertos.dir/home/sudharsan/Desktop/embedded/Rpi_Pico/RPI_pico/pico-sdk/src/rp2_common/pico_malloc/malloc.c.o (malloc)
/usr/lib/gcc/arm-none-eabi/13.2.1/../../../arm-none-eabi/lib/thumb/v8-m.main+fp/softfp/libg.a(libc_a-memcpy.o)
[...]
Memory Configuration

Name             Origin             Length             Attributes
FLASH            0x10000000         0x00400000         xr
RAM              0x20000000         0x00080000         xrw
SCRATCH_X        0x20080000         0x00001000         xrw
SCRATCH_Y        0x20081000         0x00001000         xrw
*default*        0x00000000         0xffffffff

Linker script and memory map

LOAD /usr/lib/gcc/arm-none-eabi/13.2.1/thumb/v8-m.main+fp/softfp/crti.o
LOAD /usr/lib/gcc/arm-none-eabi/13.2.1/thumb/v8-m.main+fp/softfp/crtbegin.o
LOAD /usr/lib/gcc/arm-none-eabi/13.2.1/../../../arm-none-eabi/lib/thumb/v8-m.main+fp/softfp/crt0.o

.flash_begin    0x10000000        0x0
                0x10000000                        __flash_binary_start = .

.text           0x10000000     0x7478
                0x10000000                        __logical_binary_start = .
 *(.vectors)
 .vectors       0x10000000      0x124 CMakeFiles/gpio_freertos.dir/home/sudharsan/Desktop/embedded/Rpi_Pico/RPI_pico/pico-sdk/src/rp2_common/pico_crt0/crt0.S.o
                0x10000000                __vectors
                0x10000000                __VECTOR_TABLE
                0x10000110                isr_securefault
                0x10000110                isr_irq30
                0x10000110                __unhandled_user_irq
                0x10000110                isr_irq49
                0x10000110                isr_irq13
                0x10000110                isr_irq43
                0x10000110                isr_irq45
                0x10000110                isr_irq27
                0x10000110                isr_irq32
                0x10000110                isr_irq31
                0x10000110                isr_irq5
                0x10000110                isr_irq11
                0x10000110                isr_irq23
                0x10000110                isr_usagefault
                0x10000110                isr_irq48
                0x10000110                isr_irq35
                0x10000110                isr_irq18
                0x10000110                isr_irq50
                0x10000110                isr_irq40
                0x10000110                isr_irq28
                0x10000110                isr_irq19
                0x10000110                isr_irq36
                0x10000110                isr_irq41
                0x10000110                isr_irq0
                0x10000110                isr_irq6
                0x10000110                isr_memmanage
                0x10000110                isr_irq37
                0x10000110                isr_irq42
                0x10000110                isr_irq22
                0x10000110                isr_irq17
                0x10000110                isr_irq38
                0x10000110                isr_irq14
                0x10000110                __vectors_end
                0x10000110                __default_isrs_start
                0x10000110                isr_irq2
                0x10000110                isr_irq10
                0x10000110                isr_irq8
                0x10000110                isr_debugmonitor
                0x10000110                isr_irq24
                0x10000110                isr_irq46
                0x10000110                isr_irq1
                0x10000110                isr_irq47
                0x10000110                isr_irq51
                0x10000110                isr_irq7
                0x10000110                isr_irq21
                0x10000110                isr_irq39
                0x10000110                isr_irq20
                0x10000110                isr_irq15
                0x10000110                isr_irq25
                0x10000110                isr_irq34
                0x10000110                isr_irq4
                0x10000110                isr_busfault
                0x10000110                isr_irq16
                0x10000110                isr_irq44
                0x10000110                isr_irq29
                0x10000110                isr_irq26
                0x10000110                isr_irq33
                0x10000110                isr_irq3
                0x10000110                isr_irq12
                0x10000110                isr_irq9
                0x10000116                unhandled_user_irq_num_in_r0
                0x10000118                isr_invalid
                0x1000011a                isr_nmi
                0x1000011c                isr_hardfault
                0x1000011e                isr_svcall
                0x10000120                isr_pendsv
                0x10000122                isr_systick
                0x10000124                __default_isrs_end
 *(.binary_info_header)
 .binary_info_header
                0x10000124       0x14 CMakeFiles/gpio_freertos.dir/home/sudharsan/Desktop/embedded/Rpi_Pico/RPI_pico/pico-sdk/src/rp2_common/pico_crt0/crt0.S.o
                0x10000138                        __binary_info_header_end = .
 *(.embedded_block)
 .embedded_block
                0x10000138       0x14 CMakeFiles/gpio_freertos.dir/home/sudharsan/Desktop/embedded/Rpi_Pico/RPI_pico/pico-sdk/src/rp2_common/pico_crt0/crt0.S.o
                0x1000014c                        __embedded_block_end = .
 *(.reset)
 .reset         0x1000014c       0x98 CMakeFiles/gpio_freertos.dir/home/sudharsan/Desktop/embedded/Rpi_Pico/RPI_pico/pico-sdk/src/rp2_common/pico_crt0/crt0.S.o
                0x1000014c                _entry_point
 *(.init)
 .init          0x100001e4        0x4 /usr/lib/gcc/arm-none-eabi/13.2.1/thumb/v8-m.main+fp/softfp/crti.o
                0x100001e4                _init
 *libgcc.a:cmse_nonsecure_call.o()
 *(EXCLUDE_FILE(*libm.a: *libc.a:*lib_a-mem*.o *libgcc.a:) .text*)
 .text          0x100001e8       0x8c /usr/lib/gcc/arm-none-eabi/13.2.1/thumb/v8-m.main+fp/softfp/crtbegin.o
 .text.vTaskBlinkBoth
                0x10000274       0x60 CMakeFiles/gpio_freertos.dir/main.c.o
                0x10000274                vTaskBlinkBoth
 .text.startup.main
                0x100002d4       0x3c CMakeFiles/gpio_freertos.dir/main.c.o
                0x100002d4                main
 .text.gpio_init
                0x10000310       0x48 CMakeFiles/gpio_freertos.dir/home/sudharsan/Desktop/embedded/Rpi_Pico/RPI_pico/pico-sdk/src/rp2_common/hardware_gpio/gpio.c.o
                0x10000310                gpio_init
 .text.panic    0x10000358       0x30 CMakeFiles/gpio_freertos.dir/home/sudharsan/Desktop/embedded/Rpi_Pico/RPI_pico/pico-sdk/src/rp2_common/pico_platform_panic/panic.c.o
                0x10000358                panic
 .text.hw_claim_lock
                0x10000388       0x24 CMakeFiles/gpio_freertos.dir/home/sudharsan/Desktop/embedded/Rpi_Pico/RPI_pico/pico-sdk/src/common/hardware_claim/claim.c.o
                0x10000388                hw_claim_lock
 .text.hw_claim_unlock
                0x100003ac       0x14 CMakeFiles/gpio_freertos.dir/home/sudharsan/Desktop/embedded/Rpi_Pico/RPI_pico/pico-sdk/src/common/hardware_claim/claim.c.o
                0x100003ac                hw_claim_unlock
 .text.hw_claim_or_assert
                0x100003c0       0x58 CMakeFiles/gpio_freertos.dir/home/sudharsan/Desktop/embedded/Rpi_Pico/RPI_pico/pico-sdk/src/common/hardware_claim/claim.c.o
                0x100003c0                hw_claim_or_assert
 .text.hw_claim_unused_from_range
                0x10000418       0x9c CMakeFiles/gpio_freertos.dir/home/sudharsan/Desktop/embedded/Rpi_Pico/RPI_pico/pico-sdk/src/common/hardware_claim/claim.c.o
                0x10000418                hw_claim_unused_from_range
 .text.next_striped_spin_lock_num
                0x100004b4       0x18 CMakeFiles/gpio_freertos.dir/home/sudharsan/Desktop/embedded/Rpi_Pico/RPI_pico/pico-sdk/src/rp2_common/hardware_sync/sync.c.o
                0x100004b4                next_striped_spin_lock_num
 .text.spin_lock_claim
                0x100004cc       0x14 CMakeFiles/gpio_freertos.dir/home/sudharsan/Desktop/embedded/Rpi_Pico/RPI_pico/pico-sdk/src/rp2_common/hardware_sync/sync.c.o
                0x100004cc                spin_lock_claim
 .text.spin_lock_claim_unused
                0x100004e0       0x20 CMakeFiles/gpio_freertos.dir/home/sudharsan/Desktop/embedded/Rpi_Pico/RPI_pico/pico-sdk/src/rp2_common/hardware_sync/sync.c.o
                0x100004e0                spin_lock_claim_unused
 .text.spinlock_set_extexclall
                0x10000500       0x10 CMakeFiles/gpio_freertos.dir/home/sudharsan/Desktop/embedded/Rpi_Pico/RPI_pico/pico-sdk/src/rp2_common/hardware_sync_spin_lock/sync_spin_lock.c.o
 .text.spin_locks_reset
                0x10000510       0x18 CMakeFiles/gpio_freertos.dir/home/sudharsan/Desktop/embedded/Rpi_Pico/RPI_pico/pico-sdk/src/rp2_common/hardware_sync_spin_lock/sync_spin_lock.c.o
                0x10000510                spin_locks_reset
 .text.runtime_init_per_core_irq_priorities
                0x10000528       0x40 CMakeFiles/gpio_freertos.dir/home/sudharsan/Desktop/embedded/Rpi_Pico/RPI_pico/pico-sdk/src/rp2_common/hardware_irq/irq.c.o
                0x10000528                runtime_init_per_core_irq_priorities
 .text.irq_set_enabled
                0x10000568       0x2c CMakeFiles/gpio_freertos.dir/home/sudharsan/Desktop/embedded/Rpi_Pico/RPI_pico/pico-sdk/src/rp2_common/hardware_irq/irq.c.o
                0x10000568                irq_set_enabled
 .text.irq_is_enabled
                0x10000594       0x20 CMakeFiles/gpio_freertos.dir/home/sudharsan/Desktop/embedded/Rpi_Pico/RPI_pico/pico-sdk/src/rp2_common/hardware_irq/irq.c.o
                0x10000594                irq_is_enabled
 .text.irq_set_pending
                0x100005b4       0x18 CMakeFiles/gpio_freertos.dir/home/sudharsan/Desktop/embedded/Rpi_Pico/RPI_pico/pico-sdk/src/rp2_common/hardware_irq/irq.c.o
                0x100005b4                irq_set_pending
 .text.irq_has_shared_handler
                0x100005cc       0x20 CMakeFiles/gpio_freertos.dir/home/sudharsan/Desktop/embedded/Rpi_Pico/RPI_pico/pico-sdk/src/rp2_common/hardware_irq/irq.c.o
                0x100005cc                irq_has_shared_handler
 .text.irq_set_exclusive_handler
                0x100005ec       0x60 CMakeFiles/gpio_freertos.dir/home/sudharsan/Desktop/embedded/Rpi_Pico/RPI_pico/pico-sdk/src/rp2_common/hardware_irq/irq.c.o
                0x100005ec                irq_set_exclusive_handler
 .text.irq_add_shared_handler
                0x1000064c      0x1e8 CMakeFiles/gpio_freertos.dir/home/sudharsan/Desktop/embedded/Rpi_Pico/RPI_pico/pico-sdk/src/rp2_common/hardware_irq/irq.c.o
                0x1000064c                irq_add_shared_handler
 .text.irq_set_priority
                0x10000834       0x28 CMakeFiles/gpio_freertos.dir/home/sudharsan/Desktop/embedded/Rpi_Pico/RPI_pico/pico-sdk/src/rp2_common/hardware_irq/irq.c.o
                0x10000834                irq_set_priority
 .text.irq_add_tail_to_free_list
                0x1000085c       0xbc CMakeFiles/gpio_freertos.dir/home/sudharsan/Desktop/embedded/Rpi_Pico/RPI_pico/pico-sdk/src/rp2_common/hardware_irq/irq.c.o
                0x1000085c                irq_add_tail_to_free_list
 .text.user_irq_claim_unused
                0x10000918       0x28 CMakeFiles/gpio_freertos.dir/home/sudharsan/Desktop/embedded/Rpi_Pico/RPI_pico/pico-sdk/src/rp2_common/hardware_irq/irq.c.o
                0x10000918                user_irq_claim_unused
 .text.lock_init
                0x10000940        0xc CMakeFiles/gpio_freertos.dir/home/sudharsan/Desktop/embedded/Rpi_Pico/RPI_pico/pico-sdk/src/common/pico_sync/lock_core.c.o
                0x10000940                lock_init
 .text.runtime_init_mutex
                0x1000094c       0x54 CMakeFiles/gpio_freertos.dir/home/sudharsan/Desktop/embedded/Rpi_Pico/RPI_pico/pico-sdk/src/common/pico_sync/mutex.c.o
                0x1000094c                runtime_init_mutex
 .text.mutex_init
                0x100009a0       0x1c CMakeFiles/gpio_freertos.dir/home/sudharsan/Desktop/embedded/Rpi_Pico/RPI_pico/pico-sdk/src/common/pico_sync/mutex.c.o
                0x100009a0                mutex_init
 .text.critical_section_init
                0x100009bc       0x1c CMakeFiles/gpio_freertos.dir/home/sudharsan/Desktop/embedded/Rpi_Pico/RPI_pico/pico-sdk/src/common/pico_sync/critical_section.c.o
                0x100009bc                critical_section_init
 .text.critical_section_init_with_lock_num
                0x100009d8       0x10 CMakeFiles/gpio_freertos.dir/home/sudharsan/Desktop/embedded/Rpi_Pico/RPI_pico/pico-sdk/src/common/pico_sync/critical_section.c.o
                0x100009d8                critical_section_init_with_lock_num
 .text.alarm_pool_irq_handler
                0x100009e8      0x2f0 CMakeFiles/gpio_freertos.dir/home/sudharsan/Desktop/embedded/Rpi_Pico/RPI_pico/pico-sdk/src/common/pico_time/time.c.o
 .text.sleep_until_callback
                0x10000cd8       0x34 CMakeFiles/gpio_freertos.dir/home/sudharsan/Desktop/embedded/Rpi_Pico/RPI_pico/pico-sdk/src/common/pico_time/time.c.o
 .text.runtime_init_default_alarm_pool
                0x10000d0c      0x100 CMakeFiles/gpio_freertos.dir/home/sudharsan/Desktop/embedded/Rpi_Pico/RPI_pico/pico-sdk/src/common/pico_time/time.c.o
                0x10000d0c                runtime_init_default_alarm_pool
 .text.alarm_pool_get_default
                0x10000e0c        0x8 CMakeFiles/gpio_freertos.dir/home/sudharsan/Desktop/embedded/Rpi_Pico/RPI_pico/pico-sdk/src/common/pico_time/time.c.o
                0x10000e0c                alarm_pool_get_default
 .text.alarm_pool_add_alarm_at
                0x10000e14       0xdc CMakeFiles/gpio_freertos.dir/home/sudharsan/Desktop/embedded/Rpi_Pico/RPI_pico/pico-sdk/src/common/pico_time/time.c.o
                0x10000e14                alarm_pool_add_alarm_at
 .text.alarm_pool_add_alarm_at_force_in_context
                0x10000ef0       0xc8 CMakeFiles/gpio_freertos.dir/home/sudharsan/Desktop/embedded/Rpi_Pico/RPI_pico/pico-sdk/src/common/pico_time/time.c.o
                0x10000ef0                alarm_pool_add_alarm_at_force_in_context
 .text.alarm_pool_cancel_alarm
                0x10000fb8       0x80 CMakeFiles/gpio_freertos.dir/home/sudharsan/Desktop/embedded/Rpi_Pico/RPI_pico/pico-sdk/src/common/pico_time/time.c.o
                0x10000fb8                alarm_pool_cancel_alarm
 .text.alarm_pool_core_num
                0x10001038        0x4 CMakeFiles/gpio_freertos.dir/home/sudharsan/Desktop/embedded/Rpi_Pico/RPI_pico/pico-sdk/src/common/pico_time/time.c.o
                0x10001038                alarm_pool_core_num
 .text.sleep_until
                0x1000103c       0xb8 CMakeFiles/gpio_freertos.dir/home/sudharsan/Desktop/embedded/Rpi_Pico/RPI_pico/pico-sdk/src/common/pico_time/time.c.o
                0x1000103c                sleep_until
 .text.sleep_ms
                0x100010f4       0x2c CMakeFiles/gpio_freertos.dir/home/sudharsan/Desktop/embedded/Rpi_Pico/RPI_pico/pico-sdk/src/common/pico_time/time.c.o
                0x100010f4                sleep_ms
 .text.best_effort_wfe_or_timeout
                0x10001120       0xbc CMakeFiles/gpio_freertos.dir/home/sudharsan/Desktop/embedded/Rpi_Pico/RPI_pico/pico-sdk/src/common/pico_time/time.c.o
                0x10001120                best_effort_wfe_or_timeout
 .text.timer_hardware_alarm_claim
                0x100011dc       0x24 CMakeFiles/gpio_freertos.dir/home/sudharsan/Desktop/embedded/Rpi_Pico/RPI_pico/pico-sdk/src/rp2_common/hardware_timer/timer.c.o
                0x100011dc                timer_hardware_alarm_claim
 .text.timer_time_us_64
                0x10001200       0x10 CMakeFiles/gpio_freertos.dir/home/sudharsan/Desktop/embedded/Rpi_Pico/RPI_pico/pico-sdk/src/rp2_common/hardware_timer/timer.c.o
                0x10001200                timer_time_us_64
 .text.time_us_64
                0x10001210       0x14 CMakeFiles/gpio_freertos.dir/home/sudharsan/Desktop/embedded/Rpi_Pico/RPI_pico/pico-sdk/src/rp2_common/hardware_timer/timer.c.o
                0x10001210                time_us_64
 .text.busy_wait_until
                0x10001224       0x24 CMakeFiles/gpio_freertos.dir/home/sudharsan/Desktop/embedded/Rpi_Pico/RPI_pico/pico-sdk/src/rp2_common/hardware_timer/timer.c.o
                0x10001224                busy_wait_until
 .text.clock_configure_undivided
                0x10001248       0xd0 CMakeFiles/gpio_freertos.dir/home/sudharsan/Desktop/embedded/Rpi_Pico/RPI_pico/pico-sdk/src/rp2_common/hardware_clocks/clocks.c.o
                0x10001248                clock_configure_undivided
 .text.clock_get_hz
                0x10001318        0xc CMakeFiles/gpio_freertos.dir/home/sudharsan/Desktop/embedded/Rpi_Pico/RPI_pico/pico-sdk/src/rp2_common/hardware_clocks/clocks.c.o
                0x10001318                clock_get_hz
 .text.pll_init
                0x10001324       0x8c CMakeFiles/gpio_freertos.dir/home/sudharsan/Desktop/embedded/Rpi_Pico/RPI_pico/pico-sdk/src/rp2_common/hardware_pll/pll.c.o
                0x10001324                pll_init
 .text.watchdog_reboot
                0x100013b0       0x98 CMakeFiles/gpio_freertos.dir/home/sudharsan/Desktop/embedded/Rpi_Pico/RPI_pico/pico-sdk/src/rp2_common/hardware_watchdog/watchdog.c.o
                0x100013b0                watchdog_reboot
 .text.tick_start
                0x10001448       0x18 CMakeFiles/gpio_freertos.dir/home/sudharsan/Desktop/embedded/Rpi_Pico/RPI_pico/pico-sdk/src/rp2_common/hardware_ticks/ticks.c.o
                0x10001448                tick_start
 .text.rom_reboot.constprop.0.isra.0
                0x10001460       0x34 CMakeFiles/gpio_freertos.dir/home/sudharsan/Desktop/embedded/Rpi_Pico/RPI_pico/pico-sdk/src/rp2_common/pico_bootrom/bootrom.c.o
 .text.rom_func_lookup
                0x10001494       0x18 CMakeFiles/gpio_freertos.dir/home/sudharsan/Desktop/embedded/Rpi_Pico/RPI_pico/pico-sdk/src/rp2_common/pico_bootrom/bootrom.c.o
                0x10001494                rom_func_lookup
 .text.rom_reset_usb_boot_extra
                0x100014ac       0x1c CMakeFiles/gpio_freertos.dir/home/sudharsan/Desktop/embedded/Rpi_Pico/RPI_pico/pico-sdk/src/rp2_common/pico_bootrom/bootrom.c.o
                0x100014ac                rom_reset_usb_boot_extra
 .text.runtime_init_bootrom_locking_enable
                0x100014c8       0x14 CMakeFiles/gpio_freertos.dir/home/sudharsan/Desktop/embedded/Rpi_Pico/RPI_pico/pico-sdk/src/rp2_common/pico_bootrom/bootrom_lock.c.o
                0x100014c8                runtime_init_bootrom_locking_enable
 .text.runtime_init_boot_locks_reset
                0x100014dc       0x1c CMakeFiles/gpio_freertos.dir/home/sudharsan/Desktop/embedded/Rpi_Pico/RPI_pico/pico-sdk/src/rp2_common/hardware_boot_lock/boot_lock.c.o
                0x100014dc                runtime_init_boot_locks_reset
 .text.xosc_init
                0x100014f8       0x30 CMakeFiles/gpio_freertos.dir/home/sudharsan/Desktop/embedded/Rpi_Pico/RPI_pico/pico-sdk/src/rp2_common/hardware_xosc/xosc.c.o
                0x100014f8                xosc_init
 .text.first_per_core_initializer
                0x10001528        0x4 CMakeFiles/gpio_freertos.dir/home/sudharsan/Desktop/embedded/Rpi_Pico/RPI_pico/pico-sdk/src/rp2_common/pico_runtime/runtime.c.o
 .text.hard_assertion_failure
                0x1000152c        0xc CMakeFiles/gpio_freertos.dir/home/sudharsan/Desktop/embedded/Rpi_Pico/RPI_pico/pico-sdk/src/rp2_common/pico_runtime/runtime.c.o
                0x1000152c                hard_assertion_failure
 .text.runtime_run_initializers
                0x10001538       0x20 CMakeFiles/gpio_freertos.dir/home/sudharsan/Desktop/embedded/Rpi_Pico/RPI_pico/pico-sdk/src/rp2_common/pico_runtime/runtime.c.o
                0x10001538                runtime_run_initializers
 .text.runtime_run_per_core_initializers
                0x10001558       0x20 CMakeFiles/gpio_freertos.dir/home/sudharsan/Desktop/embedded/Rpi_Pico/RPI_pico/pico-sdk/src/rp2_common/pico_runtime/runtime.c.o
                0x10001558                runtime_run_per_core_initializers
 .text.runtime_init_early_resets
                0x10001578       0x34 CMakeFiles/gpio_freertos.dir/home/sudharsan/Desktop/embedded/Rpi_Pico/RPI_pico/pico-sdk/src/rp2_common/pico_runtime_init/runtime_init.c.o
                0x10001578                runtime_init_early_resets
 .text.runtime_init_usb_power_down
                0x100015ac       0x1c CMakeFiles/gpio_freertos.dir/home/sudharsan/Desktop/embedded/Rpi_Pico/RPI_pico/pico-sdk/src/rp2_common/pico_runtime_init/runtime_init.c.o
                0x100015ac                runtime_init_usb_power_down
 .text.runtime_init_per_core_enable_coprocessors
                0x100015c8       0x1c CMakeFiles/gpio_freertos.dir/home/sudharsan/Desktop/embedded/Rpi_Pico/RPI_pico/pico-sdk/src/rp2_common/pico_runtime_init/runtime_init.c.o
                0x100015c8                runtime_init_per_core_enable_coprocessors
 .text.runtime_init_post_clock_resets
                0x100015e4       0x20 CMakeFiles/gpio_freertos.dir/home/sudharsan/Desktop/embedded/Rpi_Pico/RPI_pico/pico-sdk/src/rp2_common/pico_runtime_init/runtime_init.c.o
                0x100015e4                runtime_init_post_clock_resets
 .text.runtime_init_bootrom_reset
                0x10001604       0x14 CMakeFiles/gpio_freertos.dir/home/sudharsan/Desktop/embedded/Rpi_Pico/RPI_pico/pico-sdk/src/rp2_common/pico_runtime_init/runtime_init.c.o
                0x10001604                runtime_init_bootrom_reset
 .text.runtime_init_per_core_bootrom_reset
                0x10001618       0x14 CMakeFiles/gpio_freertos.dir/home/sudharsan/Desktop/embedded/Rpi_Pico/RPI_pico/pico-sdk/src/rp2_common/pico_runtime_init/runtime_init.c.o
                0x10001618                runtime_init_per_core_bootrom_reset
 .text.runtime_init_spin_locks_reset
                0x1000162c        0x4 CMakeFiles/gpio_freertos.dir/home/sudharsan/Desktop/embedded/Rpi_Pico/RPI_pico/pico-sdk/src/rp2_common/pico_runtime_init/runtime_init.c.o
                0x1000162c                runtime_init_spin_locks_reset
 .text.runtime_init_install_ram_vector_table
                0x10001630       0x68 CMakeFiles/gpio_freertos.dir/home/sudharsan/Desktop/embedded/Rpi_Pico/RPI_pico/pico-sdk/src/rp2_common/pico_runtime_init/runtime_init.c.o
                0x10001630                runtime_init_install_ram_vector_table
 .text.runtime_init_clocks
                0x10001698       0xdc CMakeFiles/gpio_freertos.dir/home/sudharsan/Desktop/embedded/Rpi_Pico/RPI_pico/pico-sdk/src/rp2_common/pico_runtime_init/runtime_init_clocks.c.o
                0x10001698                runtime_init_clocks
 .text._out_char
                0x10001774        0x8 CMakeFiles/gpio_freertos.dir/home/sudharsan/Desktop/embedded/Rpi_Pico/RPI_pico/pico-sdk/src/rp2_common/pico_printf/printf.c.o
 .text.weak_raw_vprintf
                0x1000177c       0x30 CMakeFiles/gpio_freertos.dir/home/sudharsan/Desktop/embedded/Rpi_Pico/RPI_pico/pico-sdk/src/rp2_common/pico_printf/printf.c.o
                0x1000177c                weak_raw_vprintf
 .text._exit    0x100017ac        0x4 CMakeFiles/gpio_freertos.dir/home/sudharsan/Desktop/embedded/Rpi_Pico/RPI_pico/pico-sdk/src/rp2_common/pico_clib_interface/newlib_interface.c.o
                0x100017ac                _exit
 .text.exit     0x100017b0        0x8 CMakeFiles/gpio_freertos.dir/home/sudharsan/Desktop/embedded/Rpi_Pico/RPI_pico/pico-sdk/src/rp2_common/pico_clib_interface/newlib_interface.c.o
                0x100017b0                exit
 .text.runtime_init
                0x100017b8       0x24 CMakeFiles/gpio_freertos.dir/home/sudharsan/Desktop/embedded/Rpi_Pico/RPI_pico/pico-sdk/src/rp2_common/pico_clib_interface/newlib_interface.c.o
                0x100017b8                runtime_init
 .text.stdio_out_chars_no_crlf
                0x100017dc        0x8 CMakeFiles/gpio_freertos.dir/home/sudharsan/Desktop/embedded/Rpi_Pico/RPI_pico/pico-sdk/src/rp2_common/pico_stdio/stdio.c.o
 .text.stdio_out_chars_crlf
                0x100017e4       0xac CMakeFiles/gpio_freertos.dir/home/sudharsan/Desktop/embedded/Rpi_Pico/RPI_pico/pico-sdk/src/rp2_common/pico_stdio/stdio.c.o
 .text.stdio_put_string
                0x10001890       0xf0 CMakeFiles/gpio_freertos.dir/home/sudharsan/Desktop/embedded/Rpi_Pico/RPI_pico/pico-sdk/src/rp2_common/pico_stdio/stdio.c.o
                0x10001890                stdio_put_string
 .text.stdio_set_driver_enabled
                0x10001980       0x30 CMakeFiles/gpio_freertos.dir/home/sudharsan/Desktop/embedded/Rpi_Pico/RPI_pico/pico-sdk/src/rp2_common/pico_stdio/stdio.c.o
                0x10001980                stdio_set_driver_enabled
 .text.stdio_init_all
                0x100019b0        0x4 CMakeFiles/gpio_freertos.dir/home/sudharsan/Desktop/embedded/Rpi_Pico/RPI_pico/pico-sdk/src/rp2_common/pico_stdio/stdio.c.o
                0x100019b0                stdio_init_all
 .text.__wrap_putchar
                0x100019b4       0x84 CMakeFiles/gpio_freertos.dir/home/sudharsan/Desktop/embedded/Rpi_Pico/RPI_pico/pico-sdk/src/rp2_common/pico_stdio/stdio.c.o
                0x100019b4                stdio_putchar
                0x100019b4                __wrap_putchar
 .text.__wrap_puts
                0x10001a38       0x3c CMakeFiles/gpio_freertos.dir/home/sudharsan/Desktop/embedded/Rpi_Pico/RPI_pico/pico-sdk/src/rp2_common/pico_stdio/stdio.c.o
                0x10001a38                __wrap_puts
                0x10001a38                stdio_puts
 .text.resetd_init
                0x10001a74        0x4 CMakeFiles/gpio_freertos.dir/home/sudharsan/Desktop/embedded/Rpi_Pico/RPI_pico/pico-sdk/src/rp2_common/pico_stdio_usb/reset_interface.c.o
 .text.resetd_reset
                0x10001a78        0xc CMakeFiles/gpio_freertos.dir/home/sudharsan/Desktop/embedded/Rpi_Pico/RPI_pico/pico-sdk/src/rp2_common/pico_stdio_usb/reset_interface.c.o
 .text.resetd_open
                0x10001a84       0x28 CMakeFiles/gpio_freertos.dir/home/sudharsan/Desktop/embedded/Rpi_Pico/RPI_pico/pico-sdk/src/rp2_common/pico_stdio_usb/reset_interface.c.o
 .text.resetd_xfer_cb
                0x10001aac        0x4 CMakeFiles/gpio_freertos.dir/home/sudharsan/Desktop/embedded/Rpi_Pico/RPI_pico/pico-sdk/src/rp2_common/pico_stdio_usb/reset_interface.c.o
 .text.resetd_control_xfer_cb
                0x10001ab0       0x50 CMakeFiles/gpio_freertos.dir/home/sudharsan/Desktop/embedded/Rpi_Pico/RPI_pico/pico-sdk/src/rp2_common/pico_stdio_usb/reset_interface.c.o
 .text.tud_descriptor_bos_cb
                0x10001b00        0x8 CMakeFiles/gpio_freertos.dir/home/sudharsan/Desktop/embedded/Rpi_Pico/RPI_pico/pico-sdk/src/rp2_common/pico_stdio_usb/reset_interface.c.o
                0x10001b00                tud_descriptor_bos_cb
 .text.tud_vendor_control_xfer_cb
                0x10001b08       0x28 CMakeFiles/gpio_freertos.dir/home/sudharsan/Desktop/embedded/Rpi_Pico/RPI_pico/pico-sdk/src/rp2_common/pico_stdio_usb/reset_interface.c.o
                0x10001b08                tud_vendor_control_xfer_cb
 .text.usbd_app_driver_get_cb
                0x10001b30       0x10 CMakeFiles/gpio_freertos.dir/home/sudharsan/Desktop/embedded/Rpi_Pico/RPI_pico/pico-sdk/src/rp2_common/pico_stdio_usb/reset_interface.c.o
                0x10001b30                usbd_app_driver_get_cb
 .text.tud_cdc_line_coding_cb
                0x10001b40       0x18 CMakeFiles/gpio_freertos.dir/home/sudharsan/Desktop/embedded/Rpi_Pico/RPI_pico/pico-sdk/src/rp2_common/pico_stdio_usb/reset_interface.c.o
                0x10001b40                tud_cdc_line_coding_cb
 .text.stdio_usb_set_chars_available_callback
                0x10001b58       0x14 CMakeFiles/gpio_freertos.dir/home/sudharsan/Desktop/embedded/Rpi_Pico/RPI_pico/pico-sdk/src/rp2_common/pico_stdio_usb/stdio_usb.c.o
                0x10001b58                stdio_usb_set_chars_available_callback
 .text.timer_task
                0x10001b6c       0x70 CMakeFiles/gpio_freertos.dir/home/sudharsan/Desktop/embedded/Rpi_Pico/RPI_pico/pico-sdk/src/rp2_common/pico_stdio_usb/stdio_usb.c.o
 .text.usb_irq  0x10001bdc        0xc CMakeFiles/gpio_freertos.dir/home/sudharsan/Desktop/embedded/Rpi_Pico/RPI_pico/pico-sdk/src/rp2_common/pico_stdio_usb/stdio_usb.c.o
 .text.stdio_usb_in_chars
                0x10001be8       0x88 CMakeFiles/gpio_freertos.dir/home/sudharsan/Desktop/embedded/Rpi_Pico/RPI_pico/pico-sdk/src/rp2_common/pico_stdio_usb/stdio_usb.c.o
                0x10001be8                stdio_usb_in_chars
 .text.stdio_usb_out_flush
                0x10001c70       0x54 CMakeFiles/gpio_freertos.dir/home/sudharsan/Desktop/embedded/Rpi_Pico/RPI_pico/pico-sdk/src/rp2_common/pico_stdio_usb/stdio_usb.c.o
 .text.stdio_usb_out_chars
                0x10001cc4       0xf4 CMakeFiles/gpio_freertos.dir/home/sudharsan/Desktop/embedded/Rpi_Pico/RPI_pico/pico-sdk/src/rp2_common/pico_stdio_usb/stdio_usb.c.o
 .text.low_priority_worker_irq
                0x10001db8       0xd8 CMakeFiles/gpio_freertos.dir/home/sudharsan/Desktop/embedded/Rpi_Pico/RPI_pico/pico-sdk/src/rp2_common/pico_stdio_usb/stdio_usb.c.o
 .text.stdio_usb_init
                0x10001e90       0xe8 CMakeFiles/gpio_freertos.dir/home/sudharsan/Desktop/embedded/Rpi_Pico/RPI_pico/pico-sdk/src/rp2_common/pico_stdio_usb/stdio_usb.c.o
                0x10001e90                stdio_usb_init
 .text.tud_descriptor_device_cb
                0x10001f78        0x8 CMakeFiles/gpio_freertos.dir/home/sudharsan/Desktop/embedded/Rpi_Pico/RPI_pico/pico-sdk/src/rp2_common/pico_stdio_usb/stdio_usb_descriptors.c.o
                0x10001f78                tud_descriptor_device_cb
 .text.tud_descriptor_configuration_cb
                0x10001f80        0x8 CMakeFiles/gpio_freertos.dir/home/sudharsan/Desktop/embedded/Rpi_Pico/RPI_pico/pico-sdk/src/rp2_common/pico_stdio_usb/stdio_usb_descriptors.c.o
                0x10001f80                tud_descriptor_configuration_cb
 .text.tud_descriptor_string_cb
                0x10001f88       0x70 CMakeFiles/gpio_freertos.dir/home/sudharsan/Desktop/embedded/Rpi_Pico/RPI_pico/pico-sdk/src/rp2_common/pico_stdio_usb/stdio_usb_descriptors.c.o
                0x10001f88                tud_descriptor_string_cb
 .text.startup._retrieve_unique_id_on_boot
                0x10001ff8       0x30 CMakeFiles/gpio_freertos.dir/home/sudharsan/Desktop/embedded/Rpi_Pico/RPI_pico/pico-sdk/src/rp2_common/pico_unique_id/unique_id.c.o
 .text.pico_get_unique_board_id_string
                0x10002028      0x184 CMakeFiles/gpio_freertos.dir/home/sudharsan/Desktop/embedded/Rpi_Pico/RPI_pico/pico-sdk/src/rp2_common/pico_unique_id/unique_id.c.o
                0x10002028                pico_get_unique_board_id_string
 .text.dcd_init
                0x100021ac       0x90 CMakeFiles/gpio_freertos.dir/home/sudharsan/Desktop/embedded/Rpi_Pico/RPI_pico/pico-sdk/lib/tinyusb/src/portable/raspberrypi/rp2040/dcd_rp2040.c.o
                0x100021ac                dcd_init
 .text.dcd_int_enable
                0x1000223c        0x8 CMakeFiles/gpio_freertos.dir/home/sudharsan/Desktop/embedded/Rpi_Pico/RPI_pico/pico-sdk/lib/tinyusb/src/portable/raspberrypi/rp2040/dcd_rp2040.c.o
                0x1000223c                dcd_int_enable
 .text.dcd_set_address
                0x10002244       0x10 CMakeFiles/gpio_freertos.dir/home/sudharsan/Desktop/embedded/Rpi_Pico/RPI_pico/pico-sdk/lib/tinyusb/src/portable/raspberrypi/rp2040/dcd_rp2040.c.o
                0x10002244                dcd_set_address
 .text.dcd_sof_enable
                0x10002254       0x1c CMakeFiles/gpio_freertos.dir/home/sudharsan/Desktop/embedded/Rpi_Pico/RPI_pico/pico-sdk/lib/tinyusb/src/portable/raspberrypi/rp2040/dcd_rp2040.c.o
                0x10002254                dcd_sof_enable
 .text.dcd_edpt0_status_complete
                0x10002270       0x1c CMakeFiles/gpio_freertos.dir/home/sudharsan/Desktop/embedded/Rpi_Pico/RPI_pico/pico-sdk/lib/tinyusb/src/portable/raspberrypi/rp2040/dcd_rp2040.c.o
                0x10002270                dcd_edpt0_status_complete
 .text.dcd_edpt_open
                0x1000228c      0x108 CMakeFiles/gpio_freertos.dir/home/sudharsan/Desktop/embedded/Rpi_Pico/RPI_pico/pico-sdk/lib/tinyusb/src/portable/raspberrypi/rp2040/dcd_rp2040.c.o
                0x1000228c                dcd_edpt_open
 .text.dcd_edpt_close_all
                0x10002394        0x4 CMakeFiles/gpio_freertos.dir/home/sudharsan/Desktop/embedded/Rpi_Pico/RPI_pico/pico-sdk/lib/tinyusb/src/portable/raspberrypi/rp2040/dcd_rp2040.c.o
                0x10002394                dcd_edpt_close_all
 .text.dcd_edpt_xfer
                0x10002398       0x28 CMakeFiles/gpio_freertos.dir/home/sudharsan/Desktop/embedded/Rpi_Pico/RPI_pico/pico-sdk/lib/tinyusb/src/portable/raspberrypi/rp2040/dcd_rp2040.c.o
                0x10002398                dcd_edpt_xfer
 .text.dcd_edpt_stall
                0x100023c0       0x2c CMakeFiles/gpio_freertos.dir/home/sudharsan/Desktop/embedded/Rpi_Pico/RPI_pico/pico-sdk/lib/tinyusb/src/portable/raspberrypi/rp2040/dcd_rp2040.c.o
                0x100023c0                dcd_edpt_stall
 .text.dcd_edpt_clear_stall
                0x100023ec       0x2c CMakeFiles/gpio_freertos.dir/home/sudharsan/Desktop/embedded/Rpi_Pico/RPI_pico/pico-sdk/lib/tinyusb/src/portable/raspberrypi/rp2040/dcd_rp2040.c.o
                0x100023ec                dcd_edpt_clear_stall
 .text.rp2040_usb_init
                0x10002418       0x40 CMakeFiles/gpio_freertos.dir/home/sudharsan/Desktop/embedded/Rpi_Pico/RPI_pico/pico-sdk/lib/tinyusb/src/portable/raspberrypi/rp2040/rp2040_usb.c.o
                0x10002418                rp2040_usb_init
 .text.hw_endpoint_xfer_start
                0x10002458       0x40 CMakeFiles/gpio_freertos.dir/home/sudharsan/Desktop/embedded/Rpi_Pico/RPI_pico/pico-sdk/lib/tinyusb/src/portable/raspberrypi/rp2040/rp2040_usb.c.o
                0x10002458                hw_endpoint_xfer_start
 .text.configuration_reset
                0x10002498       0x8c CMakeFiles/gpio_freertos.dir/home/sudharsan/Desktop/embedded/Rpi_Pico/RPI_pico/pico-sdk/lib/tinyusb/src/device/usbd.c.o
 .text.tud_event_hook_cb
                0x10002524        0x4 CMakeFiles/gpio_freertos.dir/home/sudharsan/Desktop/embedded/Rpi_Pico/RPI_pico/pico-sdk/lib/tinyusb/src/device/usbd.c.o
                0x10002524                tud_event_hook_cb
 .text.tud_sof_cb
                0x10002528        0x4 CMakeFiles/gpio_freertos.dir/home/sudharsan/Desktop/embedded/Rpi_Pico/RPI_pico/pico-sdk/lib/tinyusb/src/device/usbd.c.o
                0x10002528                tud_sof_cb
 .text.tud_descriptor_device_qualifier_cb
                0x1000252c        0x4 CMakeFiles/gpio_freertos.dir/home/sudharsan/Desktop/embedded/Rpi_Pico/RPI_pico/pico-sdk/lib/tinyusb/src/device/usbd.c.o
                0x1000252c                tud_descriptor_device_qualifier_cb
 .text.tud_descriptor_other_speed_configuration_cb
                0x10002530        0x4 CMakeFiles/gpio_freertos.dir/home/sudharsan/Desktop/embedded/Rpi_Pico/RPI_pico/pico-sdk/lib/tinyusb/src/device/usbd.c.o
                0x10002530                tud_descriptor_other_speed_configuration_cb
 .text.tud_mount_cb
                0x10002534        0x4 CMakeFiles/gpio_freertos.dir/home/sudharsan/Desktop/embedded/Rpi_Pico/RPI_pico/pico-sdk/lib/tinyusb/src/device/usbd.c.o
                0x10002534                tud_mount_cb
 .text.tud_umount_cb
                0x10002538        0x4 CMakeFiles/gpio_freertos.dir/home/sudharsan/Desktop/embedded/Rpi_Pico/RPI_pico/pico-sdk/lib/tinyusb/src/device/usbd.c.o
                0x10002538                tud_umount_cb
 .text.tud_suspend_cb
                0x1000253c        0x4 CMakeFiles/gpio_freertos.dir/home/sudharsan/Desktop/embedded/Rpi_Pico/RPI_pico/pico-sdk/lib/tinyusb/src/device/usbd.c.o
                0x1000253c                tud_suspend_cb
 .text.tud_resume_cb
                0x10002540        0x4 CMakeFiles/gpio_freertos.dir/home/sudharsan/Desktop/embedded/Rpi_Pico/RPI_pico/pico-sdk/lib/tinyusb/src/device/usbd.c.o
                0x10002540                tud_resume_cb
 .text.tud_mounted
                0x10002544       0x10 CMakeFiles/gpio_freertos.dir/home/sudharsan/Desktop/embedded/Rpi_Pico/RPI_pico/pico-sdk/lib/tinyusb/src/device/usbd.c.o
                0x10002544                tud_mounted
 .text.tud_suspended
                0x10002554       0x10 CMakeFiles/gpio_freertos.dir/home/sudharsan/Desktop/embedded/Rpi_Pico/RPI_pico/pico-sdk/lib/tinyusb/src/device/usbd.c.o
                0x10002554                tud_suspended
 .text.tud_rhport_init
                0x10002564       0xf8 CMakeFiles/gpio_freertos.dir/home/sudharsan/Desktop/embedded/Rpi_Pico/RPI_pico/pico-sdk/lib/tinyusb/src/device/usbd.c.o
                0x10002564                tud_rhport_init
 .text.tud_task_ext
                0x1000265c      0x784 CMakeFiles/gpio_freertos.dir/home/sudharsan/Desktop/embedded/Rpi_Pico/RPI_pico/pico-sdk/lib/tinyusb/src/device/usbd.c.o
                0x1000265c                tud_task_ext
 .text.usbd_open_edpt_pair
                0x10002de0       0x9c CMakeFiles/gpio_freertos.dir/home/sudharsan/Desktop/embedded/Rpi_Pico/RPI_pico/pico-sdk/lib/tinyusb/src/device/usbd.c.o
                0x10002de0                usbd_open_edpt_pair
 .text.usbd_edpt_open
                0x10002e7c       0x44 CMakeFiles/gpio_freertos.dir/home/sudharsan/Desktop/embedded/Rpi_Pico/RPI_pico/pico-sdk/lib/tinyusb/src/device/usbd.c.o
                0x10002e7c                usbd_edpt_open
 .text.usbd_edpt_claim
                0x10002ec0       0x24 CMakeFiles/gpio_freertos.dir/home/sudharsan/Desktop/embedded/Rpi_Pico/RPI_pico/pico-sdk/lib/tinyusb/src/device/usbd.c.o
                0x10002ec0                usbd_edpt_claim
 .text.usbd_edpt_release
                0x10002ee4       0x24 CMakeFiles/gpio_freertos.dir/home/sudharsan/Desktop/embedded/Rpi_Pico/RPI_pico/pico-sdk/lib/tinyusb/src/device/usbd.c.o
                0x10002ee4                usbd_edpt_release
 .text.usbd_edpt_xfer
                0x10002f08       0x70 CMakeFiles/gpio_freertos.dir/home/sudharsan/Desktop/embedded/Rpi_Pico/RPI_pico/pico-sdk/lib/tinyusb/src/device/usbd.c.o
                0x10002f08                usbd_edpt_xfer
 .text.tud_control_status
                0x10002f78       0x34 CMakeFiles/gpio_freertos.dir/home/sudharsan/Desktop/embedded/Rpi_Pico/RPI_pico/pico-sdk/lib/tinyusb/src/device/usbd_control.c.o
                0x10002f78                tud_control_status
 .text.tud_control_xfer
                0x10002fac       0xac CMakeFiles/gpio_freertos.dir/home/sudharsan/Desktop/embedded/Rpi_Pico/RPI_pico/pico-sdk/lib/tinyusb/src/device/usbd_control.c.o
                0x10002fac                tud_control_xfer
 .text.usbd_control_reset
                0x10003058       0x14 CMakeFiles/gpio_freertos.dir/home/sudharsan/Desktop/embedded/Rpi_Pico/RPI_pico/pico-sdk/lib/tinyusb/src/device/usbd_control.c.o
                0x10003058                usbd_control_reset
 .text.usbd_control_set_complete_callback
                0x1000306c        0xc CMakeFiles/gpio_freertos.dir/home/sudharsan/Desktop/embedded/Rpi_Pico/RPI_pico/pico-sdk/lib/tinyusb/src/device/usbd_control.c.o
                0x1000306c                usbd_control_set_complete_callback
 .text.usbd_control_set_request
                0x10003078       0x1c CMakeFiles/gpio_freertos.dir/home/sudharsan/Desktop/embedded/Rpi_Pico/RPI_pico/pico-sdk/lib/tinyusb/src/device/usbd_control.c.o
                0x10003078                usbd_control_set_request
 .text.usbd_control_xfer_cb
                0x10003094       0xfc CMakeFiles/gpio_freertos.dir/home/sudharsan/Desktop/embedded/Rpi_Pico/RPI_pico/pico-sdk/lib/tinyusb/src/device/usbd_control.c.o
                0x10003094                usbd_control_xfer_cb
 .text._prep_out_transaction.isra.0
                0x10003190       0x74 CMakeFiles/gpio_freertos.dir/home/sudharsan/Desktop/embedded/Rpi_Pico/RPI_pico/pico-sdk/lib/tinyusb/src/class/cdc/cdc_device.c.o
 .text.tud_cdc_n_connected
                0x10003204       0x2c CMakeFiles/gpio_freertos.dir/home/sudharsan/Desktop/embedded/Rpi_Pico/RPI_pico/pico-sdk/lib/tinyusb/src/class/cdc/cdc_device.c.o
                0x10003204                tud_cdc_n_connected
 .text.tud_cdc_n_available
                0x10003230       0x18 CMakeFiles/gpio_freertos.dir/home/sudharsan/Desktop/embedded/Rpi_Pico/RPI_pico/pico-sdk/lib/tinyusb/src/class/cdc/cdc_device.c.o
                0x10003230                tud_cdc_n_available
 .text.tud_cdc_n_read
                0x10003248       0x8c CMakeFiles/gpio_freertos.dir/home/sudharsan/Desktop/embedded/Rpi_Pico/RPI_pico/pico-sdk/lib/tinyusb/src/class/cdc/cdc_device.c.o
                0x10003248                tud_cdc_n_read
 .text.tud_cdc_n_write_flush
                0x100032d4       0x8c CMakeFiles/gpio_freertos.dir/home/sudharsan/Desktop/embedded/Rpi_Pico/RPI_pico/pico-sdk/lib/tinyusb/src/class/cdc/cdc_device.c.o
                0x100032d4                tud_cdc_n_write_flush
 .text.tud_cdc_n_write
                0x10003360       0x44 CMakeFiles/gpio_freertos.dir/home/sudharsan/Desktop/embedded/Rpi_Pico/RPI_pico/pico-sdk/lib/tinyusb/src/class/cdc/cdc_device.c.o
                0x10003360                tud_cdc_n_write
 .text.tud_cdc_n_write_available
                0x100033a4       0x18 CMakeFiles/gpio_freertos.dir/home/sudharsan/Desktop/embedded/Rpi_Pico/RPI_pico/pico-sdk/lib/tinyusb/src/class/cdc/cdc_device.c.o
                0x100033a4                tud_cdc_n_write_available
 .text.cdcd_init
                0x100033bc       0x70 CMakeFiles/gpio_freertos.dir/home/sudharsan/Desktop/embedded/Rpi_Pico/RPI_pico/pico-sdk/lib/tinyusb/src/class/cdc/cdc_device.c.o
                0x100033bc                cdcd_init
 .text.cdcd_deinit
                0x1000342c       0x2c CMakeFiles/gpio_freertos.dir/home/sudharsan/Desktop/embedded/Rpi_Pico/RPI_pico/pico-sdk/lib/tinyusb/src/class/cdc/cdc_device.c.o
                0x1000342c                cdcd_deinit
 .text.cdcd_reset
                0x10003458       0x4c CMakeFiles/gpio_freertos.dir/home/sudharsan/Desktop/embedded/Rpi_Pico/RPI_pico/pico-sdk/lib/tinyusb/src/class/cdc/cdc_device.c.o
                0x10003458                cdcd_reset
 .text.cdcd_open
                0x100034a4       0xbc CMakeFiles/gpio_freertos.dir/home/sudharsan/Desktop/embedded/Rpi_Pico/RPI_pico/pico-sdk/lib/tinyusb/src/class/cdc/cdc_device.c.o
                0x100034a4                cdcd_open
 .text.cdcd_control_xfer_cb
                0x10003560       0xc0 CMakeFiles/gpio_freertos.dir/home/sudharsan/Desktop/embedded/Rpi_Pico/RPI_pico/pico-sdk/lib/tinyusb/src/class/cdc/cdc_device.c.o
                0x10003560                cdcd_control_xfer_cb
 .text.cdcd_xfer_cb
                0x10003620       0xfc CMakeFiles/gpio_freertos.dir/home/sudharsan/Desktop/embedded/Rpi_Pico/RPI_pico/pico-sdk/lib/tinyusb/src/class/cdc/cdc_device.c.o
                0x10003620                cdcd_xfer_cb
 .text.vendord_init
                0x1000371c       0x5c CMakeFiles/gpio_freertos.dir/home/sudharsan/Desktop/embedded/Rpi_Pico/RPI_pico/pico-sdk/lib/tinyusb/src/class/vendor/vendor_device.c.o
                0x1000371c                vendord_init
 .text.vendord_deinit
                0x10003778       0x1c CMakeFiles/gpio_freertos.dir/home/sudharsan/Desktop/embedded/Rpi_Pico/RPI_pico/pico-sdk/lib/tinyusb/src/class/vendor/vendor_device.c.o
                0x10003778                vendord_deinit
 .text.vendord_reset
                0x10003794       0x24 CMakeFiles/gpio_freertos.dir/home/sudharsan/Desktop/embedded/Rpi_Pico/RPI_pico/pico-sdk/lib/tinyusb/src/class/vendor/vendor_device.c.o
                0x10003794                vendord_reset
 .text.vendord_open
                0x100037b8      0x104 CMakeFiles/gpio_freertos.dir/home/sudharsan/Desktop/embedded/Rpi_Pico/RPI_pico/pico-sdk/lib/tinyusb/src/class/vendor/vendor_device.c.o
                0x100037b8                vendord_open
 .text.vendord_xfer_cb
                0x100038bc       0x88 CMakeFiles/gpio_freertos.dir/home/sudharsan/Desktop/embedded/Rpi_Pico/RPI_pico/pico-sdk/lib/tinyusb/src/class/vendor/vendor_device.c.o
                0x100038bc                vendord_xfer_cb
 .text.tusb_rhport_init
                0x10003944       0x60 CMakeFiles/gpio_freertos.dir/home/sudharsan/Desktop/embedded/Rpi_Pico/RPI_pico/pico-sdk/lib/tinyusb/src/tusb.c.o
                0x10003944                tusb_rhport_init
 .text.tu_edpt_claim
                0x100039a4       0x54 CMakeFiles/gpio_freertos.dir/home/sudharsan/Desktop/embedded/Rpi_Pico/RPI_pico/pico-sdk/lib/tinyusb/src/tusb.c.o
                0x100039a4                tu_edpt_claim
 .text.tu_edpt_release
                0x100039f8       0x38 CMakeFiles/gpio_freertos.dir/home/sudharsan/Desktop/embedded/Rpi_Pico/RPI_pico/pico-sdk/lib/tinyusb/src/tusb.c.o
                0x100039f8                tu_edpt_release
 .text.tu_edpt_validate
                0x10003a30       0x64 CMakeFiles/gpio_freertos.dir/home/sudharsan/Desktop/embedded/Rpi_Pico/RPI_pico/pico-sdk/lib/tinyusb/src/tusb.c.o
                0x10003a30                tu_edpt_validate
 .text.tu_edpt_bind_driver
                0x10003a94       0x58 CMakeFiles/gpio_freertos.dir/home/sudharsan/Desktop/embedded/Rpi_Pico/RPI_pico/pico-sdk/lib/tinyusb/src/tusb.c.o
                0x10003a94                tu_edpt_bind_driver
 .text.tu_edpt_stream_init
                0x10003aec       0x58 CMakeFiles/gpio_freertos.dir/home/sudharsan/Desktop/embedded/Rpi_Pico/RPI_pico/pico-sdk/lib/tinyusb/src/tusb.c.o
                0x10003aec                tu_edpt_stream_init
 .text.tu_edpt_stream_deinit
                0x10003b44        0x4 CMakeFiles/gpio_freertos.dir/home/sudharsan/Desktop/embedded/Rpi_Pico/RPI_pico/pico-sdk/lib/tinyusb/src/tusb.c.o
                0x10003b44                tu_edpt_stream_deinit
 .text.tu_edpt_stream_write_zlp_if_needed
                0x10003b48       0x68 CMakeFiles/gpio_freertos.dir/home/sudharsan/Desktop/embedded/Rpi_Pico/RPI_pico/pico-sdk/lib/tinyusb/src/tusb.c.o
                0x10003b48                tu_edpt_stream_write_zlp_if_needed
 .text.tu_edpt_stream_write_xfer
                0x10003bb0       0x70 CMakeFiles/gpio_freertos.dir/home/sudharsan/Desktop/embedded/Rpi_Pico/RPI_pico/pico-sdk/lib/tinyusb/src/tusb.c.o
                0x10003bb0                tu_edpt_stream_write_xfer
 .text.tu_edpt_stream_read_xfer
                0x10003c20       0xd0 CMakeFiles/gpio_freertos.dir/home/sudharsan/Desktop/embedded/Rpi_Pico/RPI_pico/pico-sdk/lib/tinyusb/src/tusb.c.o
                0x10003c20                tu_edpt_stream_read_xfer
 .text.tu_fifo_config
                0x10003cf0       0x60 CMakeFiles/gpio_freertos.dir/home/sudharsan/Desktop/embedded/Rpi_Pico/RPI_pico/pico-sdk/lib/tinyusb/src/common/tusb_fifo.c.o
                0x10003cf0                tu_fifo_config
 .text.tu_fifo_count
                0x10003d50       0x20 CMakeFiles/gpio_freertos.dir/home/sudharsan/Desktop/embedded/Rpi_Pico/RPI_pico/pico-sdk/lib/tinyusb/src/common/tusb_fifo.c.o
                0x10003d50                tu_fifo_count
 .text.tu_fifo_empty
                0x10003d70       0x14 CMakeFiles/gpio_freertos.dir/home/sudharsan/Desktop/embedded/Rpi_Pico/RPI_pico/pico-sdk/lib/tinyusb/src/common/tusb_fifo.c.o
                0x10003d70                tu_fifo_empty
 .text.tu_fifo_remaining
                0x10003d84       0x24 CMakeFiles/gpio_freertos.dir/home/sudharsan/Desktop/embedded/Rpi_Pico/RPI_pico/pico-sdk/lib/tinyusb/src/common/tusb_fifo.c.o
                0x10003d84                tu_fifo_remaining
 .text.tu_fifo_read
                0x10003da8       0x94 CMakeFiles/gpio_freertos.dir/home/sudharsan/Desktop/embedded/Rpi_Pico/RPI_pico/pico-sdk/lib/tinyusb/src/common/tusb_fifo.c.o
                0x10003da8                tu_fifo_read
 .text.tu_fifo_read_n
                0x10003e3c       0xd8 CMakeFiles/gpio_freertos.dir/home/sudharsan/Desktop/embedded/Rpi_Pico/RPI_pico/pico-sdk/lib/tinyusb/src/common/tusb_fifo.c.o
                0x10003e3c                tu_fifo_read_n
 .text.tu_fifo_write
                0x10003f14       0xa0 CMakeFiles/gpio_freertos.dir/home/sudharsan/Desktop/embedded/Rpi_Pico/RPI_pico/pico-sdk/lib/tinyusb/src/common/tusb_fifo.c.o
                0x10003f14                tu_fifo_write
 .text.tu_fifo_write_n
                0x10003fb4      0x158 CMakeFiles/gpio_freertos.dir/home/sudharsan/Desktop/embedded/Rpi_Pico/RPI_pico/pico-sdk/lib/tinyusb/src/common/tusb_fifo.c.o
                0x10003fb4                tu_fifo_write_n
 .text.tu_fifo_clear
                0x1000410c       0x38 CMakeFiles/gpio_freertos.dir/home/sudharsan/Desktop/embedded/Rpi_Pico/RPI_pico/pico-sdk/lib/tinyusb/src/common/tusb_fifo.c.o
                0x1000410c                tu_fifo_clear
 .text.tu_fifo_set_overwritable
                0x10004144       0x3c CMakeFiles/gpio_freertos.dir/home/sudharsan/Desktop/embedded/Rpi_Pico/RPI_pico/pico-sdk/lib/tinyusb/src/common/tusb_fifo.c.o
                0x10004144                tu_fifo_set_overwritable
 .text.prvDoorbellInterruptHandler
                0x10004180       0x30 CMakeFiles/gpio_freertos.dir/home/sudharsan/Desktop/embedded/FreeRTOS-Kernel/portable/ThirdParty/GCC/RP2350_ARM_NTZ/non_secure/port.c.o
 .text.prvTaskExitError
                0x100041b0       0x18 CMakeFiles/gpio_freertos.dir/home/sudharsan/Desktop/embedded/FreeRTOS-Kernel/portable/ThirdParty/GCC/RP2350_ARM_NTZ/non_secure/port.c.o
 .text.SysTick_Handler
                0x100041c8       0x24 CMakeFiles/gpio_freertos.dir/home/sudharsan/Desktop/embedded/FreeRTOS-Kernel/portable/ThirdParty/GCC/RP2350_ARM_NTZ/non_secure/port.c.o
                0x100041c8                SysTick_Handler
 .text.vPortSetupTimerInterrupt
                0x100041ec       0x2c CMakeFiles/gpio_freertos.dir/home/sudharsan/Desktop/embedded/FreeRTOS-Kernel/portable/ThirdParty/GCC/RP2350_ARM_NTZ/non_secure/port.c.o
                0x100041ec                vPortSetupTimerInterrupt
 .text.xPortStartSchedulerOnCore.isra.0
                0x10004218      0x10c CMakeFiles/gpio_freertos.dir/home/sudharsan/Desktop/embedded/FreeRTOS-Kernel/portable/ThirdParty/GCC/RP2350_ARM_NTZ/non_secure/port.c.o
 .text.prvDisableInterruptsAndPortStartSchedulerOnCore
                0x10004324       0x10 CMakeFiles/gpio_freertos.dir/home/sudharsan/Desktop/embedded/FreeRTOS-Kernel/portable/ThirdParty/GCC/RP2350_ARM_NTZ/non_secure/port.c.o
 .text.vPortYield
                0x10004334       0x18 CMakeFiles/gpio_freertos.dir/home/sudharsan/Desktop/embedded/FreeRTOS-Kernel/portable/ThirdParty/GCC/RP2350_ARM_NTZ/non_secure/port.c.o
                0x10004334                vPortYield
 .text.vPortSVCHandler_C
                0x1000434c       0x2c CMakeFiles/gpio_freertos.dir/home/sudharsan/Desktop/embedded/FreeRTOS-Kernel/portable/ThirdParty/GCC/RP2350_ARM_NTZ/non_secure/port.c.o
                0x1000434c                vPortSVCHandler_C
 .text.pxPortInitialiseStack
                0x10004378       0x78 CMakeFiles/gpio_freertos.dir/home/sudharsan/Desktop/embedded/FreeRTOS-Kernel/portable/ThirdParty/GCC/RP2350_ARM_NTZ/non_secure/port.c.o
                0x10004378                pxPortInitialiseStack
 .text.xPortStartScheduler
                0x100043f0       0x50 CMakeFiles/gpio_freertos.dir/home/sudharsan/Desktop/embedded/FreeRTOS-Kernel/portable/ThirdParty/GCC/RP2350_ARM_NTZ/non_secure/port.c.o
                0x100043f0                xPortStartScheduler
 .text.vPortValidateInterruptPriority
                0x10004440       0x14 CMakeFiles/gpio_freertos.dir/home/sudharsan/Desktop/embedded/FreeRTOS-Kernel/portable/ThirdParty/GCC/RP2350_ARM_NTZ/non_secure/port.c.o
                0x10004440                vPortValidateInterruptPriority
 .text.ulPortLockGetCurrentOwnerId
                0x10004454       0x2c CMakeFiles/gpio_freertos.dir/home/sudharsan/Desktop/embedded/FreeRTOS-Kernel/portable/ThirdParty/GCC/RP2350_ARM_NTZ/non_secure/port.c.o
                0x10004454                ulPortLockGetCurrentOwnerId
 .text.vPortLockInternalSpinUnlockWithWait
                0x10004480       0x64 CMakeFiles/gpio_freertos.dir/home/sudharsan/Desktop/embedded/FreeRTOS-Kernel/portable/ThirdParty/GCC/RP2350_ARM_NTZ/non_secure/port.c.o
                0x10004480                vPortLockInternalSpinUnlockWithWait
 .text.vPortLockInternalSpinUnlockWithNotify
                0x100044e4       0x94 CMakeFiles/gpio_freertos.dir/home/sudharsan/Desktop/embedded/FreeRTOS-Kernel/portable/ThirdParty/GCC/RP2350_ARM_NTZ/non_secure/port.c.o
                0x100044e4                vPortLockInternalSpinUnlockWithNotify
 .text.xPortLockInternalSpinUnlockWithBestEffortWaitOrTimeout
                0x10004578       0xec CMakeFiles/gpio_freertos.dir/home/sudharsan/Desktop/embedded/FreeRTOS-Kernel/portable/ThirdParty/GCC/RP2350_ARM_NTZ/non_secure/port.c.o
                0x10004578                xPortLockInternalSpinUnlockWithBestEffortWaitOrTimeout
 .text.startup.prvRuntimeInitializer
                0x10004664       0x10 CMakeFiles/gpio_freertos.dir/home/sudharsan/Desktop/embedded/FreeRTOS-Kernel/portable/ThirdParty/GCC/RP2350_ARM_NTZ/non_secure/port.c.o
 .text.vYieldCore
                0x10004674       0x18 CMakeFiles/gpio_freertos.dir/home/sudharsan/Desktop/embedded/FreeRTOS-Kernel/portable/ThirdParty/GCC/RP2350_ARM_NTZ/non_secure/port.c.o
                0x10004674                vYieldCore
 *fill*         0x1000468c        0x4 
 .text.vRestoreContextOfFirstTask
                0x10004690       0x38 CMakeFiles/gpio_freertos.dir/home/sudharsan/Desktop/embedded/FreeRTOS-Kernel/portable/ThirdParty/GCC/RP2350_ARM_NTZ/non_secure/portasm.c.o
                0x10004690                vRestoreContextOfFirstTask
 .text.vStartFirstTask
                0x100046c8       0x10 CMakeFiles/gpio_freertos.dir/home/sudharsan/Desktop/embedded/FreeRTOS-Kernel/portable/ThirdParty/GCC/RP2350_ARM_NTZ/non_secure/portasm.c.o
                0x100046c8                vStartFirstTask
 .text.ulSetInterruptMask
                0x100046d8       0x18 CMakeFiles/gpio_freertos.dir/home/sudharsan/Desktop/embedded/FreeRTOS-Kernel/portable/ThirdParty/GCC/RP2350_ARM_NTZ/non_secure/portasm.c.o
                0x100046d8                ulSetInterruptMask
 .text.vClearInterruptMask
                0x100046f0       0x10 CMakeFiles/gpio_freertos.dir/home/sudharsan/Desktop/embedded/FreeRTOS-Kernel/portable/ThirdParty/GCC/RP2350_ARM_NTZ/non_secure/portasm.c.o
                0x100046f0                vClearInterruptMask
 .text.PendSV_Handler
                0x10004700       0x98 CMakeFiles/gpio_freertos.dir/home/sudharsan/Desktop/embedded/FreeRTOS-Kernel/portable/ThirdParty/GCC/RP2350_ARM_NTZ/non_secure/portasm.c.o
                0x10004700                PendSV_Handler
 .text.SVC_Handler
                0x10004798       0x18 CMakeFiles/gpio_freertos.dir/home/sudharsan/Desktop/embedded/FreeRTOS-Kernel/portable/ThirdParty/GCC/RP2350_ARM_NTZ/non_secure/portasm.c.o
                0x10004798                SVC_Handler
 .text.vEventGroupSetBitsCallback
                0x100047b0       0x64 CMakeFiles/gpio_freertos.dir/home/sudharsan/Desktop/embedded/FreeRTOS-Kernel/event_groups.c.o
                0x100047b0                vEventGroupSetBitsCallback
 .text.xEventGroupCreate
                0x10004814       0x1c CMakeFiles/gpio_freertos.dir/home/sudharsan/Desktop/embedded/FreeRTOS-Kernel/event_groups.c.o
                0x10004814                xEventGroupCreate
 .text.xEventGroupWaitBits
                0x10004830       0xb4 CMakeFiles/gpio_freertos.dir/home/sudharsan/Desktop/embedded/FreeRTOS-Kernel/event_groups.c.o
                0x10004830                xEventGroupWaitBits
 .text.xEventGroupSetBits
                0x100048e4       0x68 CMakeFiles/gpio_freertos.dir/home/sudharsan/Desktop/embedded/FreeRTOS-Kernel/event_groups.c.o
                0x100048e4                xEventGroupSetBits
 .text.xEventGroupSetBitsFromISR
                0x1000494c       0x1c CMakeFiles/gpio_freertos.dir/home/sudharsan/Desktop/embedded/FreeRTOS-Kernel/event_groups.c.o
                0x1000494c                xEventGroupSetBitsFromISR
 .text.vListInitialise
                0x10004968       0x18 CMakeFiles/gpio_freertos.dir/home/sudharsan/Desktop/embedded/FreeRTOS-Kernel/list.c.o
                0x10004968                vListInitialise
 .text.vListInitialiseItem
                0x10004980        0x8 CMakeFiles/gpio_freertos.dir/home/sudharsan/Desktop/embedded/FreeRTOS-Kernel/list.c.o
                0x10004980                vListInitialiseItem
 .text.vListInsertEnd
                0x10004988       0x1c CMakeFiles/gpio_freertos.dir/home/sudharsan/Desktop/embedded/FreeRTOS-Kernel/list.c.o
                0x10004988                vListInsertEnd
 .text.vListInsert
                0x100049a4       0x30 CMakeFiles/gpio_freertos.dir/home/sudharsan/Desktop/embedded/FreeRTOS-Kernel/list.c.o
                0x100049a4                vListInsert
 .text.uxListRemove
                0x100049d4       0x28 CMakeFiles/gpio_freertos.dir/home/sudharsan/Desktop/embedded/FreeRTOS-Kernel/list.c.o
                0x100049d4                uxListRemove
 .text.prvCopyDataToQueue
                0x100049fc       0x78 CMakeFiles/gpio_freertos.dir/home/sudharsan/Desktop/embedded/FreeRTOS-Kernel/queue.c.o
 .text.prvUnlockQueue
                0x10004a74      0x174 CMakeFiles/gpio_freertos.dir/home/sudharsan/Desktop/embedded/FreeRTOS-Kernel/queue.c.o
 .text.prvNotifyQueueSetContainer
                0x10004be8       0x84 CMakeFiles/gpio_freertos.dir/home/sudharsan/Desktop/embedded/FreeRTOS-Kernel/queue.c.o
 .text.xQueueGenericCreate
                0x10004c6c       0x80 CMakeFiles/gpio_freertos.dir/home/sudharsan/Desktop/embedded/FreeRTOS-Kernel/queue.c.o
                0x10004c6c                xQueueGenericCreate
 .text.xQueueGenericSendFromISR
                0x10004cec       0x98 CMakeFiles/gpio_freertos.dir/home/sudharsan/Desktop/embedded/FreeRTOS-Kernel/queue.c.o
                0x10004cec                xQueueGenericSendFromISR
 .text.xQueueReceive
                0x10004d84       0xfc CMakeFiles/gpio_freertos.dir/home/sudharsan/Desktop/embedded/FreeRTOS-Kernel/queue.c.o
                0x10004d84                xQueueReceive
 .text.vQueueAddToRegistry
                0x10004e80      0x130 CMakeFiles/gpio_freertos.dir/home/sudharsan/Desktop/embedded/FreeRTOS-Kernel/queue.c.o
                0x10004e80                vQueueAddToRegistry
 .text.vQueueWaitForMessageRestricted
                0x10004fb0       0x50 CMakeFiles/gpio_freertos.dir/home/sudharsan/Desktop/embedded/FreeRTOS-Kernel/queue.c.o
                0x10004fb0                vQueueWaitForMessageRestricted
 .text.prvPassiveIdleTask
                0x10005000       0x20 CMakeFiles/gpio_freertos.dir/home/sudharsan/Desktop/embedded/FreeRTOS-Kernel/tasks.c.o
 .text.prvYieldForTask
                0x10005020       0xc8 CMakeFiles/gpio_freertos.dir/home/sudharsan/Desktop/embedded/FreeRTOS-Kernel/tasks.c.o
 .text.vTaskExitCritical.part.0
                0x100050e8       0x8c CMakeFiles/gpio_freertos.dir/home/sudharsan/Desktop/embedded/FreeRTOS-Kernel/tasks.c.o
 .text.prvCreateTask
                0x10005174      0x138 CMakeFiles/gpio_freertos.dir/home/sudharsan/Desktop/embedded/FreeRTOS-Kernel/tasks.c.o
 .text.prvCheckForRunStateChange
                0x100052ac      0x160 CMakeFiles/gpio_freertos.dir/home/sudharsan/Desktop/embedded/FreeRTOS-Kernel/tasks.c.o
 .text.vTaskSuspendAll.part.0
                0x1000540c       0xf8 CMakeFiles/gpio_freertos.dir/home/sudharsan/Desktop/embedded/FreeRTOS-Kernel/tasks.c.o
 .text.prvCheckTasksWaitingTermination
                0x10005504      0x194 CMakeFiles/gpio_freertos.dir/home/sudharsan/Desktop/embedded/FreeRTOS-Kernel/tasks.c.o
 .text.prvIdleTask
                0x10005698       0x1c CMakeFiles/gpio_freertos.dir/home/sudharsan/Desktop/embedded/FreeRTOS-Kernel/tasks.c.o
 .text.prvAddCurrentTaskToDelayedList
                0x100056b4      0x13c CMakeFiles/gpio_freertos.dir/home/sudharsan/Desktop/embedded/FreeRTOS-Kernel/tasks.c.o
 .text.vTaskSuspendAll
                0x100057f0       0x10 CMakeFiles/gpio_freertos.dir/home/sudharsan/Desktop/embedded/FreeRTOS-Kernel/tasks.c.o
                0x100057f0                vTaskSuspendAll
 .text.xTaskGetTickCount
                0x10005800        0xc CMakeFiles/gpio_freertos.dir/home/sudharsan/Desktop/embedded/FreeRTOS-Kernel/tasks.c.o
                0x10005800                xTaskGetTickCount
 .text.uxTaskGetNumberOfTasks
                0x1000580c        0xc CMakeFiles/gpio_freertos.dir/home/sudharsan/Desktop/embedded/FreeRTOS-Kernel/tasks.c.o
                0x1000580c                uxTaskGetNumberOfTasks
 .text.xTaskIncrementTick
                0x10005818      0x268 CMakeFiles/gpio_freertos.dir/home/sudharsan/Desktop/embedded/FreeRTOS-Kernel/tasks.c.o
                0x10005818                xTaskIncrementTick
 .text.vTaskSwitchContext
                0x10005a80      0x324 CMakeFiles/gpio_freertos.dir/home/sudharsan/Desktop/embedded/FreeRTOS-Kernel/tasks.c.o
                0x10005a80                vTaskSwitchContext
 .text.vTaskPlaceOnEventList
                0x10005da4       0x34 CMakeFiles/gpio_freertos.dir/home/sudharsan/Desktop/embedded/FreeRTOS-Kernel/tasks.c.o
                0x10005da4                vTaskPlaceOnEventList
 .text.vTaskPlaceOnUnorderedEventList
                0x10005dd8       0xa0 CMakeFiles/gpio_freertos.dir/home/sudharsan/Desktop/embedded/FreeRTOS-Kernel/tasks.c.o
                0x10005dd8                vTaskPlaceOnUnorderedEventList
 .text.vTaskPlaceOnEventListRestricted
                0x10005e78       0x9c CMakeFiles/gpio_freertos.dir/home/sudharsan/Desktop/embedded/FreeRTOS-Kernel/tasks.c.o
                0x10005e78                vTaskPlaceOnEventListRestricted
 .text.xTaskRemoveFromEventList
                0x10005f14       0xc0 CMakeFiles/gpio_freertos.dir/home/sudharsan/Desktop/embedded/FreeRTOS-Kernel/tasks.c.o
                0x10005f14                xTaskRemoveFromEventList
 .text.vTaskInternalSetTimeOutState
                0x10005fd4       0x18 CMakeFiles/gpio_freertos.dir/home/sudharsan/Desktop/embedded/FreeRTOS-Kernel/tasks.c.o
                0x10005fd4                vTaskInternalSetTimeOutState
 .text.vTaskMissedYield
                0x10005fec       0x14 CMakeFiles/gpio_freertos.dir/home/sudharsan/Desktop/embedded/FreeRTOS-Kernel/tasks.c.o
                0x10005fec                vTaskMissedYield
 .text.xTaskGetCurrentTaskHandle
                0x10006000       0x20 CMakeFiles/gpio_freertos.dir/home/sudharsan/Desktop/embedded/FreeRTOS-Kernel/tasks.c.o
                0x10006000                xTaskGetCurrentTaskHandle
 .text.xTaskPriorityDisinherit
                0x10006020       0xbc CMakeFiles/gpio_freertos.dir/home/sudharsan/Desktop/embedded/FreeRTOS-Kernel/tasks.c.o
                0x10006020                xTaskPriorityDisinherit
 .text.vTaskYieldWithinAPI
                0x100060dc       0x24 CMakeFiles/gpio_freertos.dir/home/sudharsan/Desktop/embedded/FreeRTOS-Kernel/tasks.c.o
                0x100060dc                vTaskYieldWithinAPI
 .text.vTaskEnterCritical
                0x10006100      0x11c CMakeFiles/gpio_freertos.dir/home/sudharsan/Desktop/embedded/FreeRTOS-Kernel/tasks.c.o
                0x10006100                vTaskEnterCritical
 .text.prvAddNewTaskToReadyList
                0x1000621c       0xf4 CMakeFiles/gpio_freertos.dir/home/sudharsan/Desktop/embedded/FreeRTOS-Kernel/tasks.c.o
 .text.xTaskCreate
                0x10006310       0x2c CMakeFiles/gpio_freertos.dir/home/sudharsan/Desktop/embedded/FreeRTOS-Kernel/tasks.c.o
                0x10006310                xTaskCreate
 .text.xTaskCreateAffinitySet
                0x1000633c       0x28 CMakeFiles/gpio_freertos.dir/home/sudharsan/Desktop/embedded/FreeRTOS-Kernel/tasks.c.o
                0x1000633c                xTaskCreateAffinitySet
 .text.vTaskStartScheduler
                0x10006364       0xc8 CMakeFiles/gpio_freertos.dir/home/sudharsan/Desktop/embedded/FreeRTOS-Kernel/tasks.c.o
                0x10006364                vTaskStartScheduler
 .text.xTaskResumeAll.part.0
                0x1000642c      0x1a0 CMakeFiles/gpio_freertos.dir/home/sudharsan/Desktop/embedded/FreeRTOS-Kernel/tasks.c.o
 .text.xTaskResumeAll
                0x100065cc       0x10 CMakeFiles/gpio_freertos.dir/home/sudharsan/Desktop/embedded/FreeRTOS-Kernel/tasks.c.o
                0x100065cc                xTaskResumeAll
 .text.vTaskDelay
                0x100065dc       0x68 CMakeFiles/gpio_freertos.dir/home/sudharsan/Desktop/embedded/FreeRTOS-Kernel/tasks.c.o
                0x100065dc                vTaskDelay
 .text.vTaskRemoveFromUnorderedEventList
                0x10006644       0x94 CMakeFiles/gpio_freertos.dir/home/sudharsan/Desktop/embedded/FreeRTOS-Kernel/tasks.c.o
                0x10006644                vTaskRemoveFromUnorderedEventList
 .text.xTaskCheckForTimeOut
                0x100066d8       0xa4 CMakeFiles/gpio_freertos.dir/home/sudharsan/Desktop/embedded/FreeRTOS-Kernel/tasks.c.o
                0x100066d8                xTaskCheckForTimeOut
 .text.vTaskEnterCriticalFromISR
                0x1000677c       0x94 CMakeFiles/gpio_freertos.dir/home/sudharsan/Desktop/embedded/FreeRTOS-Kernel/tasks.c.o
                0x1000677c                vTaskEnterCriticalFromISR
 .text.vTaskExitCritical
                0x10006810       0x98 CMakeFiles/gpio_freertos.dir/home/sudharsan/Desktop/embedded/FreeRTOS-Kernel/tasks.c.o
                0x10006810                vTaskExitCritical
 .text.vTaskExitCriticalFromISR
                0x100068a8       0x64 CMakeFiles/gpio_freertos.dir/home/sudharsan/Desktop/embedded/FreeRTOS-Kernel/tasks.c.o
                0x100068a8                vTaskExitCriticalFromISR
 .text.uxTaskResetEventItemValue
                0x1000690c       0x44 CMakeFiles/gpio_freertos.dir/home/sudharsan/Desktop/embedded/FreeRTOS-Kernel/tasks.c.o
                0x1000690c                uxTaskResetEventItemValue
 .text.prvTimerTask
                0x10006950      0x350 CMakeFiles/gpio_freertos.dir/home/sudharsan/Desktop/embedded/FreeRTOS-Kernel/timers.c.o
 .text.xTimerCreateTimerTask
                0x10006ca0       0x8c CMakeFiles/gpio_freertos.dir/home/sudharsan/Desktop/embedded/FreeRTOS-Kernel/timers.c.o
                0x10006ca0                xTimerCreateTimerTask
 .text.xTimerPendFunctionCallFromISR
                0x10006d2c       0x30 CMakeFiles/gpio_freertos.dir/home/sudharsan/Desktop/embedded/FreeRTOS-Kernel/timers.c.o
                0x10006d2c                xTimerPendFunctionCallFromISR
 .text.exception_set_exclusive_handler
                0x10006d5c       0x4c CMakeFiles/gpio_freertos.dir/home/sudharsan/Desktop/embedded/Rpi_Pico/RPI_pico/pico-sdk/src/rp2_common/hardware_exception/exception.c.o
                0x10006d5c                exception_set_exclusive_handler
 .text.core1_trampoline
                0x10006da8        0x4 CMakeFiles/gpio_freertos.dir/home/sudharsan/Desktop/embedded/Rpi_Pico/RPI_pico/pico-sdk/src/rp2_common/pico_multicore/multicore.c.o
 .text.core1_wrapper
                0x10006dac       0x10 CMakeFiles/gpio_freertos.dir/home/sudharsan/Desktop/embedded/Rpi_Pico/RPI_pico/pico-sdk/src/rp2_common/pico_multicore/multicore.c.o
                0x10006dac                core1_wrapper
 .text.multicore_launch_core1_raw
                0x10006dbc       0x88 CMakeFiles/gpio_freertos.dir/home/sudharsan/Desktop/embedded/Rpi_Pico/RPI_pico/pico-sdk/src/rp2_common/pico_multicore/multicore.c.o
                0x10006dbc                multicore_launch_core1_raw
 .text.multicore_launch_core1
                0x10006e44       0x48 CMakeFiles/gpio_freertos.dir/home/sudharsan/Desktop/embedded/Rpi_Pico/RPI_pico/pico-sdk/src/rp2_common/pico_multicore/multicore.c.o
                0x10006e44                multicore_launch_core1
 .text.multicore_doorbell_claim_unused
                0x10006e8c       0xf8 CMakeFiles/gpio_freertos.dir/home/sudharsan/Desktop/embedded/Rpi_Pico/RPI_pico/pico-sdk/src/rp2_common/pico_multicore/multicore.c.o
                0x10006e8c                multicore_doorbell_claim_unused
 .text.pvPortMalloc
                0x10006f84      0x114 CMakeFiles/gpio_freertos.dir/home/sudharsan/Desktop/embedded/FreeRTOS-Kernel/portable/MemMang/heap_4.c.o
                0x10006f84                pvPortMalloc
 .text.vPortFree
                0x10007098       0xa4 CMakeFiles/gpio_freertos.dir/home/sudharsan/Desktop/embedded/FreeRTOS-Kernel/portable/MemMang/heap_4.c.o
                0x10007098                vPortFree
 .text          0x1000713c       0xa4 /usr/lib/gcc/arm-none-eabi/13.2.1/../../../arm-none-eabi/lib/thumb/v8-m.main+fp/softfp/libg.a(libc_a-memset.o)
                0x1000713c                memset
 .text          0x100071e0       0xec /usr/lib/gcc/arm-none-eabi/13.2.1/../../../arm-none-eabi/lib/thumb/v8-m.main+fp/softfp/libg.a(libc_a-memcpy.o)
                0x100071e0                memcpy
 .text          0x100072cc        0xc /usr/lib/gcc/arm-none-eabi/13.2.1/../../../arm-none-eabi/lib/thumb/v8-m.main+fp/softfp/libg.a(libc_a-atexit.o)
                0x100072cc                atexit
 .text          0x100072d8       0x5c /usr/lib/gcc/arm-none-eabi/13.2.1/../../../arm-none-eabi/lib/thumb/v8-m.main+fp/softfp/libg.a(libc_a-strlen-stub.o)
                0x100072d8                strlen
 .text          0x10007334       0x28 /usr/lib/gcc/arm-none-eabi/13.2.1/../../../arm-none-eabi/lib/thumb/v8-m.main+fp/softfp/libg.a(libc_a-fini.o)
                0x10007334                __libc_fini_array
 .text          0x1000735c       0x64 /usr/lib/gcc/arm-none-eabi/13.2.1/../../../arm-none-eabi/lib/thumb/v8-m.main+fp/softfp/libg.a(libc_a-__atexit.o)
                0x1000735c                __register_exitproc
 .text.startup  0x100073c0       0x14 /usr/lib/gcc/arm-none-eabi/13.2.1/../../../arm-none-eabi/lib/thumb/v8-m.main+fp/softfp/libg.a(libc_a-__call_atexit.o)
 *(.fini)
 .fini          0x100073d4        0x4 /usr/lib/gcc/arm-none-eabi/13.2.1/thumb/v8-m.main+fp/softfp/crti.o
                0x100073d4                _fini
 .fini.__stub   0x100073d8       0x50 linker stubs
 *crtbegin.o(.ctors)
 *crtbegin?.o(.ctors)
 *(EXCLUDE_FILE(*crtend.o *crtend?.o) .ctors)
 *(SORT_BY_NAME(.ctors.*))
 *(.ctors)
 *crtbegin.o(.dtors)
 *crtbegin?.o(.dtors)
 *(EXCLUDE_FILE(*crtend.o *crtend?.o) .dtors)
 *(SORT_BY_NAME(.dtors.*))
 *(.dtors)
                0x10007428                        . = ALIGN (0x4)
                0x10007428                        PROVIDE (__preinit_array_start = .)
 *(SORT_BY_NAME(.preinit_array.*))
 .preinit_array.00050
                0x10007428        0x4 CMakeFiles/gpio_freertos.dir/home/sudharsan/Desktop/embedded/Rpi_Pico/RPI_pico/pico-sdk/src/rp2_common/pico_runtime_init/runtime_init.c.o
                0x10007428                __pre_init_runtime_init_bootrom_reset
 .preinit_array.00100
                0x1000742c        0x4 CMakeFiles/gpio_freertos.dir/home/sudharsan/Desktop/embedded/Rpi_Pico/RPI_pico/pico-sdk/src/rp2_common/pico_runtime_init/runtime_init.c.o
                0x1000742c                __pre_init_runtime_init_early_resets
 .preinit_array.00101
                0x10007430        0x4 CMakeFiles/gpio_freertos.dir/home/sudharsan/Desktop/embedded/Rpi_Pico/RPI_pico/pico-sdk/src/rp2_common/pico_runtime_init/runtime_init.c.o
                0x10007430                __pre_init_runtime_init_usb_power_down
 .preinit_array.00500
                0x10007434        0x4 CMakeFiles/gpio_freertos.dir/home/sudharsan/Desktop/embedded/Rpi_Pico/RPI_pico/pico-sdk/src/rp2_common/pico_runtime_init/runtime_init.c.o
                0x10007434                __pre_init_runtime_init_clocks
 .preinit_array.00600
                0x10007438        0x4 CMakeFiles/gpio_freertos.dir/home/sudharsan/Desktop/embedded/Rpi_Pico/RPI_pico/pico-sdk/src/rp2_common/pico_runtime_init/runtime_init.c.o
                0x10007438                __pre_init_runtime_init_post_clock_resets
 .preinit_array.01000
                0x1000743c        0x4 CMakeFiles/gpio_freertos.dir/home/sudharsan/Desktop/embedded/Rpi_Pico/RPI_pico/pico-sdk/src/rp2_common/hardware_boot_lock/boot_lock.c.o
                0x1000743c                __pre_init_runtime_init_boot_locks_reset
 .preinit_array.01000
                0x10007440        0x4 CMakeFiles/gpio_freertos.dir/home/sudharsan/Desktop/embedded/Rpi_Pico/RPI_pico/pico-sdk/src/rp2_common/pico_runtime_init/runtime_init.c.o
                0x10007440                __pre_init_runtime_init_spin_locks_reset
 .preinit_array.01010
                0x10007444        0x4 CMakeFiles/gpio_freertos.dir/home/sudharsan/Desktop/embedded/Rpi_Pico/RPI_pico/pico-sdk/src/rp2_common/pico_bootrom/bootrom_lock.c.o
                0x10007444                __pre_init_runtime_init_bootrom_locking_enable
 .preinit_array.01100
                0x10007448        0x4 CMakeFiles/gpio_freertos.dir/home/sudharsan/Desktop/embedded/Rpi_Pico/RPI_pico/pico-sdk/src/common/pico_sync/mutex.c.o
                0x10007448                __pre_init_runtime_init_mutex
 .preinit_array.10080
                0x1000744c        0x4 CMakeFiles/gpio_freertos.dir/home/sudharsan/Desktop/embedded/Rpi_Pico/RPI_pico/pico-sdk/src/rp2_common/pico_runtime_init/runtime_init.c.o
                0x1000744c                __pre_init_runtime_init_install_ram_vector_table
 .preinit_array.11000
                0x10007450        0x4 CMakeFiles/gpio_freertos.dir/home/sudharsan/Desktop/embedded/Rpi_Pico/RPI_pico/pico-sdk/src/common/pico_time/time.c.o
                0x10007450                __pre_init_runtime_init_default_alarm_pool
 .preinit_array.YYYYY
                0x10007454        0x4 CMakeFiles/gpio_freertos.dir/home/sudharsan/Desktop/embedded/Rpi_Pico/RPI_pico/pico-sdk/src/rp2_common/pico_runtime/runtime.c.o
                0x10007454                __pre_init_first_per_core_initializer
 .preinit_array.ZZZZZ.00051
                0x10007458        0x4 CMakeFiles/gpio_freertos.dir/home/sudharsan/Desktop/embedded/Rpi_Pico/RPI_pico/pico-sdk/src/rp2_common/pico_runtime_init/runtime_init.c.o
                0x10007458                __pre_init_runtime_init_per_core_bootrom_reset
 .preinit_array.ZZZZZ.00200
                0x1000745c        0x4 CMakeFiles/gpio_freertos.dir/home/sudharsan/Desktop/embedded/Rpi_Pico/RPI_pico/pico-sdk/src/rp2_common/pico_runtime_init/runtime_init.c.o
                0x1000745c                __pre_init_runtime_init_per_core_enable_coprocessors
 .preinit_array.ZZZZZ.01000
                0x10007460        0x4 CMakeFiles/gpio_freertos.dir/home/sudharsan/Desktop/embedded/Rpi_Pico/RPI_pico/pico-sdk/src/rp2_common/hardware_sync_spin_lock/sync_spin_lock.c.o
                0x10007460                __pre_init_spinlock_set_extexclall
 .preinit_array.ZZZZZ.01200
                0x10007464        0x4 CMakeFiles/gpio_freertos.dir/home/sudharsan/Desktop/embedded/Rpi_Pico/RPI_pico/pico-sdk/src/rp2_common/hardware_irq/irq.c.o
                0x10007464                __pre_init_runtime_init_per_core_irq_priorities
 *(.preinit_array)
                0x10007468                        PROVIDE (__preinit_array_end = .)
                0x10007468                        . = ALIGN (0x4)
                0x10007468                        PROVIDE (__init_array_start = .)
 *(SORT_BY_NAME(.init_array.*))
 .init_array.00000
                0x10007468        0x4 /usr/lib/gcc/arm-none-eabi/13.2.1/../../../arm-none-eabi/lib/thumb/v8-m.main+fp/softfp/libg.a(libc_a-__call_atexit.o)
 .init_array.01000
                0x1000746c        0x4 CMakeFiles/gpio_freertos.dir/home/sudharsan/Desktop/embedded/Rpi_Pico/RPI_pico/pico-sdk/src/rp2_common/pico_unique_id/unique_id.c.o
 *(.init_array)
 .init_array    0x10007470        0x4 /usr/lib/gcc/arm-none-eabi/13.2.1/thumb/v8-m.main+fp/softfp/crtbegin.o
 .init_array    0x10007474        0x4 CMakeFiles/gpio_freertos.dir/home/sudharsan/Desktop/embedded/FreeRTOS-Kernel/portable/ThirdParty/GCC/RP2350_ARM_NTZ/non_secure/port.c.o
                0x10007478                        PROVIDE (__init_array_end = .)
                0x10007478                        . = ALIGN (0x4)
                0x10007478                        PROVIDE (__fini_array_start = .)
 *(SORT_BY_NAME(.fini_array.*))
 *(.fini_array)
                0x10007478                        PROVIDE (__fini_array_end = .)
 *(.eh_frame*)
 .eh_frame      0x10007478        0x0 /usr/lib/gcc/arm-none-eabi/13.2.1/thumb/v8-m.main+fp/softfp/crtbegin.o
                0x10007478                        . = ALIGN (0x4)

.glue_7         0x10007478        0x0
 .glue_7        0x10007478        0x0 linker stubs

.glue_7t        0x10007478        0x0
 .glue_7t       0x10007478        0x0 linker stubs

.vfp11_veneer   0x10007478        0x0
 .vfp11_veneer  0x10007478        0x0 linker stubs

.v4_bx          0x10007478        0x0
 .v4_bx         0x10007478        0x0 linker stubs

.iplt           0x10007478        0x0
 .iplt          0x10007478        0x0 /usr/lib/gcc/arm-none-eabi/13.2.1/thumb/v8-m.main+fp/softfp/crtbegin.o

.boot2          0x10007478        0x0
                0x10007478                        __boot2_start__ = .
 *(.boot2)
                0x10007478                        __boot2_end__ = .
                0x00000001                        ASSERT (((__boot2_end__ - __boot2_start__) <= 0x100), ERROR: Pico second stage bootloader must be no more than 256 bytes in size)

.rodata         0x10007478      0x404
 *(EXCLUDE_FILE(*libm.a: *libc.a:*lib_a-mem*.o *libgcc.a:) .rodata*)
 .rodata.vTaskBlinkBoth.str1.4
                0x10007478      0x1ee CMakeFiles/gpio_freertos.dir/main.c.o
                                 0x1e (size before relaxing)
 .rodata.main.str1.4
                0x10007666       0x2e CMakeFiles/gpio_freertos.dir/main.c.o
 .rodata.panic.str1.4
                0x10007666       0x12 CMakeFiles/gpio_freertos.dir/home/sudharsan/Desktop/embedded/Rpi_Pico/RPI_pico/pico-sdk/src/rp2_common/pico_platform_panic/panic.c.o
 .rodata.spin_lock_claim.str1.4
                0x10007666       0x1f CMakeFiles/gpio_freertos.dir/home/sudharsan/Desktop/embedded/Rpi_Pico/RPI_pico/pico-sdk/src/rp2_common/hardware_sync/sync.c.o
 .rodata.spin_lock_claim_unused.str1.4
                0x10007666       0x1b CMakeFiles/gpio_freertos.dir/home/sudharsan/Desktop/embedded/Rpi_Pico/RPI_pico/pico-sdk/src/rp2_common/hardware_sync/sync.c.o
 .rodata.user_irq_claim_unused.str1.4
                0x10007666       0x1b CMakeFiles/gpio_freertos.dir/home/sudharsan/Desktop/embedded/Rpi_Pico/RPI_pico/pico-sdk/src/rp2_common/hardware_irq/irq.c.o
 .rodata.timer_hardware_alarm_claim.str1.4
                0x10007666       0x22 CMakeFiles/gpio_freertos.dir/home/sudharsan/Desktop/embedded/Rpi_Pico/RPI_pico/pico-sdk/src/rp2_common/hardware_timer/timer.c.o
 .rodata.hard_assertion_failure.str1.4
                0x10007666        0xc CMakeFiles/gpio_freertos.dir/home/sudharsan/Desktop/embedded/Rpi_Pico/RPI_pico/pico-sdk/src/rp2_common/pico_runtime/runtime.c.o
 .rodata.str1.4
                0x10007666       0x44 CMakeFiles/gpio_freertos.dir/home/sudharsan/Desktop/embedded/Rpi_Pico/RPI_pico/pico-sdk/src/rp2_common/pico_standard_binary_info/standard_binary_info.c.o
 *fill*         0x10007666        0x2 
 .rodata.__bi_84
                0x10007668        0xc CMakeFiles/gpio_freertos.dir/home/sudharsan/Desktop/embedded/Rpi_Pico/RPI_pico/pico-sdk/src/rp2_common/pico_standard_binary_info/standard_binary_info.c.o
 .rodata.__bi_78
                0x10007674        0xc CMakeFiles/gpio_freertos.dir/home/sudharsan/Desktop/embedded/Rpi_Pico/RPI_pico/pico-sdk/src/rp2_common/pico_standard_binary_info/standard_binary_info.c.o
 .rodata.__bi_54
                0x10007680        0xc CMakeFiles/gpio_freertos.dir/home/sudharsan/Desktop/embedded/Rpi_Pico/RPI_pico/pico-sdk/src/rp2_common/pico_standard_binary_info/standard_binary_info.c.o
 .rodata.__bi_48
                0x1000768c        0xc CMakeFiles/gpio_freertos.dir/home/sudharsan/Desktop/embedded/Rpi_Pico/RPI_pico/pico-sdk/src/rp2_common/pico_standard_binary_info/standard_binary_info.c.o
 .rodata.__bi_42
                0x10007698        0xc CMakeFiles/gpio_freertos.dir/home/sudharsan/Desktop/embedded/Rpi_Pico/RPI_pico/pico-sdk/src/rp2_common/pico_standard_binary_info/standard_binary_info.c.o
 .rodata.__bi_34
                0x100076a4        0xc CMakeFiles/gpio_freertos.dir/home/sudharsan/Desktop/embedded/Rpi_Pico/RPI_pico/pico-sdk/src/rp2_common/pico_standard_binary_info/standard_binary_info.c.o
 .rodata.__bi_26
                0x100076b0        0xc CMakeFiles/gpio_freertos.dir/home/sudharsan/Desktop/embedded/Rpi_Pico/RPI_pico/pico-sdk/src/rp2_common/pico_standard_binary_info/standard_binary_info.c.o
 .rodata.crlf_str.0
                0x100076bc        0x2 CMakeFiles/gpio_freertos.dir/home/sudharsan/Desktop/embedded/Rpi_Pico/RPI_pico/pico-sdk/src/rp2_common/pico_stdio/stdio.c.o
 *fill*         0x100076be        0x2 
 .rodata._resetd_driver
                0x100076c0       0x20 CMakeFiles/gpio_freertos.dir/home/sudharsan/Desktop/embedded/Rpi_Pico/RPI_pico/pico-sdk/src/rp2_common/pico_stdio_usb/reset_interface.c.o
 .rodata.desc_ms_os_20
                0x100076e0       0xa6 CMakeFiles/gpio_freertos.dir/home/sudharsan/Desktop/embedded/Rpi_Pico/RPI_pico/pico-sdk/src/rp2_common/pico_stdio_usb/reset_interface.c.o
 *fill*         0x10007786        0x2 
 .rodata.desc_bos
                0x10007788       0x21 CMakeFiles/gpio_freertos.dir/home/sudharsan/Desktop/embedded/Rpi_Pico/RPI_pico/pico-sdk/src/rp2_common/pico_stdio_usb/reset_interface.c.o
                0x10007788                desc_bos
 .rodata.str1.4
                0x100077a9       0x13 CMakeFiles/gpio_freertos.dir/home/sudharsan/Desktop/embedded/Rpi_Pico/RPI_pico/pico-sdk/src/rp2_common/pico_stdio_usb/stdio_usb.c.o
 *fill*         0x100077a9        0x3 
 .rodata.__bi_202.0
                0x100077ac        0xc CMakeFiles/gpio_freertos.dir/home/sudharsan/Desktop/embedded/Rpi_Pico/RPI_pico/pico-sdk/src/rp2_common/pico_stdio_usb/stdio_usb.c.o
 .rodata.str1.4
                0x100077b8       0x2a CMakeFiles/gpio_freertos.dir/home/sudharsan/Desktop/embedded/Rpi_Pico/RPI_pico/pico-sdk/src/rp2_common/pico_stdio_usb/stdio_usb_descriptors.c.o
 .rodata.usbd_desc_str
                0x100077b8       0x18 CMakeFiles/gpio_freertos.dir/home/sudharsan/Desktop/embedded/Rpi_Pico/RPI_pico/pico-sdk/src/rp2_common/pico_stdio_usb/stdio_usb_descriptors.c.o
 .rodata.usbd_desc_cfg
                0x100077d0       0x54 CMakeFiles/gpio_freertos.dir/home/sudharsan/Desktop/embedded/Rpi_Pico/RPI_pico/pico-sdk/src/rp2_common/pico_stdio_usb/stdio_usb_descriptors.c.o
 .rodata.usbd_desc_device
                0x10007824       0x12 CMakeFiles/gpio_freertos.dir/home/sudharsan/Desktop/embedded/Rpi_Pico/RPI_pico/pico-sdk/src/rp2_common/pico_stdio_usb/stdio_usb_descriptors.c.o
 .rodata.str1.4
                0x10007836       0x14 CMakeFiles/gpio_freertos.dir/home/sudharsan/Desktop/embedded/Rpi_Pico/RPI_pico/pico-sdk/lib/tinyusb/src/portable/raspberrypi/rp2040/dcd_rp2040.c.o
 .rodata.str1.4
                0x10007836       0x48 CMakeFiles/gpio_freertos.dir/home/sudharsan/Desktop/embedded/Rpi_Pico/RPI_pico/pico-sdk/lib/tinyusb/src/portable/raspberrypi/rp2040/rp2040_usb.c.o
 *fill*         0x10007836        0x2 
 .rodata._usbd_driver
                0x10007838       0x40 CMakeFiles/gpio_freertos.dir/home/sudharsan/Desktop/embedded/Rpi_Pico/RPI_pico/pico-sdk/lib/tinyusb/src/device/usbd.c.o
 .rodata.uxTopUsedPriority
                0x10007878        0x4 CMakeFiles/gpio_freertos.dir/home/sudharsan/Desktop/embedded/FreeRTOS-Kernel/tasks.c.o
 .rodata.xTimerCreateTimerTask.str1.4
                0x1000787c       0x10 CMakeFiles/gpio_freertos.dir/home/sudharsan/Desktop/embedded/FreeRTOS-Kernel/timers.c.o
 .rodata.multicore_doorbell_claim_unused.str1.4
                0x1000787c       0x12 CMakeFiles/gpio_freertos.dir/home/sudharsan/Desktop/embedded/Rpi_Pico/RPI_pico/pico-sdk/src/rp2_common/pico_multicore/multicore.c.o
 *(.srodata*)
                0x10007890                        . = ALIGN (0x4)
 *(SORT_BY_ALIGNMENT(SORT_BY_NAME(.flashdata*)))
                0x10007890                        . = ALIGN (0x4)

.ARM.extab
 *(.ARM.extab* .gnu.linkonce.armextab.*)
                0x1000787c                        __exidx_start = .

.ARM.exidx      0x1000787c        0x8
 *(.ARM.exidx* .gnu.linkonce.armexidx.*)
 .ARM.exidx     0x1000787c        0x8 /usr/lib/gcc/arm-none-eabi/13.2.1/../../../arm-none-eabi/lib/thumb/v8-m.main+fp/softfp/libg.a(libc_a-memcpy.o)
 .ARM.exidx     0x10007884        0x0 /usr/lib/gcc/arm-none-eabi/13.2.1/thumb/v8-m.main+fp/softfp/libgcc.a(_udivmoddi4.o)
                                  0x8 (size before relaxing)
                0x10007884                        __exidx_end = .
                0x10007884                        . = ALIGN (0x4)
                0x10007884                        __binary_info_start = .

.binary_info    0x10007884       0x20
 *(.binary_info.keep.*)
 .binary_info.keep.__bi_ptr84
                0x10007884        0x4 CMakeFiles/gpio_freertos.dir/home/sudharsan/Desktop/embedded/Rpi_Pico/RPI_pico/pico-sdk/src/rp2_common/pico_standard_binary_info/standard_binary_info.c.o
 .binary_info.keep.__bi_ptr78
                0x10007888        0x4 CMakeFiles/gpio_freertos.dir/home/sudharsan/Desktop/embedded/Rpi_Pico/RPI_pico/pico-sdk/src/rp2_common/pico_standard_binary_info/standard_binary_info.c.o
 .binary_info.keep.__bi_ptr54
                0x1000788c        0x4 CMakeFiles/gpio_freertos.dir/home/sudharsan/Desktop/embedded/Rpi_Pico/RPI_pico/pico-sdk/src/rp2_common/pico_standard_binary_info/standard_binary_info.c.o
 .binary_info.keep.__bi_ptr48
                0x10007890        0x4 CMakeFiles/gpio_freertos.dir/home/sudharsan/Desktop/embedded/Rpi_Pico/RPI_pico/pico-sdk/src/rp2_common/pico_standard_binary_info/standard_binary_info.c.o
 .binary_info.keep.__bi_ptr42
                0x10007894        0x4 CMakeFiles/gpio_freertos.dir/home/sudharsan/Desktop/embedded/Rpi_Pico/RPI_pico/pico-sdk/src/rp2_common/pico_standard_binary_info/standard_binary_info.c.o
 .binary_info.keep.__bi_ptr34
                0x10007898        0x4 CMakeFiles/gpio_freertos.dir/home/sudharsan/Desktop/embedded/Rpi_Pico/RPI_pico/pico-sdk/src/rp2_common/pico_standard_binary_info/standard_binary_info.c.o
 .binary_info.keep.__bi_ptr26
                0x1000789c        0x4 CMakeFiles/gpio_freertos.dir/home/sudharsan/Desktop/embedded/Rpi_Pico/RPI_pico/pico-sdk/src/rp2_common/pico_standard_binary_info/standard_binary_info.c.o
 *(.binary_info.*)
 .binary_info.__bi_ptr202
                0x100078a0        0x4 CMakeFiles/gpio_freertos.dir/home/sudharsan/Desktop/embedded/Rpi_Pico/RPI_pico/pico-sdk/src/rp2_common/pico_stdio_usb/stdio_usb.c.o
                0x100078a4                        __binary_info_end = .
                0x100078a4                        . = ALIGN (0x4)

.ram_vector_table
                0x20000000      0x110
 *(.ram_vector_table)
 .ram_vector_table
                0x20000000      0x110 CMakeFiles/gpio_freertos.dir/home/sudharsan/Desktop/embedded/Rpi_Pico/RPI_pico/pico-sdk/src/rp2_common/pico_runtime_init/runtime_init.c.o
                0x20000000                ram_vector_table

.uninitialized_data
                0x20000110        0x0
                0x20000110                        . = ALIGN (0x4)
 *(.uninitialized_data*)

.data           0x20000110     0x1154 load address 0x100078a4
                0x20000110                        __data_start__ = .
 *(vtable)
 *(.time_critical*)
 .time_critical.mutex_try_enter
                0x20000110       0x48 CMakeFiles/gpio_freertos.dir/home/sudharsan/Desktop/embedded/Rpi_Pico/RPI_pico/pico-sdk/src/common/pico_sync/mutex.c.o
                0x20000110                mutex_try_enter
 .time_critical.mutex_try_enter_block_until
                0x20000158       0xac CMakeFiles/gpio_freertos.dir/home/sudharsan/Desktop/embedded/Rpi_Pico/RPI_pico/pico-sdk/src/common/pico_sync/mutex.c.o
                0x20000158                mutex_try_enter_block_until
 .time_critical.mutex_enter_timeout_ms
                0x20000204       0x78 CMakeFiles/gpio_freertos.dir/home/sudharsan/Desktop/embedded/Rpi_Pico/RPI_pico/pico-sdk/src/common/pico_sync/mutex.c.o
                0x20000204                mutex_enter_timeout_ms
 .time_critical.mutex_exit
                0x2000027c       0x34 CMakeFiles/gpio_freertos.dir/home/sudharsan/Desktop/embedded/Rpi_Pico/RPI_pico/pico-sdk/src/common/pico_sync/mutex.c.o
                0x2000027c                mutex_exit
 .time_critical.reset_non_control_endpoints
                0x200002b0       0x64 CMakeFiles/gpio_freertos.dir/home/sudharsan/Desktop/embedded/Rpi_Pico/RPI_pico/pico-sdk/lib/tinyusb/src/portable/raspberrypi/rp2040/dcd_rp2040.c.o
 .time_critical.hw_handle_buff_status
                0x20000314       0x94 CMakeFiles/gpio_freertos.dir/home/sudharsan/Desktop/embedded/Rpi_Pico/RPI_pico/pico-sdk/lib/tinyusb/src/portable/raspberrypi/rp2040/dcd_rp2040.c.o
 .time_critical.dcd_rp2040_irq
                0x200003a8      0x510 CMakeFiles/gpio_freertos.dir/home/sudharsan/Desktop/embedded/Rpi_Pico/RPI_pico/pico-sdk/lib/tinyusb/src/portable/raspberrypi/rp2040/dcd_rp2040.c.o
 .time_critical.prepare_ep_buffer
                0x200008b8       0xd0 CMakeFiles/gpio_freertos.dir/home/sudharsan/Desktop/embedded/Rpi_Pico/RPI_pico/pico-sdk/lib/tinyusb/src/portable/raspberrypi/rp2040/rp2040_usb.c.o
 .time_critical.sync_ep_buffer
                0x20000988       0xb8 CMakeFiles/gpio_freertos.dir/home/sudharsan/Desktop/embedded/Rpi_Pico/RPI_pico/pico-sdk/lib/tinyusb/src/portable/raspberrypi/rp2040/rp2040_usb.c.o
 .time_critical._hw_endpoint_xfer_sync
                0x20000a40       0x2c CMakeFiles/gpio_freertos.dir/home/sudharsan/Desktop/embedded/Rpi_Pico/RPI_pico/pico-sdk/lib/tinyusb/src/portable/raspberrypi/rp2040/rp2040_usb.c.o
 .time_critical.e15_is_bulkin_ep
                0x20000a6c       0x28 CMakeFiles/gpio_freertos.dir/home/sudharsan/Desktop/embedded/Rpi_Pico/RPI_pico/pico-sdk/lib/tinyusb/src/portable/raspberrypi/rp2040/rp2040_usb.c.o
 .time_critical.e15_is_critical_frame_period
                0x20000a94       0x28 CMakeFiles/gpio_freertos.dir/home/sudharsan/Desktop/embedded/Rpi_Pico/RPI_pico/pico-sdk/lib/tinyusb/src/portable/raspberrypi/rp2040/rp2040_usb.c.o
 .time_critical.hw_endpoint_reset_transfer
                0x20000abc        0xc CMakeFiles/gpio_freertos.dir/home/sudharsan/Desktop/embedded/Rpi_Pico/RPI_pico/pico-sdk/lib/tinyusb/src/portable/raspberrypi/rp2040/rp2040_usb.c.o
                0x20000abc                hw_endpoint_reset_transfer
 .time_critical._hw_endpoint_buffer_control_update32
                0x20000ac8       0x44 CMakeFiles/gpio_freertos.dir/home/sudharsan/Desktop/embedded/Rpi_Pico/RPI_pico/pico-sdk/lib/tinyusb/src/portable/raspberrypi/rp2040/rp2040_usb.c.o
                0x20000ac8                _hw_endpoint_buffer_control_update32
 .time_critical.hw_endpoint_start_next_buffer
                0x20000b0c       0x64 CMakeFiles/gpio_freertos.dir/home/sudharsan/Desktop/embedded/Rpi_Pico/RPI_pico/pico-sdk/lib/tinyusb/src/portable/raspberrypi/rp2040/rp2040_usb.c.o
                0x20000b0c                hw_endpoint_start_next_buffer
 .time_critical.hw_endpoint_xfer_continue
                0x20000b70       0x3c CMakeFiles/gpio_freertos.dir/home/sudharsan/Desktop/embedded/Rpi_Pico/RPI_pico/pico-sdk/lib/tinyusb/src/portable/raspberrypi/rp2040/rp2040_usb.c.o
                0x20000b70                hw_endpoint_xfer_continue
 .time_critical.tinyusb
                0x20000bac      0x224 CMakeFiles/gpio_freertos.dir/home/sudharsan/Desktop/embedded/Rpi_Pico/RPI_pico/pico-sdk/lib/tinyusb/src/device/usbd.c.o
                0x20000bac                dcd_event_handler
 *(.text*)
 .text          0x20000dd0       0xa0 /usr/lib/gcc/arm-none-eabi/13.2.1/thumb/v8-m.main+fp/softfp/libgcc.a(_aeabi_ldivmod.o)
                0x20000dd0                __aeabi_ldivmod
 .text          0x20000e70      0x300 /usr/lib/gcc/arm-none-eabi/13.2.1/thumb/v8-m.main+fp/softfp/libgcc.a(_udivmoddi4.o)
                0x20000e70                __udivmoddi4
 .text          0x20001170        0x4 /usr/lib/gcc/arm-none-eabi/13.2.1/thumb/v8-m.main+fp/softfp/libgcc.a(_dvmd_tls.o)
                0x20001170                __aeabi_ldiv0
                0x20001170                __aeabi_idiv0
 *fill*         0x20001174        0x4 
 .text.__stub   0x20001178       0x40 linker stubs
                0x200011b8                        . = ALIGN (0x4)
 *(.rodata*)
                0x200011b8                        . = ALIGN (0x4)
 *(.data*)
 .data.striped_spin_lock_num
                0x200011b8        0x1 CMakeFiles/gpio_freertos.dir/home/sudharsan/Desktop/embedded/Rpi_Pico/RPI_pico/pico-sdk/src/rp2_common/hardware_sync/sync.c.o
 *fill*         0x200011b9        0x3 
 .data          0x200011bc       0x48 CMakeFiles/gpio_freertos.dir/home/sudharsan/Desktop/embedded/Rpi_Pico/RPI_pico/pico-sdk/src/rp2_common/hardware_irq/irq_handler_chain.S.o
                0x200011bc                irq_handler_chain_slots
                0x200011ec                irq_handler_chain_first_slot
                0x200011f6                irq_handler_chain_remove_tail
 .data.default_alarm_pool
                0x20001204       0x18 CMakeFiles/gpio_freertos.dir/home/sudharsan/Desktop/embedded/Rpi_Pico/RPI_pico/pico-sdk/src/common/pico_time/time.c.o
 .data.stdio_usb
                0x2000121c       0x18 CMakeFiles/gpio_freertos.dir/home/sudharsan/Desktop/embedded/Rpi_Pico/RPI_pico/pico-sdk/src/rp2_common/pico_stdio_usb/stdio_usb.c.o
                0x2000121c                stdio_usb
 .data._usbd_qdef
                0x20001234       0x1c CMakeFiles/gpio_freertos.dir/home/sudharsan/Desktop/embedded/Rpi_Pico/RPI_pico/pico-sdk/lib/tinyusb/src/device/usbd.c.o
                0x20001234                _usbd_qdef
 .data._usbd_rhport
                0x20001250        0x1 CMakeFiles/gpio_freertos.dir/home/sudharsan/Desktop/embedded/Rpi_Pico/RPI_pico/pico-sdk/lib/tinyusb/src/device/usbd.c.o
 .data.cDoorbellNum
                0x20001251        0x1 CMakeFiles/gpio_freertos.dir/home/sudharsan/Desktop/embedded/FreeRTOS-Kernel/portable/ThirdParty/GCC/RP2350_ARM_NTZ/non_secure/port.c.o
 .data.ucPrimaryCoreNum
                0x20001252        0x1 CMakeFiles/gpio_freertos.dir/home/sudharsan/Desktop/embedded/FreeRTOS-Kernel/portable/ThirdParty/GCC/RP2350_ARM_NTZ/non_secure/port.c.o
 *(.sdata*)
                0x20001254                        . = ALIGN (0x4)
 *fill*         0x20001253        0x1 
 *(.after_data.*)
                0x20001254                        . = ALIGN (0x4)
                0x20001254                        PROVIDE (__mutex_array_start = .)
 *(SORT_BY_NAME(.mutex_array.*))