Archive member included to satisfy reference by file (symbol)

c:/siliconlabs/simplicitystudio/v5/developer/toolchains/gnu_arm/12.2.rel1_2023.7/bin/../lib/gcc/arm-none-eabi/12.2.1/thumb/v8-m.main+fp/hard\libgcc.a(_aeabi_ldivmod.o)
                              ./gecko_sdk_4.5.0/platform/emlib/src/em_eusart.o (__aeabi_ldivmod)
c:/siliconlabs/simplicitystudio/v5/developer/toolchains/gnu_arm/12.2.rel1_2023.7/bin/../lib/gcc/arm-none-eabi/12.2.1/thumb/v8-m.main+fp/hard\libgcc.a(_aeabi_uldivmod.o)
                              ./gecko_sdk_4.5.0/platform/emlib/src/em_eusart.o (__aeabi_uldivmod)
c:/siliconlabs/simplicitystudio/v5/developer/toolchains/gnu_arm/12.2.rel1_2023.7/bin/../lib/gcc/arm-none-eabi/12.2.1/thumb/v8-m.main+fp/hard\libgcc.a(_udivmoddi4.o)
                              c:/siliconlabs/simplicitystudio/v5/developer/toolchains/gnu_arm/12.2.rel1_2023.7/bin/../lib/gcc/arm-none-eabi/12.2.1/thumb/v8-m.main+fp/hard\libgcc.a(_aeabi_ldivmod.o) (__udivmoddi4)
c:/siliconlabs/simplicitystudio/v5/developer/toolchains/gnu_arm/12.2.rel1_2023.7/bin/../lib/gcc/arm-none-eabi/12.2.1/thumb/v8-m.main+fp/hard\libgcc.a(_dvmd_tls.o)
                              c:/siliconlabs/simplicitystudio/v5/developer/toolchains/gnu_arm/12.2.rel1_2023.7/bin/../lib/gcc/arm-none-eabi/12.2.1/thumb/v8-m.main+fp/hard\libgcc.a(_aeabi_ldivmod.o) (__aeabi_ldiv0)
c:/siliconlabs/simplicitystudio/v5/developer/toolchains/gnu_arm/12.2.rel1_2023.7/bin/../lib/gcc/arm-none-eabi/12.2.1/thumb/v8-m.main+fp/hard\libc_nano.a(libc_a-exit.o)
                              c:/siliconlabs/simplicitystudio/v5/developer/toolchains/gnu_arm/12.2.rel1_2023.7/bin/../lib/gcc/arm-none-eabi/12.2.1/thumb/v8-m.main+fp/hard/crt0.o (exit)
c:/siliconlabs/simplicitystudio/v5/developer/toolchains/gnu_arm/12.2.rel1_2023.7/bin/../lib/gcc/arm-none-eabi/12.2.1/thumb/v8-m.main+fp/hard\libc_nano.a(libc_a-ctype_.o)
                              ./gecko_sdk_4.5.0/platform/common/src/sl_string.o (_ctype_)
c:/siliconlabs/simplicitystudio/v5/developer/toolchains/gnu_arm/12.2.rel1_2023.7/bin/../lib/gcc/arm-none-eabi/12.2.1/thumb/v8-m.main+fp/hard\libc_nano.a(libc_a-findfp.o)
                              c:/siliconlabs/simplicitystudio/v5/developer/toolchains/gnu_arm/12.2.rel1_2023.7/bin/../lib/gcc/arm-none-eabi/12.2.1/thumb/v8-m.main+fp/hard\libc_nano.a(libc_a-exit.o) (__stdio_exit_handler)
c:/siliconlabs/simplicitystudio/v5/developer/toolchains/gnu_arm/12.2.rel1_2023.7/bin/../lib/gcc/arm-none-eabi/12.2.1/thumb/v8-m.main+fp/hard\libc_nano.a(libc_a-fwalk.o)
                              c:/siliconlabs/simplicitystudio/v5/developer/toolchains/gnu_arm/12.2.rel1_2023.7/bin/../lib/gcc/arm-none-eabi/12.2.1/thumb/v8-m.main+fp/hard\libc_nano.a(libc_a-findfp.o) (_fwalk_sglue)
c:/siliconlabs/simplicitystudio/v5/developer/toolchains/gnu_arm/12.2.rel1_2023.7/bin/../lib/gcc/arm-none-eabi/12.2.1/thumb/v8-m.main+fp/hard\libc_nano.a(libc_a-stdio.o)
                              c:/siliconlabs/simplicitystudio/v5/developer/toolchains/gnu_arm/12.2.rel1_2023.7/bin/../lib/gcc/arm-none-eabi/12.2.1/thumb/v8-m.main+fp/hard\libc_nano.a(libc_a-findfp.o) (__sread)
c:/siliconlabs/simplicitystudio/v5/developer/toolchains/gnu_arm/12.2.rel1_2023.7/bin/../lib/gcc/arm-none-eabi/12.2.1/thumb/v8-m.main+fp/hard\libc_nano.a(libc_a-vprintf.o)
                              ./gecko_sdk_4.5.0/platform/service/iostream/src/sl_iostream.o (vprintf)
c:/siliconlabs/simplicitystudio/v5/developer/toolchains/gnu_arm/12.2.rel1_2023.7/bin/../lib/gcc/arm-none-eabi/12.2.1/thumb/v8-m.main+fp/hard\libc_nano.a(libc_a-memset.o)
                              c:/siliconlabs/simplicitystudio/v5/developer/toolchains/gnu_arm/12.2.rel1_2023.7/bin/../lib/gcc/arm-none-eabi/12.2.1/thumb/v8-m.main+fp/hard/crt0.o (memset)
c:/siliconlabs/simplicitystudio/v5/developer/toolchains/gnu_arm/12.2.rel1_2023.7/bin/../lib/gcc/arm-none-eabi/12.2.1/thumb/v8-m.main+fp/hard\libc_nano.a(libc_a-closer.o)
                              c:/siliconlabs/simplicitystudio/v5/developer/toolchains/gnu_arm/12.2.rel1_2023.7/bin/../lib/gcc/arm-none-eabi/12.2.1/thumb/v8-m.main+fp/hard\libc_nano.a(libc_a-stdio.o) (_close_r)
c:/siliconlabs/simplicitystudio/v5/developer/toolchains/gnu_arm/12.2.rel1_2023.7/bin/../lib/gcc/arm-none-eabi/12.2.1/thumb/v8-m.main+fp/hard\libc_nano.a(libc_a-reent.o)
                              c:/siliconlabs/simplicitystudio/v5/developer/toolchains/gnu_arm/12.2.rel1_2023.7/bin/../lib/gcc/arm-none-eabi/12.2.1/thumb/v8-m.main+fp/hard\libc_nano.a(libc_a-closer.o) (errno)
c:/siliconlabs/simplicitystudio/v5/developer/toolchains/gnu_arm/12.2.rel1_2023.7/bin/../lib/gcc/arm-none-eabi/12.2.1/thumb/v8-m.main+fp/hard\libc_nano.a(libc_a-impure.o)
                              c:/siliconlabs/simplicitystudio/v5/developer/toolchains/gnu_arm/12.2.rel1_2023.7/bin/../lib/gcc/arm-none-eabi/12.2.1/thumb/v8-m.main+fp/hard\libc_nano.a(libc_a-vprintf.o) (_impure_ptr)
[...]
Memory Configuration

Name             Origin             Length             Attributes
FLASH            0x00000000         0x0007e000         xr
RAM              0x20000000         0x00008000         xrw
*default*        0x00000000         0xffffffff

Linker script and memory map

LOAD c:/siliconlabs/simplicitystudio/v5/developer/toolchains/gnu_arm/12.2.rel1_2023.7/bin/../lib/gcc/arm-none-eabi/12.2.1/thumb/v8-m.main+fp/hard/crti.o
LOAD c:/siliconlabs/simplicitystudio/v5/developer/toolchains/gnu_arm/12.2.rel1_2023.7/bin/../lib/gcc/arm-none-eabi/12.2.1/thumb/v8-m.main+fp/hard/crtbegin.o
LOAD c:/siliconlabs/simplicitystudio/v5/developer/toolchains/gnu_arm/12.2.rel1_2023.7/bin/../lib/gcc/arm-none-eabi/12.2.1/thumb/v8-m.main+fp/hard/crt0.o
START GROUP
LOAD ./app.o
LOAD ./main.o
LOAD ./autogen/sl_board_default_init.o
LOAD ./autogen/sl_device_init_clocks.o
LOAD ./autogen/sl_event_handler.o
LOAD ./autogen/sl_iostream_handles.o
LOAD ./autogen/sl_uartdrv_init.o
LOAD ./gecko_sdk_4.5.0/hardware/board/src/sl_board_control_gpio.o
LOAD ./gecko_sdk_4.5.0/hardware/board/src/sl_board_init.o
LOAD ./gecko_sdk_4.5.0/hardware/driver/configuration_over_swo/src/sl_cos.o
LOAD ./gecko_sdk_4.5.0/platform/Device/SiliconLabs/EFR32BG22/Source/startup_efr32bg22.o
LOAD ./gecko_sdk_4.5.0/platform/Device/SiliconLabs/EFR32BG22/Source/system_efr32bg22.o
LOAD ./gecko_sdk_4.5.0/platform/common/src/sl_assert.o
LOAD ./gecko_sdk_4.5.0/platform/common/src/sl_slist.o
LOAD ./gecko_sdk_4.5.0/platform/common/src/sl_stdio.o
LOAD ./gecko_sdk_4.5.0/platform/common/src/sl_string.o
LOAD ./gecko_sdk_4.5.0/platform/common/src/sl_syscalls.o
LOAD ./gecko_sdk_4.5.0/platform/common/toolchain/src/sl_memory.o
LOAD ./gecko_sdk_4.5.0/platform/driver/debug/src/sl_debug_swo.o
LOAD ./gecko_sdk_4.5.0/platform/emdrv/dmadrv/src/dmadrv.o
LOAD ./gecko_sdk_4.5.0/platform/emdrv/gpiointerrupt/src/gpiointerrupt.o
LOAD ./gecko_sdk_4.5.0/platform/emdrv/uartdrv/src/uartdrv.o
LOAD ./gecko_sdk_4.5.0/platform/emlib/src/em_burtc.o
LOAD ./gecko_sdk_4.5.0/platform/emlib/src/em_cmu.o
LOAD ./gecko_sdk_4.5.0/platform/emlib/src/em_core.o
LOAD ./gecko_sdk_4.5.0/platform/emlib/src/em_emu.o
LOAD ./gecko_sdk_4.5.0/platform/emlib/src/em_eusart.o
LOAD ./gecko_sdk_4.5.0/platform/emlib/src/em_gpio.o
LOAD ./gecko_sdk_4.5.0/platform/emlib/src/em_ldma.o
LOAD ./gecko_sdk_4.5.0/platform/emlib/src/em_msc.o
LOAD ./gecko_sdk_4.5.0/platform/emlib/src/em_rtcc.o
LOAD ./gecko_sdk_4.5.0/platform/emlib/src/em_system.o
LOAD ./gecko_sdk_4.5.0/platform/emlib/src/em_timer.o
LOAD ./gecko_sdk_4.5.0/platform/emlib/src/em_usart.o
LOAD ./gecko_sdk_4.5.0/platform/service/device_init/src/sl_device_init_dcdc_s2.o
LOAD ./gecko_sdk_4.5.0/platform/service/device_init/src/sl_device_init_emu_s2.o
LOAD ./gecko_sdk_4.5.0/platform/service/device_init/src/sl_device_init_hfxo_s2.o
LOAD ./gecko_sdk_4.5.0/platform/service/device_init/src/sl_device_init_lfxo_s2.o
LOAD ./gecko_sdk_4.5.0/platform/service/device_init/src/sl_device_init_nvic.o
LOAD ./gecko_sdk_4.5.0/platform/service/iostream/src/sl_iostream.o
LOAD ./gecko_sdk_4.5.0/platform/service/iostream/src/sl_iostream_eusart.o
LOAD ./gecko_sdk_4.5.0/platform/service/iostream/src/sl_iostream_retarget_stdio.o
LOAD ./gecko_sdk_4.5.0/platform/service/iostream/src/sl_iostream_uart.o
LOAD ./gecko_sdk_4.5.0/platform/service/sleeptimer/src/sl_sleeptimer.o
LOAD ./gecko_sdk_4.5.0/platform/service/sleeptimer/src/sl_sleeptimer_hal_burtc.o
LOAD ./gecko_sdk_4.5.0/platform/service/sleeptimer/src/sl_sleeptimer_hal_prortc.o
LOAD ./gecko_sdk_4.5.0/platform/service/sleeptimer/src/sl_sleeptimer_hal_rtcc.o
LOAD ./gecko_sdk_4.5.0/platform/service/sleeptimer/src/sl_sleeptimer_hal_timer.o
LOAD ./gecko_sdk_4.5.0/platform/service/system/src/sl_system_init.o
LOAD ./gecko_sdk_4.5.0/platform/service/system/src/sl_system_process_action.o
LOAD c:/siliconlabs/simplicitystudio/v5/developer/toolchains/gnu_arm/12.2.rel1_2023.7/bin/../lib/gcc/arm-none-eabi/12.2.1/thumb/v8-m.main+fp/hard\libgcc.a
LOAD c:/siliconlabs/simplicitystudio/v5/developer/toolchains/gnu_arm/12.2.rel1_2023.7/bin/../lib/gcc/arm-none-eabi/12.2.1/thumb/v8-m.main+fp/hard\libc_nano.a
LOAD c:/siliconlabs/simplicitystudio/v5/developer/toolchains/gnu_arm/12.2.rel1_2023.7/bin/../lib/gcc/arm-none-eabi/12.2.1/thumb/v8-m.main+fp/hard\libm.a
LOAD c:/siliconlabs/simplicitystudio/v5/developer/toolchains/gnu_arm/12.2.rel1_2023.7/bin/../lib/gcc/arm-none-eabi/12.2.1/thumb/v8-m.main+fp/hard\libnosys.a
END GROUP
START GROUP
LOAD c:/siliconlabs/simplicitystudio/v5/developer/toolchains/gnu_arm/12.2.rel1_2023.7/bin/../lib/gcc/arm-none-eabi/12.2.1/thumb/v8-m.main+fp/hard\libgcc.a
LOAD c:/siliconlabs/simplicitystudio/v5/developer/toolchains/gnu_arm/12.2.rel1_2023.7/bin/../lib/gcc/arm-none-eabi/12.2.1/thumb/v8-m.main+fp/hard\libc_nano.a
LOAD c:/siliconlabs/simplicitystudio/v5/developer/toolchains/gnu_arm/12.2.rel1_2023.7/bin/../lib/gcc/arm-none-eabi/12.2.1/thumb/v8-m.main+fp/hard\libnosys.a
END GROUP
START GROUP
LOAD c:/siliconlabs/simplicitystudio/v5/developer/toolchains/gnu_arm/12.2.rel1_2023.7/bin/../lib/gcc/arm-none-eabi/12.2.1/thumb/v8-m.main+fp/hard\libgcc.a
LOAD c:/siliconlabs/simplicitystudio/v5/developer/toolchains/gnu_arm/12.2.rel1_2023.7/bin/../lib/gcc/arm-none-eabi/12.2.1/thumb/v8-m.main+fp/hard\libg_nano.a
LOAD c:/siliconlabs/simplicitystudio/v5/developer/toolchains/gnu_arm/12.2.rel1_2023.7/bin/../lib/gcc/arm-none-eabi/12.2.1/thumb/v8-m.main+fp/hard\libc_nano.a
END GROUP
START GROUP
LOAD c:/siliconlabs/simplicitystudio/v5/developer/toolchains/gnu_arm/12.2.rel1_2023.7/bin/../lib/gcc/arm-none-eabi/12.2.1/thumb/v8-m.main+fp/hard\libgcc.a
LOAD c:/siliconlabs/simplicitystudio/v5/developer/toolchains/gnu_arm/12.2.rel1_2023.7/bin/../lib/gcc/arm-none-eabi/12.2.1/thumb/v8-m.main+fp/hard\libc_nano.a
END GROUP
LOAD c:/siliconlabs/simplicitystudio/v5/developer/toolchains/gnu_arm/12.2.rel1_2023.7/bin/../lib/gcc/arm-none-eabi/12.2.1/thumb/v8-m.main+fp/hard/crtend.o
LOAD c:/siliconlabs/simplicitystudio/v5/developer/toolchains/gnu_arm/12.2.rel1_2023.7/bin/../lib/gcc/arm-none-eabi/12.2.1/thumb/v8-m.main+fp/hard/crtn.o

.text           0x00000000     0x308c
                0x00000000                linker_vectors_begin = .
 *(.vectors)
 .vectors       0x00000000      0x140 ./gecko_sdk_4.5.0/platform/Device/SiliconLabs/EFR32BG22/Source/startup_efr32bg22.o
                0x00000000                __Vectors
                0x00000140                linker_vectors_end = .
                0x00000140                __Vectors_End = .
                0x00000140                __Vectors_Size = (__Vectors_End - __Vectors)
                0x00000140                linker_code_begin = .
 *(SORT_BY_ALIGNMENT(.text*))
 .text.deregister_tm_clones
                0x00000140       0x1c c:/siliconlabs/simplicitystudio/v5/developer/toolchains/gnu_arm/12.2.rel1_2023.7/bin/../lib/gcc/arm-none-eabi/12.2.1/thumb/v8-m.main+fp/hard/crtbegin.o
 .text.register_tm_clones
                0x0000015c       0x28 c:/siliconlabs/simplicitystudio/v5/developer/toolchains/gnu_arm/12.2.rel1_2023.7/bin/../lib/gcc/arm-none-eabi/12.2.1/thumb/v8-m.main+fp/hard/crtbegin.o
 .text.__do_global_dtors_aux
                0x00000184       0x28 c:/siliconlabs/simplicitystudio/v5/developer/toolchains/gnu_arm/12.2.rel1_2023.7/bin/../lib/gcc/arm-none-eabi/12.2.1/thumb/v8-m.main+fp/hard/crtbegin.o
 .text.frame_dummy
                0x000001ac       0x24 c:/siliconlabs/simplicitystudio/v5/developer/toolchains/gnu_arm/12.2.rel1_2023.7/bin/../lib/gcc/arm-none-eabi/12.2.1/thumb/v8-m.main+fp/hard/crtbegin.o
 .text          0x000001d0       0x7c c:/siliconlabs/simplicitystudio/v5/developer/toolchains/gnu_arm/12.2.rel1_2023.7/bin/../lib/gcc/arm-none-eabi/12.2.1/thumb/v8-m.main+fp/hard/crt0.o
                0x000001d0                _stack_init
                0x000001d8                _start
                0x000001d8                _mainCRTStartup
 .text.GPIO_PinOutClear.constprop.0
                0x0000024c        0xc ./app.o
 .text.app_init
                0x00000258       0x38 ./app.o
                0x00000258                app_init
 .text.app_process_action
                0x00000290       0x24 ./app.o
                0x00000290                app_process_action
 .text.sl_device_init_clocks
                0x000002b4       0x9c ./autogen/sl_device_init_clocks.o
                0x000002b4                sl_device_init_clocks
 .text.sl_platform_init
                0x00000350       0x58 ./autogen/sl_event_handler.o
                0x00000350                sl_platform_init
 .text.sl_uartdrv_set_default
                0x000003a8       0x14 ./autogen/sl_uartdrv_init.o
                0x000003a8                sl_uartdrv_set_default
 .text.sl_uartdrv_init_instances
                0x000003bc       0x20 ./autogen/sl_uartdrv_init.o
                0x000003bc                sl_uartdrv_init_instances
 .text.sl_uartdrv_get_default
                0x000003dc        0xc ./autogen/sl_uartdrv_init.o
                0x000003dc                sl_uartdrv_get_default
 .text.sl_cos_send_config
                0x000003e8       0x4c ./gecko_sdk_4.5.0/hardware/driver/configuration_over_swo/src/sl_cos.o
                0x000003e8                sl_cos_send_config
 .text.CopyRamFuncs
                0x00000434       0x1c ./gecko_sdk_4.5.0/platform/Device/SiliconLabs/EFR32BG22/Source/startup_efr32bg22.o
                0x00000434                CopyRamFuncs
 .text.Reset_Handler
                0x00000450       0x64 ./gecko_sdk_4.5.0/platform/Device/SiliconLabs/EFR32BG22/Source/startup_efr32bg22.o
                0x00000450                Reset_Handler
 .text.SystemInit
                0x000004b4       0x64 ./gecko_sdk_4.5.0/platform/Device/SiliconLabs/EFR32BG22/Source/system_efr32bg22.o
                0x000004b4                SystemInit
 .text.SystemHFRCODPLLClockGet
                0x00000518        0xc ./gecko_sdk_4.5.0/platform/Device/SiliconLabs/EFR32BG22/Source/system_efr32bg22.o
                0x00000518                SystemHFRCODPLLClockGet
 .text.SystemSYSCLKGet
                0x00000524       0x34 ./gecko_sdk_4.5.0/platform/Device/SiliconLabs/EFR32BG22/Source/system_efr32bg22.o
                0x00000524                SystemSYSCLKGet
 .text.SystemHCLKGet
                0x00000558       0x24 ./gecko_sdk_4.5.0/platform/Device/SiliconLabs/EFR32BG22/Source/system_efr32bg22.o
                0x00000558                SystemHCLKGet
 .text.SystemMaxCoreClockGet
                0x0000057c        0x8 ./gecko_sdk_4.5.0/platform/Device/SiliconLabs/EFR32BG22/Source/system_efr32bg22.o
                0x0000057c                SystemMaxCoreClockGet
 .text.SystemHFXOClockGet
                0x00000584        0xc ./gecko_sdk_4.5.0/platform/Device/SiliconLabs/EFR32BG22/Source/system_efr32bg22.o
                0x00000584                SystemHFXOClockGet
 .text.SystemHFXOClockSet
                0x00000590       0x20 ./gecko_sdk_4.5.0/platform/Device/SiliconLabs/EFR32BG22/Source/system_efr32bg22.o
                0x00000590                SystemHFXOClockSet
 .text.SystemFSRCOClockGet
                0x000005b0        0x8 ./gecko_sdk_4.5.0/platform/Device/SiliconLabs/EFR32BG22/Source/system_efr32bg22.o
                0x000005b0                SystemFSRCOClockGet
 .text.SystemLFXOClockGet
                0x000005b8        0xc ./gecko_sdk_4.5.0/platform/Device/SiliconLabs/EFR32BG22/Source/system_efr32bg22.o
                0x000005b8                SystemLFXOClockGet
 .text.sl_debug_swo_init
                0x000005c4       0xc0 ./gecko_sdk_4.5.0/platform/driver/debug/src/sl_debug_swo.o
                0x000005c4                sl_debug_swo_init
 .text.sl_debug_swo_write_u8
                0x00000684       0x44 ./gecko_sdk_4.5.0/platform/driver/debug/src/sl_debug_swo.o
                0x00000684                sl_debug_swo_write_u8
 .text.DMADRV_AllocateChannel
                0x000006c8       0x60 ./gecko_sdk_4.5.0/platform/emdrv/dmadrv/src/dmadrv.o
                0x000006c8                DMADRV_AllocateChannel
 .text.DMADRV_Init
                0x00000728       0x68 ./gecko_sdk_4.5.0/platform/emdrv/dmadrv/src/dmadrv.o
                0x00000728                DMADRV_Init
 .text.LDMA_IRQHandler
                0x00000790       0x74 ./gecko_sdk_4.5.0/platform/emdrv/dmadrv/src/dmadrv.o
                0x00000790                LDMA_IRQHandler
 .text.GPIOINT_IRQDispatcher
                0x00000804       0x38 ./gecko_sdk_4.5.0/platform/emdrv/gpiointerrupt/src/gpiointerrupt.o
 .text.GPIOINT_Init
                0x0000083c       0x30 ./gecko_sdk_4.5.0/platform/emdrv/gpiointerrupt/src/gpiointerrupt.o
                0x0000083c                GPIOINT_Init
 .text.GPIO_EVEN_IRQHandler
                0x0000086c       0x24 ./gecko_sdk_4.5.0/platform/emdrv/gpiointerrupt/src/gpiointerrupt.o
                0x0000086c                GPIO_EVEN_IRQHandler
 .text.GPIO_ODD_IRQHandler
                0x00000890       0x24 ./gecko_sdk_4.5.0/platform/emdrv/gpiointerrupt/src/gpiointerrupt.o
                0x00000890                GPIO_ODD_IRQHandler
 .text.InitializeDma
                0x000008b4       0x2c ./gecko_sdk_4.5.0/platform/emdrv/uartdrv/src/uartdrv.o
 .text.UARTDRV_InitEuart
                0x000008e0      0x1a8 ./gecko_sdk_4.5.0/platform/emdrv/uartdrv/src/uartdrv.o
                0x000008e0                UARTDRV_InitEuart
 .text.EMU_VScaleGet
                0x00000a88       0x18 ./gecko_sdk_4.5.0/platform/emlib/src/em_cmu.o
 .text.em01GrpaClkGet
                0x00000aa0       0x48 ./gecko_sdk_4.5.0/platform/emlib/src/em_cmu.o
 .text.iadcClkGet
                0x00000ae8       0x54 ./gecko_sdk_4.5.0/platform/emlib/src/em_cmu.o
 .text.em01GrpbClkGet
                0x00000b3c       0x74 ./gecko_sdk_4.5.0/platform/emlib/src/em_cmu.o
 .text.em23GrpaClkGet
                0x00000bb0       0x48 ./gecko_sdk_4.5.0/platform/emlib/src/em_cmu.o
 .text.wdog0ClkGet
                0x00000bf8       0x64 ./gecko_sdk_4.5.0/platform/emlib/src/em_cmu.o
 .text.rtccClkGet
                0x00000c5c       0x54 ./gecko_sdk_4.5.0/platform/emlib/src/em_cmu.o
 .text.em4GrpaClkGet
                0x00000cb0       0x48 ./gecko_sdk_4.5.0/platform/emlib/src/em_cmu.o
 .text.euart0ClkGet
                0x00000cf8       0x48 ./gecko_sdk_4.5.0/platform/emlib/src/em_cmu.o
 .text.CMU_ClockDivGet
                0x00000d40       0x84 ./gecko_sdk_4.5.0/platform/emlib/src/em_cmu.o
                0x00000d40                CMU_ClockDivGet
 .text.flashWaitStateControl
                0x00000dc4       0x4c ./gecko_sdk_4.5.0/platform/emlib/src/em_cmu.o
 .text.CMU_ClockEnable
                0x00000e10       0x54 ./gecko_sdk_4.5.0/platform/emlib/src/em_cmu.o
                0x00000e10                CMU_ClockEnable
 .text.CMU_ClockFreqGet
                0x00000e64      0x198 ./gecko_sdk_4.5.0/platform/emlib/src/em_cmu.o
                0x00000e64                CMU_ClockFreqGet
 .text.rhclkPrescOptimize
                0x00000ffc       0x20 ./gecko_sdk_4.5.0/platform/emlib/src/em_cmu.o
 .text.CMU_ClockSelectGet
                0x0000101c      0x168 ./gecko_sdk_4.5.0/platform/emlib/src/em_cmu.o
                0x0000101c                CMU_ClockSelectGet
 .text.sli_em_cmu_HFXOSetForceEnable
                0x00001184       0x18 ./gecko_sdk_4.5.0/platform/emlib/src/em_cmu.o
                0x00001184                sli_em_cmu_HFXOSetForceEnable
 .text.CMU_HFXOInit
                0x0000119c      0x1dc ./gecko_sdk_4.5.0/platform/emlib/src/em_cmu.o
                0x0000119c                CMU_HFXOInit
 .text.CMU_HFXOCTuneDeltaGet
                0x00001378        0xc ./gecko_sdk_4.5.0/platform/emlib/src/em_cmu.o
                0x00001378                CMU_HFXOCTuneDeltaGet
 .text.CMU_LFXOInit
                0x00001384       0xc4 ./gecko_sdk_4.5.0/platform/emlib/src/em_cmu.o
                0x00001384                CMU_LFXOInit
 .text.CMU_LFXOPrecisionSet
                0x00001448        0xc ./gecko_sdk_4.5.0/platform/emlib/src/em_cmu.o
                0x00001448                CMU_LFXOPrecisionSet
 .text.CMU_HFXOPrecisionSet
                0x00001454        0xc ./gecko_sdk_4.5.0/platform/emlib/src/em_cmu.o
                0x00001454                CMU_HFXOPrecisionSet
 .text.CMU_ClockDivSet
                0x00001460      0x104 ./gecko_sdk_4.5.0/platform/emlib/src/em_cmu.o
                0x00001460                CMU_ClockDivSet
 .text.sli_em_cmu_SYSCLKInitPreClockSelect
                0x00001564       0x20 ./gecko_sdk_4.5.0/platform/emlib/src/em_cmu.o
                0x00001564                sli_em_cmu_SYSCLKInitPreClockSelect
 .text.pclkDivOptimize
                0x00001584       0x24 ./gecko_sdk_4.5.0/platform/emlib/src/em_cmu.o
 .text.CORE_NvicIRQDisabled
                0x000015a8       0x34 ./gecko_sdk_4.5.0/platform/emlib/src/em_core.o
                0x000015a8                CORE_NvicIRQDisabled
 .text.EMU_EM4Init
                0x000015dc       0x14 ./gecko_sdk_4.5.0/platform/emlib/src/em_emu.o
                0x000015dc                EMU_EM4Init
 .text.EMU_VScaleEM01
                0x000015f0       0xa8 ./gecko_sdk_4.5.0/platform/emlib/src/em_emu.o
                0x000015f0                EMU_VScaleEM01
 .text.EMU_VScaleEM01ByClock
                0x00001698       0x30 ./gecko_sdk_4.5.0/platform/emlib/src/em_emu.o
                0x00001698                EMU_VScaleEM01ByClock
 .text.EMU_DCDCModeSet
                0x000016c8       0xb8 ./gecko_sdk_4.5.0/platform/emlib/src/em_emu.o
                0x000016c8                EMU_DCDCModeSet
 .text.EMU_DCDCInit
                0x00001780       0x74 ./gecko_sdk_4.5.0/platform/emlib/src/em_emu.o
                0x00001780                EMU_DCDCInit
 .text.EUSART_Reset
                0x000017f4       0x34 ./gecko_sdk_4.5.0/platform/emlib/src/em_eusart.o
                0x000017f4                EUSART_Reset
 .text.EUSART_Enable
                0x00001828       0x60 ./gecko_sdk_4.5.0/platform/emlib/src/em_eusart.o
                0x00001828                EUSART_Enable
 .text.EUSART_BaudrateSet
                0x00001888      0x128 ./gecko_sdk_4.5.0/platform/emlib/src/em_eusart.o
                0x00001888                EUSART_BaudrateSet
 .text.EUSART_AsyncInitCommon.constprop.0
                0x000019b0      0x178 ./gecko_sdk_4.5.0/platform/emlib/src/em_eusart.o
 .text.EUSART_UartInitLf
                0x00001b28       0xb4 ./gecko_sdk_4.5.0/platform/emlib/src/em_eusart.o
                0x00001b28                EUSART_UartInitLf
 .text.EUSART_UartInitHf
                0x00001bdc       0x50 ./gecko_sdk_4.5.0/platform/emlib/src/em_eusart.o
                0x00001bdc                EUSART_UartInitHf
 .text.EUSART_BaudrateGet
                0x00001c2c       0xb4 ./gecko_sdk_4.5.0/platform/emlib/src/em_eusart.o
                0x00001c2c                EUSART_BaudrateGet
 .text.GPIO_PinOutSet
                0x00001ce0       0x40 ./gecko_sdk_4.5.0/platform/emlib/src/em_gpio.o
 .text.GPIO_PinOutClear
                0x00001d20       0x40 ./gecko_sdk_4.5.0/platform/emlib/src/em_gpio.o
 .text.GPIO_PinModeSet
                0x00001d60       0x90 ./gecko_sdk_4.5.0/platform/emlib/src/em_gpio.o
                0x00001d60                GPIO_PinModeSet
 .text.LDMA_Init
                0x00001df0       0x94 ./gecko_sdk_4.5.0/platform/emlib/src/em_ldma.o
                0x00001df0                LDMA_Init
 .text.RTCC_ChannelInit
                0x00001e84       0x48 ./gecko_sdk_4.5.0/platform/emlib/src/em_rtcc.o
                0x00001e84                RTCC_ChannelInit
 .text.RTCC_Enable
                0x00001ecc       0x54 ./gecko_sdk_4.5.0/platform/emlib/src/em_rtcc.o
                0x00001ecc                RTCC_Enable
 .text.RTCC_Init
                0x00001f20       0x48 ./gecko_sdk_4.5.0/platform/emlib/src/em_rtcc.o
                0x00001f20                RTCC_Init
 .text.SYSTEM_GetProdRev
                0x00001f68       0x10 ./gecko_sdk_4.5.0/platform/emlib/src/em_system.o
                0x00001f68                SYSTEM_GetProdRev
 .text.sl_device_init_dcdc
                0x00001f78       0x20 ./gecko_sdk_4.5.0/platform/service/device_init/src/sl_device_init_dcdc_s2.o
                0x00001f78                sl_device_init_dcdc
 .text.sl_device_init_emu
                0x00001f98       0x24 ./gecko_sdk_4.5.0/platform/service/device_init/src/sl_device_init_emu_s2.o
                0x00001f98                sl_device_init_emu
 .text.sl_device_init_hfxo
                0x00001fbc       0x70 ./gecko_sdk_4.5.0/platform/service/device_init/src/sl_device_init_hfxo_s2.o
                0x00001fbc                sl_device_init_hfxo
 .text.sl_device_init_lfxo
                0x0000202c       0x2c ./gecko_sdk_4.5.0/platform/service/device_init/src/sl_device_init_lfxo_s2.o
                0x0000202c                sl_device_init_lfxo
 .text.sl_device_init_nvic
                0x00002058       0x3c ./gecko_sdk_4.5.0/platform/service/device_init/src/sl_device_init_nvic.o
                0x00002058                sl_device_init_nvic
 .text.delta_list_insert_timer
                0x00002094       0x40 ./gecko_sdk_4.5.0/platform/service/sleeptimer/src/sl_sleeptimer.o
 .text.update_delta_list
                0x000020d4       0x34 ./gecko_sdk_4.5.0/platform/service/sleeptimer/src/sl_sleeptimer.o
 .text.set_comparator_for_next_timer
                0x00002108       0x5c ./gecko_sdk_4.5.0/platform/service/sleeptimer/src/sl_sleeptimer.o
 .text.create_timer
                0x00002164       0x88 ./gecko_sdk_4.5.0/platform/service/sleeptimer/src/sl_sleeptimer.o
 .text.delta_list_remove_timer
                0x000021ec       0x38 ./gecko_sdk_4.5.0/platform/service/sleeptimer/src/sl_sleeptimer.o
 .text.sl_sleeptimer_init
                0x00002224       0x74 ./gecko_sdk_4.5.0/platform/service/sleeptimer/src/sl_sleeptimer.o
                0x00002224                sl_sleeptimer_init
 .text.sl_sleeptimer_is_timer_running
                0x00002298       0x3c ./gecko_sdk_4.5.0/platform/service/sleeptimer/src/sl_sleeptimer.o
                0x00002298                sl_sleeptimer_is_timer_running
 .text.sl_sleeptimer_ms_to_tick
                0x000022d4       0x24 ./gecko_sdk_4.5.0/platform/service/sleeptimer/src/sl_sleeptimer.o
                0x000022d4                sl_sleeptimer_ms_to_tick
 .text.sl_sleeptimer_delay_millisecond
                0x000022f8       0x38 ./gecko_sdk_4.5.0/platform/service/sleeptimer/src/sl_sleeptimer.o
                0x000022f8                sl_sleeptimer_delay_millisecond
 .text.process_timer_irq
                0x00002330      0x154 ./gecko_sdk_4.5.0/platform/service/sleeptimer/src/sl_sleeptimer.o
                0x00002330                process_timer_irq
 .text.sleeptimer_hal_init_timer
                0x00002484       0x7c ./gecko_sdk_4.5.0/platform/service/sleeptimer/src/sl_sleeptimer_hal_rtcc.o
                0x00002484                sleeptimer_hal_init_timer
 .text.sleeptimer_hal_set_compare
                0x00002500       0x64 ./gecko_sdk_4.5.0/platform/service/sleeptimer/src/sl_sleeptimer_hal_rtcc.o
                0x00002500                sleeptimer_hal_set_compare
 .text.sleeptimer_hal_enable_int
                0x00002564       0x18 ./gecko_sdk_4.5.0/platform/service/sleeptimer/src/sl_sleeptimer_hal_rtcc.o
                0x00002564                sleeptimer_hal_enable_int
 .text.sleeptimer_hal_disable_int
                0x0000257c       0x2c ./gecko_sdk_4.5.0/platform/service/sleeptimer/src/sl_sleeptimer_hal_rtcc.o
                0x0000257c                sleeptimer_hal_disable_int
 .text.sleeptimer_hal_set_int
                0x000025a8       0x10 ./gecko_sdk_4.5.0/platform/service/sleeptimer/src/sl_sleeptimer_hal_rtcc.o
                0x000025a8                sleeptimer_hal_set_int
 .text.RTCC_IRQHandler
                0x000025b8       0x34 ./gecko_sdk_4.5.0/platform/service/sleeptimer/src/sl_sleeptimer_hal_rtcc.o
                0x000025b8                RTCC_IRQHandler
 .text          0x000025ec       0x30 c:/siliconlabs/simplicitystudio/v5/developer/toolchains/gnu_arm/12.2.rel1_2023.7/bin/../lib/gcc/arm-none-eabi/12.2.1/thumb/v8-m.main+fp/hard\libgcc.a(_aeabi_uldivmod.o)
                0x000025ec                __aeabi_uldivmod
 .text.__udivmoddi4
                0x0000261c      0x2ec c:/siliconlabs/simplicitystudio/v5/developer/toolchains/gnu_arm/12.2.rel1_2023.7/bin/../lib/gcc/arm-none-eabi/12.2.1/thumb/v8-m.main+fp/hard\libgcc.a(_udivmoddi4.o)
                0x0000261c                __udivmoddi4
 .text          0x00002908        0x4 c:/siliconlabs/simplicitystudio/v5/developer/toolchains/gnu_arm/12.2.rel1_2023.7/bin/../lib/gcc/arm-none-eabi/12.2.1/thumb/v8-m.main+fp/hard\libgcc.a(_dvmd_tls.o)
                0x00002908                __aeabi_idiv0
                0x00002908                __aeabi_ldiv0
 .text.exit     0x0000290c       0x24 c:/siliconlabs/simplicitystudio/v5/developer/toolchains/gnu_arm/12.2.rel1_2023.7/bin/../lib/gcc/arm-none-eabi/12.2.1/thumb/v8-m.main+fp/hard\libc_nano.a(libc_a-exit.o)
                0x0000290c                exit
 .text.__libc_init_array
                0x00002930       0x48 c:/siliconlabs/simplicitystudio/v5/developer/toolchains/gnu_arm/12.2.rel1_2023.7/bin/../lib/gcc/arm-none-eabi/12.2.1/thumb/v8-m.main+fp/hard\libc_nano.a(libc_a-init.o)
                0x00002930                __libc_init_array
 .text.startup.main
                0x00002978       0x14 ./main.o
                0x00002978                main
 .text.sl_board_default_init
                0x0000298c        0x4 ./autogen/sl_board_default_init.o
                0x0000298c                sl_board_default_init
 .text.sl_driver_init
                0x00002990       0x16 ./autogen/sl_event_handler.o
                0x00002990                sl_driver_init
 .text.sl_service_init
                0x000029a6        0xe ./autogen/sl_event_handler.o
                0x000029a6                sl_service_init
 .text.sl_stack_init
                0x000029b4        0x2 ./autogen/sl_event_handler.o
                0x000029b4                sl_stack_init
 .text.sl_internal_app_init
                0x000029b6        0x2 ./autogen/sl_event_handler.o
                0x000029b6                sl_internal_app_init
 .text.sl_platform_process_action
                0x000029b8        0x2 ./autogen/sl_event_handler.o
                0x000029b8                sl_platform_process_action
 .text.sl_service_process_action
                0x000029ba        0x2 ./autogen/sl_event_handler.o
                0x000029ba                sl_service_process_action
 .text.sl_stack_process_action
                0x000029bc        0x2 ./autogen/sl_event_handler.o
                0x000029bc                sl_stack_process_action
 .text.sl_internal_app_process_action
                0x000029be        0x2 ./autogen/sl_event_handler.o
                0x000029be                sl_internal_app_process_action
 .text.sl_board_configure_vcom
                0x000029c0        0x4 ./gecko_sdk_4.5.0/hardware/board/src/sl_board_control_gpio.o
                0x000029c0                sl_board_configure_vcom
 .text.sl_board_disable_vcom
                0x000029c4        0x4 ./gecko_sdk_4.5.0/hardware/board/src/sl_board_control_gpio.o
                0x000029c4                sl_board_disable_vcom
 .text.sl_board_init
                0x000029c8       0x12 ./gecko_sdk_4.5.0/hardware/board/src/sl_board_init.o
                0x000029c8                sl_board_init
 .text.sl_board_preinit
                0x000029da        0x8 ./gecko_sdk_4.5.0/hardware/board/src/sl_board_init.o
                0x000029da                sl_board_preinit
 .text.sli_cos_swo_itm_8_write.constprop.0.isra.0
                0x000029e2       0x78 ./gecko_sdk_4.5.0/hardware/driver/configuration_over_swo/src/sl_cos.o
 .text.Default_Handler
                0x00002a5a        0x2 ./gecko_sdk_4.5.0/platform/Device/SiliconLabs/EFR32BG22/Source/startup_efr32bg22.o
                0x00002a5a                ULFRCO_IRQHandler
                0x00002a5a                SW2_IRQHandler
                0x00002a5a                TIMER2_IRQHandler
                0x00002a5a                DebugMon_Handler
                0x00002a5a                PKE_IRQHandler
                0x00002a5a                USART0_TX_IRQHandler
                0x00002a5a                PRORTC_IRQHandler
                0x00002a5a                IADC_IRQHandler
                0x00002a5a                I2C0_IRQHandler
                0x00002a5a                LFXO_IRQHandler
                0x00002a5a                CRYPTOACC_IRQHandler
                0x00002a5a                HardFault_Handler
                0x00002a5a                SMU_SECURE_IRQHandler
                0x00002a5a                SysTick_Handler
                0x00002a5a                USART1_RX_IRQHandler
                0x00002a5a                EMUEFP_IRQHandler
                0x00002a5a                PendSV_Handler
                0x00002a5a                NMI_Handler
                0x00002a5a                SYNTH_IRQHandler
                0x00002a5a                HFXO0_IRQHandler
                0x00002a5a                I2C1_IRQHandler
                0x00002a5a                PDM_IRQHandler
                0x00002a5a                WDOG0_IRQHandler
                0x00002a5a                TIMER3_IRQHandler
                0x00002a5a                SYSCFG_IRQHandler
                0x00002a5a                EMUSE_IRQHandler
                0x00002a5a                EMUDG_IRQHandler
                0x00002a5a                USART1_TX_IRQHandler
                0x00002a5a                MSC_IRQHandler
                0x00002a5a                DPLL0_IRQHandler
                0x00002a5a                UsageFault_Handler
                0x00002a5a                M33CTI1_IRQHandler
                0x00002a5a                TIMER4_IRQHandler
                0x00002a5a                SW0_IRQHandler
                0x00002a5a                TIMER0_IRQHandler
                0x00002a5a                LETIMER0_IRQHandler
                0x00002a5a                TIMER1_IRQHandler
                0x00002a5a                HFRCO0_IRQHandler
                0x00002a5a                RFSENSE_IRQHandler
                0x00002a5a                SecureFault_Handler
                0x00002a5a                BUFC_IRQHandler
                0x00002a5a                DCDC_IRQHandler
                0x00002a5a                MODEM_IRQHandler
                0x00002a5a                Default_Handler
                0x00002a5a                RAC_SEQ_IRQHandler
                0x00002a5a                FRC_PRI_IRQHandler
                0x00002a5a                EMU_IRQHandler
                0x00002a5a                SW3_IRQHandler
                0x00002a5a                KERNEL0_IRQHandler
                0x00002a5a                FRC_IRQHandler
                0x00002a5a                KERNEL1_IRQHandler
                0x00002a5a                AGC_IRQHandler
                0x00002a5a                sl_app_properties
                0x00002a5a                BURTC_IRQHandler
                0x00002a5a                LFRCO_IRQHandler
                0x00002a5a                USART0_RX_IRQHandler
                0x00002a5a                MemManage_Handler
                0x00002a5a                RDMAILBOX_IRQHandler
                0x00002a5a                SVC_Handler
                0x00002a5a                SMU_S_PRIVILEGED_IRQHandler
                0x00002a5a                SW1_IRQHandler
                0x00002a5a                CMU_IRQHandler
                0x00002a5a                RAC_RSM_IRQHandler
                0x00002a5a                EUART0_TX_IRQHandler
                0x00002a5a                EUART0_RX_IRQHandler
                0x00002a5a                AES_IRQHandler
                0x00002a5a                M33CTI0_IRQHandler
                0x00002a5a                ICACHE0_IRQHandler
                0x00002a5a                SMU_NS_PRIVILEGED_IRQHandler
                0x00002a5a                PROTIMER_IRQHandler
                0x00002a5a                BusFault_Handler
                0x00002a5a                TRNG_IRQHandler
 .text.FlashToRamCopy
                0x00002a5c       0x16 ./gecko_sdk_4.5.0/platform/Device/SiliconLabs/EFR32BG22/Source/system_efr32bg22.o
                0x00002a5c                FlashToRamCopy
 .text.SystemCLKIN0Get
                0x00002a72        0x4 ./gecko_sdk_4.5.0/platform/Device/SiliconLabs/EFR32BG22/Source/system_efr32bg22.o
                0x00002a72                SystemCLKIN0Get
 .text.SystemLFRCOClockGet
                0x00002a76        0x6 ./gecko_sdk_4.5.0/platform/Device/SiliconLabs/EFR32BG22/Source/system_efr32bg22.o
                0x00002a76                SystemLFRCOClockGet
 .text.SystemULFRCOClockGet
                0x00002a7c        0x6 ./gecko_sdk_4.5.0/platform/Device/SiliconLabs/EFR32BG22/Source/system_efr32bg22.o
                0x00002a7c                SystemULFRCOClockGet
 .text.assertEFM
                0x00002a82        0x2 ./gecko_sdk_4.5.0/platform/common/src/sl_assert.o
                0x00002a82                assertEFM
 .text.sl_debug_swo_enable_itm
                0x00002a84       0x16 ./gecko_sdk_4.5.0/platform/driver/debug/src/sl_debug_swo.o
                0x00002a84                sl_debug_swo_enable_itm
 .text.sl_debug_swo_disable_itm
                0x00002a9a       0x18 ./gecko_sdk_4.5.0/platform/driver/debug/src/sl_debug_swo.o
                0x00002a9a                sl_debug_swo_disable_itm
 .text.ConfigGpio.part.0
                0x00002ab2       0x22 ./gecko_sdk_4.5.0/platform/emdrv/uartdrv/src/uartdrv.o
 .text.waitStateMax
                0x00002ad4       0x10 ./gecko_sdk_4.5.0/platform/emlib/src/em_cmu.o
 .text.CMU_UpdateWaitStates
                0x00002ae4        0xc ./gecko_sdk_4.5.0/platform/emlib/src/em_cmu.o
                0x00002ae4                CMU_UpdateWaitStates
 .text.pclkDivMax
                0x00002af0        0xa ./gecko_sdk_4.5.0/platform/emlib/src/em_cmu.o
 .text.sli_em_cmu_SYSCLKInitPostClockSelect
                0x00002afa       0x2a ./gecko_sdk_4.5.0/platform/emlib/src/em_cmu.o
                0x00002afa                sli_em_cmu_SYSCLKInitPostClockSelect
 .text.CORE_EnterCritical
                0x00002b24        0x8 ./gecko_sdk_4.5.0/platform/emlib/src/em_core.o
                0x00002b24                CORE_EnterCritical
 .text.CORE_ExitCritical
                0x00002b2c        0x6 ./gecko_sdk_4.5.0/platform/emlib/src/em_core.o
                0x00002b2c                CORE_ExitCritical
 .text.CORE_EnterAtomic
                0x00002b32        0xc ./gecko_sdk_4.5.0/platform/emlib/src/em_core.o
                0x00002b32                CORE_EnterAtomic
 .text.CORE_ExitAtomic
                0x00002b3e        0x6 ./gecko_sdk_4.5.0/platform/emlib/src/em_core.o
                0x00002b3e                CORE_ExitAtomic
 .text.EMU_EFPEM01VScale
                0x00002b44        0x2 ./gecko_sdk_4.5.0/platform/emlib/src/em_emu.o
                0x00002b44                EMU_EFPEM01VScale
 .text.EMU_DCDCUpdatedHook
                0x00002b46        0x2 ./gecko_sdk_4.5.0/platform/emlib/src/em_emu.o
                0x00002b46                EMU_DCDCUpdatedHook
 .text.eusart_sync
                0x00002b48        0x8 ./gecko_sdk_4.5.0/platform/emlib/src/em_eusart.o
 .text.EUSART_Disable
                0x00002b50       0x3a ./gecko_sdk_4.5.0/platform/emlib/src/em_eusart.o
 .text.BUS_RegMaskedWrite
                0x00002b8a       0x1e ./gecko_sdk_4.5.0/platform/emlib/src/em_gpio.o
 .text.GPIO_DbgLocationSet
                0x00002ba8        0x2 ./gecko_sdk_4.5.0/platform/emlib/src/em_gpio.o
                0x00002ba8                GPIO_DbgLocationSet
 .text.RTCC_SyncWait
                0x00002baa       0x10 ./gecko_sdk_4.5.0/platform/emlib/src/em_rtcc.o
 .text._exit    0x00002bba        0x2 ./gecko_sdk_4.5.0/platform/service/iostream/src/sl_iostream_retarget_stdio.o
                0x00002bba                _exit
 .text.delay_callback
                0x00002bbc        0x6 ./gecko_sdk_4.5.0/platform/service/sleeptimer/src/sl_sleeptimer.o
 .text.sl_sleeptimer_start_timer
                0x00002bc2       0x48 ./gecko_sdk_4.5.0/platform/service/sleeptimer/src/sl_sleeptimer.o
                0x00002bc2                sl_sleeptimer_start_timer
 .text.CMU_PrescToLog2.constprop.0
                0x00002c0a        0x4 ./gecko_sdk_4.5.0/platform/service/sleeptimer/src/sl_sleeptimer_hal_rtcc.o
 .text.sleeptimer_hal_get_counter
                0x00002c0e        0xe ./gecko_sdk_4.5.0/platform/service/sleeptimer/src/sl_sleeptimer_hal_rtcc.o
                0x00002c0e                sleeptimer_hal_get_counter
 .text.sleeptimer_hal_get_timer_frequency
                0x00002c1c       0x14 ./gecko_sdk_4.5.0/platform/service/sleeptimer/src/sl_sleeptimer_hal_rtcc.o
                0x00002c1c                sleeptimer_hal_get_timer_frequency
 .text.sl_system_init
                0x00002c30       0x1a ./gecko_sdk_4.5.0/platform/service/system/src/sl_system_init.o
                0x00002c30                sl_system_init
 .text.sl_system_process_action
                0x00002c4a       0x16 ./gecko_sdk_4.5.0/platform/service/system/src/sl_system_process_action.o
                0x00002c4a                sl_system_process_action
 .text.memset   0x00002c60       0x10 c:/siliconlabs/simplicitystudio/v5/developer/toolchains/gnu_arm/12.2.rel1_2023.7/bin/../lib/gcc/arm-none-eabi/12.2.1/thumb/v8-m.main+fp/hard\libc_nano.a(libc_a-memset.o)
                0x00002c60                memset
                0x00002c80                . = ALIGN (0x20)
 *fill*         0x00002c70       0x10 
                0x00002c80                linker_code_end = .
 *(.init)
 .init          0x00002c80        0x4 c:/siliconlabs/simplicitystudio/v5/developer/toolchains/gnu_arm/12.2.rel1_2023.7/bin/../lib/gcc/arm-none-eabi/12.2.1/thumb/v8-m.main+fp/hard/crti.o
                0x00002c80                _init
 .init          0x00002c84        0x8 c:/siliconlabs/simplicitystudio/v5/developer/toolchains/gnu_arm/12.2.rel1_2023.7/bin/../lib/gcc/arm-none-eabi/12.2.1/thumb/v8-m.main+fp/hard/crtn.o
 *(.fini)
 .fini          0x00002c8c        0x4 c:/siliconlabs/simplicitystudio/v5/developer/toolchains/gnu_arm/12.2.rel1_2023.7/bin/../lib/gcc/arm-none-eabi/12.2.1/thumb/v8-m.main+fp/hard/crti.o
                0x00002c8c                _fini
 .fini          0x00002c90        0x8 c:/siliconlabs/simplicitystudio/v5/developer/toolchains/gnu_arm/12.2.rel1_2023.7/bin/../lib/gcc/arm-none-eabi/12.2.1/thumb/v8-m.main+fp/hard/crtn.o
 *crtbegin.o(.ctors)
 *crtbegin?.o(.ctors)
 *(EXCLUDE_FILE(*crtend.o *crtend?.o) .ctors)
 *(SORT_BY_NAME(.ctors.*))
 *(.ctors)
 *crtbegin.o(.dtors)
 *crtbegin?.o(.dtors)
 *(EXCLUDE_FILE(*crtend.o *crtend?.o) .dtors)
 *(SORT_BY_NAME(.dtors.*))
 *(.dtors)
                0x00002c98                __code_classification_validator_start__ = .
                0x00002cb8                . = (. + 0x20)
 *fill*         0x00002c98       0x20 
 *(code_classification_validator)
                0x00002cc0                . = ALIGN (0x20)
 *fill*         0x00002cb8        0x8 
                0x00002cc0                __code_classification_validator_end__ = .
 *(.rodata*)
 .rodata        0x00002cc0        0x4 ./gecko_sdk_4.5.0/platform/emdrv/dmadrv/src/dmadrv.o
 .rodata        0x00002cc4       0x3c ./gecko_sdk_4.5.0/platform/emdrv/uartdrv/src/uartdrv.o
 .rodata.HFRCODPLLDevinfoGet.str1.1
                0x00002d00       0x4f ./gecko_sdk_4.5.0/platform/emlib/src/em_cmu.o
 .rodata.CORE_NvicMaskSetIRQ.str1.1
                0x00002d4f       0x50 ./gecko_sdk_4.5.0/platform/emlib/src/em_core.o
 .rodata.EMU_VScaleEM01.str1.1
                0x00002d9f       0x4f ./gecko_sdk_4.5.0/platform/emlib/src/em_emu.o
 .rodata.EUSART_Enable.str1.1
                0x00002dee       0x52 ./gecko_sdk_4.5.0/platform/emlib/src/em_eusart.o
 .rodata.GPIO_PinOutSet.str1.1
                0x00002e40       0x50 ./gecko_sdk_4.5.0/platform/emlib/src/em_gpio.o
 .rodata.GPIO_ExtIntConfig.str1.1
                0x00002e90       0x50 ./gecko_sdk_4.5.0/platform/emlib/src/em_gpio.o
 .rodata.CSWTCH.31
                0x00002ee0        0x8 ./gecko_sdk_4.5.0/platform/emlib/src/em_gpio.o
 .rodata.LDMA_EnableChannelRequest.str1.1
                0x00002ee8       0x9f ./gecko_sdk_4.5.0/platform/emlib/src/em_ldma.o
 .rodata.RTCC_ChannelInit.str1.1
                0x00002f87       0x50 ./gecko_sdk_4.5.0/platform/emlib/src/em_rtcc.o
 .rodata        0x00002fd7        0x8 ./gecko_sdk_4.5.0/platform/service/device_init/src/sl_device_init_dcdc_s2.o
 *fill*         0x00002fdf        0x1 
 .rodata        0x00002fe0       0x28 ./gecko_sdk_4.5.0/platform/service/device_init/src/sl_device_init_hfxo_s2.o
 .rodata        0x00003008       0x14 ./gecko_sdk_4.5.0/platform/service/device_init/src/sl_device_init_lfxo_s2.o
 .rodata.process_timer_irq.str1.1
                0x0000301c       0x63 ./gecko_sdk_4.5.0/platform/service/sleeptimer/src/sl_sleeptimer.o
 .rodata        0x0000307f        0xb ./gecko_sdk_4.5.0/platform/service/sleeptimer/src/sl_sleeptimer_hal_rtcc.o
 *(.eh_frame*)
 *fill*         0x0000308a        0x2 
 .eh_frame      0x0000308c        0x0 c:/siliconlabs/simplicitystudio/v5/developer/toolchains/gnu_arm/12.2.rel1_2023.7/bin/../lib/gcc/arm-none-eabi/12.2.1/thumb/v8-m.main+fp/hard/crtbegin.o

.glue_7         0x0000308c        0x0
 .glue_7        0x0000308c        0x0 linker stubs

.glue_7t        0x0000308c        0x0
 .glue_7t       0x0000308c        0x0 linker stubs

.vfp11_veneer   0x0000308c        0x0
 .vfp11_veneer  0x0000308c        0x0 linker stubs

.v4_bx          0x0000308c        0x0
 .v4_bx         0x0000308c        0x0 linker stubs

.iplt           0x0000308c        0x0
 .iplt          0x0000308c        0x0 c:/siliconlabs/simplicitystudio/v5/developer/toolchains/gnu_arm/12.2.rel1_2023.7/bin/../lib/gcc/arm-none-eabi/12.2.1/thumb/v8-m.main+fp/hard/crtbegin.o

.ARM.extab
 *(.ARM.extab* .gnu.linkonce.armextab.*)
                0x0000308c                __exidx_start = .

.ARM.exidx      0x0000308c        0x8
 *(.ARM.exidx* .gnu.linkonce.armexidx.*)
 .ARM.exidx     0x0000308c        0x8 c:/siliconlabs/simplicitystudio/v5/developer/toolchains/gnu_arm/12.2.rel1_2023.7/bin/../lib/gcc/arm-none-eabi/12.2.1/thumb/v8-m.main+fp/hard/crt0.o
                                 0x10 (size before relaxing)
 .ARM.exidx.text.__udivmoddi4
                0x00003094        0x0 c:/siliconlabs/simplicitystudio/v5/developer/toolchains/gnu_arm/12.2.rel1_2023.7/bin/../lib/gcc/arm-none-eabi/12.2.1/thumb/v8-m.main+fp/hard\libgcc.a(_udivmoddi4.o)
                                  0x8 (size before relaxing)
                0x00003094                __exidx_end = .

.rel.dyn        0x00003094        0x0
 .rel.iplt      0x00003094        0x0 c:/siliconlabs/simplicitystudio/v5/developer/toolchains/gnu_arm/12.2.rel1_2023.7/bin/../lib/gcc/arm-none-eabi/12.2.1/thumb/v8-m.main+fp/hard/crtbegin.o

.copy.table     0x00003094        0xc
                0x00003094                . = ALIGN (0x4)
                0x00003094                __copy_table_start__ = .
                0x00003094        0x4 LONG 0x30a0 __etext
                0x00003098        0x4 LONG 0x20001000 __data_start__
                0x0000309c        0x4 LONG 0x54 ((__data_end__ - __data_start__) / 0x4)
                0x000030a0                __copy_table_end__ = .

.zero.table     0x000030a0        0x0
                0x000030a0                . = ALIGN (0x4)
                0x000030a0                __zero_table_start__ = .
                0x000030a0                __zero_table_end__ = .
                0x000030a0                __etext = .
                0x20000000                . = ORIGIN (RAM)

.stack          0x20000000     0x1000
                0x20000000                __StackLimit = .
 *(.stack*)
 .stack         0x20000000     0x1000 ./gecko_sdk_4.5.0/platform/common/toolchain/src/sl_memory.o
                0x20001000                . = ALIGN (0x4)
                0x20001000                __StackTop = .
                0x20001000                PROVIDE (__stack = __StackTop)

.noinit
 *(.noinit*)

.data           0x20001000      0x150 load address 0x000030a0
                0x20001000                . = ALIGN (0x4)
                0x20001000                __data_start__ = .
 *(vtable)
 *(SORT_BY_ALIGNMENT(.data*))
 .data.sl_uartdrv_eusart_init_vcom
                0x20001000       0x2c ./autogen/sl_uartdrv_init.o
                0x20001000                sl_uartdrv_eusart_init_vcom
 .data.sl_uartdrv_eusart_vcom_tx_buffer
                0x2000102c       0x80 ./autogen/sl_uartdrv_init.o
 .data.sl_uartdrv_eusart_vcom_rx_buffer
                0x200010ac       0x80 ./autogen/sl_uartdrv_init.o
 .data.sl_uartdrv_eusart_vcom_handle
                0x2000112c        0x4 ./autogen/sl_uartdrv_init.o
                0x2000112c                sl_uartdrv_eusart_vcom_handle
 .data.SystemCoreClock
                0x20001130        0x4 ./gecko_sdk_4.5.0/platform/Device/SiliconLabs/EFR32BG22/Source/system_efr32bg22.o
                0x20001130                SystemCoreClock
 .data.SystemHFRCODPLLClock
                0x20001134        0x4 ./gecko_sdk_4.5.0/platform/Device/SiliconLabs/EFR32BG22/Source/system_efr32bg22.o
 .data.SystemLFXOClock
                0x20001138        0x4 ./gecko_sdk_4.5.0/platform/Device/SiliconLabs/EFR32BG22/Source/system_efr32bg22.o
 .data.SystemHFXOClock
                0x2000113c        0x4 ./gecko_sdk_4.5.0/platform/Device/SiliconLabs/EFR32BG22/Source/system_efr32bg22.o
 .data.hfxo_precision
                0x20001140        0x2 ./gecko_sdk_4.5.0/platform/emlib/src/em_cmu.o
 .data.lfxo_precision
                0x20001142        0x2 ./gecko_sdk_4.5.0/platform/emlib/src/em_cmu.o
 .data.cc_disabled
                0x20001144        0x1 ./gecko_sdk_4.5.0/platform/service/sleeptimer/src/sl_sleeptimer_hal_rtcc.o
                0x20001148                . = ALIGN (0x4)
 *fill*         0x20001145        0x3 
                [!provide]                PROVIDE (__ram_func_section_start = .)
 *(.ram)
                [!provide]                PROVIDE (__ram_func_section_end = .)
                0x20001148                . = ALIGN (0x4)
                0x20001148                PROVIDE (__preinit_array_start = .)
 *(.preinit_array)
                0x20001148                PROVIDE (__preinit_array_end = .)
                0x20001148                . = ALIGN (0x4)
                0x20001148                PROVIDE (__init_array_start = .)
 *(SORT_BY_NAME(.init_array.*))
 *(.init_array)
 .init_array    0x20001148        0x4 c:/siliconlabs/simplicitystudio/v5/developer/toolchains/gnu_arm/12.2.rel1_2023.7/bin/../lib/gcc/arm-none-eabi/12.2.1/thumb/v8-m.main+fp/hard/crtbegin.o
                0x2000114c                PROVIDE (__init_array_end = .)
                0x2000114c                . = ALIGN (0x4)
                [!provide]                PROVIDE (__fini_array_start = .)
 *(SORT_BY_NAME(.fini_array.*))
 *(.fini_array)
 .fini_array    0x2000114c        0x4 c:/siliconlabs/simplicitystudio/v5/developer/toolchains/gnu_arm/12.2.rel1_2023.7/bin/../lib/gcc/arm-none-eabi/12.2.1/thumb/v8-m.main+fp/hard/crtbegin.o
                [!provide]                PROVIDE (__fini_array_end = .)
                0x20001150                . = ALIGN (0x4)
                0x20001150                __data_end__ = .

.tm_clone_table
                0x20001150        0x0 load address 0x000031f0
 .tm_clone_table
                0x20001150        0x0 c:/siliconlabs/simplicitystudio/v5/developer/toolchains/gnu_arm/12.2.rel1_2023.7/bin/../lib/gcc/arm-none-eabi/12.2.1/thumb/v8-m.main+fp/hard/crtbegin.o
 .tm_clone_table
                0x20001150        0x0 c:/siliconlabs/simplicitystudio/v5/developer/toolchains/gnu_arm/12.2.rel1_2023.7/bin/../lib/gcc/arm-none-eabi/12.2.1/thumb/v8-m.main+fp/hard/crtend.o

.igot.plt       0x20001150        0x0 load address 0x000031f0
 .igot.plt      0x20001150        0x0 c:/siliconlabs/simplicitystudio/v5/developer/toolchains/gnu_arm/12.2.rel1_2023.7/bin/../lib/gcc/arm-none-eabi/12.2.1/thumb/v8-m.main+fp/hard/crtbegin.o

.bss            0x20001150      0x420 load address 0x000031f0
                0x20001150                . = ALIGN (0x4)
                0x20001150                __bss_start__ = .
 *(SORT_BY_ALIGNMENT(.bss*))
 .bss.object.0  0x20001150       0x18 c:/siliconlabs/simplicitystudio/v5/developer/toolchains/gnu_arm/12.2.rel1_2023.7/bin/../lib/gcc/arm-none-eabi/12.2.1/thumb/v8-m.main+fp/hard/crtbegin.o
 .bss.sli_uartdrv_default_handle
                0x20001168        0x4 ./autogen/sl_uartdrv_init.o
 .bss.sl_uartdrv_eusart_vcom_handle_data
                0x2000116c       0x60 ./autogen/sl_uartdrv_init.o
                0x2000116c                sl_uartdrv_eusart_vcom_handle_data
 .bss.uartdrv_handle
                0x200011cc        0x4 ./gecko_sdk_4.5.0/hardware/driver/configuration_over_swo/src/sl_cos.o
 .bss.dmaXfer   0x200011d0      0x100 ./gecko_sdk_4.5.0/platform/emdrv/dmadrv/src/dmadrv.o
 .bss.chTable   0x200012d0       0x80 ./gecko_sdk_4.5.0/platform/emdrv/dmadrv/src/dmadrv.o
 .bss.gpioCallbacks
                0x20001350      0x200 ./gecko_sdk_4.5.0/platform/emdrv/gpiointerrupt/src/gpiointerrupt.o
 .bss.max_millisecond_conversion
                0x20001550        0x4 ./gecko_sdk_4.5.0/platform/service/sleeptimer/src/sl_sleeptimer.o
 .bss.last_delta_update_count
                0x20001554        0x4 ./gecko_sdk_4.5.0/platform/service/sleeptimer/src/sl_sleeptimer.o
 .bss.timer_head
                0x20001558        0x4 ./gecko_sdk_4.5.0/platform/service/sleeptimer/src/sl_sleeptimer.o
 .bss.timer_frequency
                0x2000155c        0x4 ./gecko_sdk_4.5.0/platform/service/sleeptimer/src/sl_sleeptimer.o
 .bss.__stdio_exit_handler
                0x20001560        0x4 c:/siliconlabs/simplicitystudio/v5/developer/toolchains/gnu_arm/12.2.rel1_2023.7/bin/../lib/gcc/arm-none-eabi/12.2.1/thumb/v8-m.main+fp/hard\libc_nano.a(libc_a-findfp.o)
                0x20001560                __stdio_exit_handler
 .bss.overflow_counter
                0x20001564        0x2 ./gecko_sdk_4.5.0/platform/service/sleeptimer/src/sl_sleeptimer.o
 .bss.completed.1
                0x20001566        0x1 c:/siliconlabs/simplicitystudio/v5/developer/toolchains/gnu_arm/12.2.rel1_2023.7/bin/../lib/gcc/arm-none-eabi/12.2.1/thumb/v8-m.main+fp/hard/crtbegin.o
 .bss.initialized
                0x20001567        0x1 ./gecko_sdk_4.5.0/platform/emdrv/dmadrv/src/dmadrv.o
 .bss.ctuneDelta
                0x20001568        0x1 ./gecko_sdk_4.5.0/platform/emlib/src/em_cmu.o
 .bss.vScaleEM01Config
                0x20001569        0x1 ./gecko_sdk_4.5.0/platform/emlib/src/em_emu.o
 .bss.sleep_on_isr_exit
                0x2000156a        0x1 ./gecko_sdk_4.5.0/platform/service/sleeptimer/src/sl_sleeptimer.o
 .bss.next_timer_to_expire_is_power_manager
                0x2000156b        0x1 ./gecko_sdk_4.5.0/platform/service/sleeptimer/src/sl_sleeptimer.o
 .bss.is_sleeptimer_initialized
                0x2000156c        0x1 ./gecko_sdk_4.5.0/platform/service/sleeptimer/src/sl_sleeptimer.o
 *(COMMON)
                0x20001570                . = ALIGN (0x4)
 *fill*         0x2000156d        0x3 
                0x20001570                __bss_end__ = .
                0x20001570                __ramfuncs_start__ = .
                0x20001570                __vma_ramfuncs_start__ = .
                0x000031f0                __lma_ramfuncs_start__ = (__etext + SIZEOF (.data))
                0x00000000                __text_application_ram_offset__ = (. - __vma_ramfuncs_start__)

text_application_ram
                0x20001570        0x0 load address 0x000031f0
                0x20001570                . = ALIGN (0x4)
                0x20001570                __text_application_ram_start__ = .
 *(text_application_ram)
                0x20001570                . = ALIGN (0x4)
                0x20001570                __text_application_ram_end__ = .
                0x20001570                . = ALIGN (0x4)
                0x20001570                __vma_ramfuncs_end__ = .
                0x000031f0                __lma_ramfuncs_end__ = ((__lma_ramfuncs_start__ + __text_application_ram_offset__) + SIZEOF (text_application_ram))
                0x20001570                __ramfuncs_end__ = .

.heap           0x20001570      0x800
                0x20001570                __HeapBase = .
                0x20001570                __end__ = .
                0x20001570                end = __end__
                0x20001570                _end = __end__
 *(.heap*)
 .heap          0x20001570      0x800 ./gecko_sdk_4.5.0/platform/common/toolchain/src/sl_memory.o
                0x20008000                __HeapLimit = (ORIGIN (RAM) + LENGTH (RAM))
                0x00006a90                __heap_size = (__HeapLimit - __HeapBase)
                0x20008000                __ram_end__ = 0x20008000
                0x0007e000                __main_flash_end__ = 0x7e000

.internal_storage
 *(.internal_storage*)

.nvm
 *(.simee*)
                0x0007e000                linker_nvm_end = __main_flash_end__
                0x0007e000                linker_nvm_begin = (linker_nvm_end - SIZEOF (.nvm))
                0x00000000                linker_nvm_size = SIZEOF (.nvm)
                0x0007e000                linker_storage_end = linker_nvm_begin
                0x0007e000                __nvm3Base = linker_nvm_begin
                0x0007e000                linker_storage_begin = (linker_storage_end - SIZEOF (.internal_storage))
                0x00000000                linker_storage_size = SIZEOF (.internal_storage)
                0x00000001                ASSERT ((linker_storage_begin >= (__etext + SIZEOF (.data))), FLASH memory overflowed !)
OUTPUT(final_test_led_uart.axf elf32-littlearm)
LOAD linker stubs

.ARM.attributes
                0x00000000       0x36
 .ARM.attributes
                0x00000000       0x26 c:/siliconlabs/simplicitystudio/v5/developer/toolchains/gnu_arm/12.2.rel1_2023.7/bin/../lib/gcc/arm-none-eabi/12.2.1/thumb/v8-m.main+fp/hard/crti.o
 .ARM.attributes
                0x00000026       0x38 c:/siliconlabs/simplicitystudio/v5/developer/toolchains/gnu_arm/12.2.rel1_2023.7/bin/../lib/gcc/arm-none-eabi/12.2.1/thumb/v8-m.main+fp/hard/crtbegin.o
 .ARM.attributes
                0x0000005e       0x24 c:/siliconlabs/simplicitystudio/v5/developer/toolchains/gnu_arm/12.2.rel1_2023.7/bin/../lib/gcc/arm-none-eabi/12.2.1/thumb/v8-m.main+fp/hard/crt0.o
 .ARM.attributes
                0x00000082       0x3a ./app.o
 .ARM.attributes
                0x000000bc       0x3a ./main.o
 .ARM.attributes
                0x000000f6       0x3a ./autogen/sl_board_default_init.o
 .ARM.attributes
                0x00000130       0x3a ./autogen/sl_device_init_clocks.o
 .ARM.attributes
                0x0000016a       0x3a ./autogen/sl_event_handler.o
 .ARM.attributes
                0x000001a4       0x3a ./autogen/sl_uartdrv_init.o
 .ARM.attributes
                0x000001de       0x3a ./gecko_sdk_4.5.0/hardware/board/src/sl_board_control_gpio.o
 .ARM.attributes
                0x00000218       0x3a ./gecko_sdk_4.5.0/hardware/board/src/sl_board_init.o
 .ARM.attributes
                0x00000252       0x3a ./gecko_sdk_4.5.0/hardware/driver/configuration_over_swo/src/sl_cos.o
 .ARM.attributes
                0x0000028c       0x3a ./gecko_sdk_4.5.0/platform/Device/SiliconLabs/EFR32BG22/Source/startup_efr32bg22.o
 .ARM.attributes
                0x000002c6       0x3a ./gecko_sdk_4.5.0/platform/Device/SiliconLabs/EFR32BG22/Source/system_efr32bg22.o
 .ARM.attributes
                0x00000300       0x3a ./gecko_sdk_4.5.0/platform/common/src/sl_assert.o
 .ARM.attributes
                0x0000033a       0x3a ./gecko_sdk_4.5.0/platform/common/toolchain/src/sl_memory.o
 .ARM.attributes
                0x00000374       0x3a ./gecko_sdk_4.5.0/platform/driver/debug/src/sl_debug_swo.o
 .ARM.attributes
                0x000003ae       0x3a ./gecko_sdk_4.5.0/platform/emdrv/dmadrv/src/dmadrv.o
 .ARM.attributes
                0x000003e8       0x3a ./gecko_sdk_4.5.0/platform/emdrv/gpiointerrupt/src/gpiointerrupt.o
 .ARM.attributes
                0x00000422       0x3a ./gecko_sdk_4.5.0/platform/emdrv/uartdrv/src/uartdrv.o
 .ARM.attributes
                0x0000045c       0x3a ./gecko_sdk_4.5.0/platform/emlib/src/em_cmu.o
 .ARM.attributes
                0x00000496       0x3a ./gecko_sdk_4.5.0/platform/emlib/src/em_core.o
 .ARM.attributes
                0x000004d0       0x3a ./gecko_sdk_4.5.0/platform/emlib/src/em_emu.o
 .ARM.attributes
                0x0000050a       0x3a ./gecko_sdk_4.5.0/platform/emlib/src/em_eusart.o
 .ARM.attributes
                0x00000544       0x3a ./gecko_sdk_4.5.0/platform/emlib/src/em_gpio.o
 .ARM.attributes
                0x0000057e       0x3a ./gecko_sdk_4.5.0/platform/emlib/src/em_ldma.o
 .ARM.attributes
                0x000005b8       0x3a ./gecko_sdk_4.5.0/platform/emlib/src/em_rtcc.o
 .ARM.attributes
                0x000005f2       0x3a ./gecko_sdk_4.5.0/platform/emlib/src/em_system.o
 .ARM.attributes
                0x0000062c       0x3a ./gecko_sdk_4.5.0/platform/service/device_init/src/sl_device_init_dcdc_s2.o
 .ARM.attributes
                0x00000666       0x3a ./gecko_sdk_4.5.0/platform/service/device_init/src/sl_device_init_emu_s2.o
 .ARM.attributes
                0x000006a0       0x3a ./gecko_sdk_4.5.0/platform/service/device_init/src/sl_device_init_hfxo_s2.o
 .ARM.attributes
                0x000006da       0x3a ./gecko_sdk_4.5.0/platform/service/device_init/src/sl_device_init_lfxo_s2.o
 .ARM.attributes
                0x00000714       0x3a ./gecko_sdk_4.5.0/platform/service/device_init/src/sl_device_init_nvic.o
 .ARM.attributes
                0x0000074e       0x3a ./gecko_sdk_4.5.0/platform/service/iostream/src/sl_iostream_retarget_stdio.o
 .ARM.attributes
                0x00000788       0x3a ./gecko_sdk_4.5.0/platform/service/sleeptimer/src/sl_sleeptimer.o
 .ARM.attributes
                0x000007c2       0x3a ./gecko_sdk_4.5.0/platform/service/sleeptimer/src/sl_sleeptimer_hal_rtcc.o
 .ARM.attributes
                0x000007fc       0x3a ./gecko_sdk_4.5.0/platform/service/system/src/sl_system_init.o
 .ARM.attributes
                0x00000836       0x3a ./gecko_sdk_4.5.0/platform/service/system/src/sl_system_process_action.o
 .ARM.attributes
                0x00000870       0x26 c:/siliconlabs/simplicitystudio/v5/developer/toolchains/gnu_arm/12.2.rel1_2023.7/bin/../lib/gcc/arm-none-eabi/12.2.1/thumb/v8-m.main+fp/hard\libgcc.a(_aeabi_uldivmod.o)
 .ARM.attributes
                0x00000896       0x38 c:/siliconlabs/simplicitystudio/v5/developer/toolchains/gnu_arm/12.2.rel1_2023.7/bin/../lib/gcc/arm-none-eabi/12.2.1/thumb/v8-m.main+fp/hard\libgcc.a(_udivmoddi4.o)
 .ARM.attributes
                0x000008ce       0x26 c:/siliconlabs/simplicitystudio/v5/developer/toolchains/gnu_arm/12.2.rel1_2023.7/bin/../lib/gcc/arm-none-eabi/12.2.1/thumb/v8-m.main+fp/hard\libgcc.a(_dvmd_tls.o)
 .ARM.attributes
                0x000008f4       0x38 c:/siliconlabs/simplicitystudio/v5/developer/toolchains/gnu_arm/12.2.rel1_2023.7/bin/../lib/gcc/arm-none-eabi/12.2.1/thumb/v8-m.main+fp/hard\libc_nano.a(libc_a-exit.o)
 .ARM.attributes
                0x0000092c       0x38 c:/siliconlabs/simplicitystudio/v5/developer/toolchains/gnu_arm/12.2.rel1_2023.7/bin/../lib/gcc/arm-none-eabi/12.2.1/thumb/v8-m.main+fp/hard\libc_nano.a(libc_a-findfp.o)
 .ARM.attributes
                0x00000964       0x38 c:/siliconlabs/simplicitystudio/v5/developer/toolchains/gnu_arm/12.2.rel1_2023.7/bin/../lib/gcc/arm-none-eabi/12.2.1/thumb/v8-m.main+fp/hard\libc_nano.a(libc_a-memset.o)
 .ARM.attributes
                0x0000099c       0x38 c:/siliconlabs/simplicitystudio/v5/developer/toolchains/gnu_arm/12.2.rel1_2023.7/bin/../lib/gcc/arm-none-eabi/12.2.1/thumb/v8-m.main+fp/hard\libc_nano.a(libc_a-init.o)
 .ARM.attributes
                0x000009d4       0x38 c:/siliconlabs/simplicitystudio/v5/developer/toolchains/gnu_arm/12.2.rel1_2023.7/bin/../lib/gcc/arm-none-eabi/12.2.1/thumb/v8-m.main+fp/hard/crtend.o
 .ARM.attributes
                0x00000a0c       0x26 c:/siliconlabs/simplicitystudio/v5/developer/toolchains/gnu_arm/12.2.rel1_2023.7/bin/../lib/gcc/arm-none-eabi/12.2.1/thumb/v8-m.main+fp/hard/crtn.o

.comment        0x00000000       0x45
 .comment       0x00000000       0x45 ./app.o
                                 0x46 (size before relaxing)
 .comment       0x00000045       0x46 ./main.o
 .comment       0x00000045       0x46 ./autogen/sl_board_default_init.o
 .comment       0x00000045       0x46 ./autogen/sl_device_init_clocks.o
 .comment       0x00000045       0x46 ./autogen/sl_event_handler.o
 .comment       0x00000045       0x46 ./autogen/sl_uartdrv_init.o
 .comment       0x00000045       0x46 ./gecko_sdk_4.5.0/hardware/board/src/sl_board_control_gpio.o
 .comment       0x00000045       0x46 ./gecko_sdk_4.5.0/hardware/board/src/sl_board_init.o
 .comment       0x00000045       0x46 ./gecko_sdk_4.5.0/hardware/driver/configuration_over_swo/src/sl_cos.o
 .comment       0x00000045       0x46 ./gecko_sdk_4.5.0/platform/Device/SiliconLabs/EFR32BG22/Source/startup_efr32bg22.o
 .comment       0x00000045       0x46 ./gecko_sdk_4.5.0/platform/Device/SiliconLabs/EFR32BG22/Source/system_efr32bg22.o
 .comment       0x00000045       0x46 ./gecko_sdk_4.5.0/platform/common/src/sl_assert.o
 .comment       0x00000045       0x46 ./gecko_sdk_4.5.0/platform/common/toolchain/src/sl_memory.o
 .comment       0x00000045       0x46 ./gecko_sdk_4.5.0/platform/driver/debug/src/sl_debug_swo.o
 .comment       0x00000045       0x46 ./gecko_sdk_4.5.0/platform/emdrv/dmadrv/src/dmadrv.o
 .comment       0x00000045       0x46 ./gecko_sdk_4.5.0/platform/emdrv/gpiointerrupt/src/gpiointerrupt.o
 .comment       0x00000045       0x46 ./gecko_sdk_4.5.0/platform/emdrv/uartdrv/src/uartdrv.o
 .comment       0x00000045       0x46 ./gecko_sdk_4.5.0/platform/emlib/src/em_cmu.o
 .comment       0x00000045       0x46 ./gecko_sdk_4.5.0/platform/emlib/src/em_core.o
 .comment       0x00000045       0x46 ./gecko_sdk_4.5.0/platform/emlib/src/em_emu.o
 .comment       0x00000045       0x46 ./gecko_sdk_4.5.0/platform/emlib/src/em_eusart.o
 .comment       0x00000045       0x46 ./gecko_sdk_4.5.0/platform/emlib/src/em_gpio.o
 .comment       0x00000045       0x46 ./gecko_sdk_4.5.0/platform/emlib/src/em_ldma.o
 .comment       0x00000045       0x46 ./gecko_sdk_4.5.0/platform/emlib/src/em_rtcc.o
 .comment       0x00000045       0x46 ./gecko_sdk_4.5.0/platform/emlib/src/em_system.o
 .comment       0x00000045       0x46 ./gecko_sdk_4.5.0/platform/service/device_init/src/sl_device_init_dcdc_s2.o
 .comment       0x00000045       0x46 ./gecko_sdk_4.5.0/platform/service/device_init/src/sl_device_init_emu_s2.o
 .comment       0x00000045       0x46 ./gecko_sdk_4.5.0/platform/service/device_init/src/sl_device_init_hfxo_s2.o
 .comment       0x00000045       0x46 ./gecko_sdk_4.5.0/platform/service/device_init/src/sl_device_init_lfxo_s2.o
 .comment       0x00000045       0x46 ./gecko_sdk_4.5.0/platform/service/device_init/src/sl_device_init_nvic.o
 .comment       0x00000045       0x46 ./gecko_sdk_4.5.0/platform/service/iostream/src/sl_iostream_retarget_stdio.o
 .comment       0x00000045       0x46 ./gecko_sdk_4.5.0/platform/service/sleeptimer/src/sl_sleeptimer.o
 .comment       0x00000045       0x46 ./gecko_sdk_4.5.0/platform/service/sleeptimer/src/sl_sleeptimer_hal_rtcc.o
 .comment       0x00000045       0x46 ./gecko_sdk_4.5.0/platform/service/system/src/sl_system_init.o
 .comment       0x00000045       0x46 ./gecko_sdk_4.5.0/platform/service/system/src/sl_system_process_action.o

.debug_line_str
                0x00000000      0x1c0
 .debug_line_str
                0x00000000       0xe7 c:/siliconlabs/simplicitystudio/v5/developer/toolchains/gnu_arm/12.2.rel1_2023.7/bin/../lib/gcc/arm-none-eabi/12.2.1/thumb/v8-m.main+fp/hard/crt0.o
 .debug_line_str
                0x000000e7       0xcd c:/siliconlabs/simplicitystudio/v5/developer/toolchains/gnu_arm/12.2.rel1_2023.7/bin/../lib/gcc/arm-none-eabi/12.2.1/thumb/v8-m.main+fp/hard\libgcc.a(_aeabi_uldivmod.o)
 .debug_line_str
                0x000001b4        0xc c:/siliconlabs/simplicitystudio/v5/developer/toolchains/gnu_arm/12.2.rel1_2023.7/bin/../lib/gcc/arm-none-eabi/12.2.1/thumb/v8-m.main+fp/hard\libgcc.a(_dvmd_tls.o)
                                 0xd1 (size before relaxing)

.debug_info     0x00000000    0x34106
 .debug_info    0x00000000     0x166f ./app.o
 .debug_info    0x0000166f       0xa1 ./main.o
 .debug_info    0x00001710       0xc5 ./autogen/sl_board_default_init.o
 .debug_info    0x000017d5     0x11e8 ./autogen/sl_device_init_clocks.o
 .debug_info    0x000029bd      0xf34 ./autogen/sl_event_handler.o
 .debug_info    0x000038f1     0x1677 ./autogen/sl_uartdrv_init.o
 .debug_info    0x00004f68      0x3c2 ./gecko_sdk_4.5.0/hardware/board/src/sl_board_control_gpio.o
 .debug_info    0x0000532a      0x2ae ./gecko_sdk_4.5.0/hardware/board/src/sl_board_init.o
 .debug_info    0x000055d8     0x1744 ./gecko_sdk_4.5.0/hardware/driver/configuration_over_swo/src/sl_cos.o
 .debug_info    0x00006d1c      0x3a9 ./gecko_sdk_4.5.0/platform/Device/SiliconLabs/EFR32BG22/Source/startup_efr32bg22.o
 .debug_info    0x000070c5     0x201d ./gecko_sdk_4.5.0/platform/Device/SiliconLabs/EFR32BG22/Source/system_efr32bg22.o
 .debug_info    0x000090e2       0x86 ./gecko_sdk_4.5.0/platform/common/src/sl_assert.o
 .debug_info    0x00009168      0x205 ./gecko_sdk_4.5.0/platform/common/toolchain/src/sl_memory.o
 .debug_info    0x0000936d     0x2148 ./gecko_sdk_4.5.0/platform/driver/debug/src/sl_debug_swo.o
 .debug_info    0x0000b4b5     0x1eb9 ./gecko_sdk_4.5.0/platform/emdrv/dmadrv/src/dmadrv.o
 .debug_info    0x0000d36e     0x1cb7 ./gecko_sdk_4.5.0/platform/emdrv/gpiointerrupt/src/gpiointerrupt.o
 .debug_info    0x0000f025     0x5fc8 ./gecko_sdk_4.5.0/platform/emdrv/uartdrv/src/uartdrv.o
 .debug_info    0x00014fed     0x78d0 ./gecko_sdk_4.5.0/platform/emlib/src/em_cmu.o
 .debug_info    0x0001c8bd     0x13b2 ./gecko_sdk_4.5.0/platform/emlib/src/em_core.o
 .debug_info    0x0001dc6f     0x4bf1 ./gecko_sdk_4.5.0/platform/emlib/src/em_emu.o
 .debug_info    0x00022860     0x44a6 ./gecko_sdk_4.5.0/platform/emlib/src/em_eusart.o
 .debug_info    0x00026d06     0x21a4 ./gecko_sdk_4.5.0/platform/emlib/src/em_gpio.o
 .debug_info    0x00028eaa     0x1f1f ./gecko_sdk_4.5.0/platform/emlib/src/em_ldma.o
 .debug_info    0x0002adc9     0x1f35 ./gecko_sdk_4.5.0/platform/emlib/src/em_rtcc.o
 .debug_info    0x0002ccfe     0x1b6a ./gecko_sdk_4.5.0/platform/emlib/src/em_system.o
 .debug_info    0x0002e868      0x2c7 ./gecko_sdk_4.5.0/platform/service/device_init/src/sl_device_init_dcdc_s2.o
 .debug_info    0x0002eb2f      0x9b5 ./gecko_sdk_4.5.0/platform/service/device_init/src/sl_device_init_emu_s2.o
 .debug_info    0x0002f4e4      0x898 ./gecko_sdk_4.5.0/platform/service/device_init/src/sl_device_init_hfxo_s2.o
 .debug_info    0x0002fd7c      0x29e ./gecko_sdk_4.5.0/platform/service/device_init/src/sl_device_init_lfxo_s2.o
 .debug_info    0x0003001a      0x7ff ./gecko_sdk_4.5.0/platform/service/device_init/src/sl_device_init_nvic.o
 .debug_info    0x00030819      0x68b ./gecko_sdk_4.5.0/platform/service/iostream/src/sl_iostream_retarget_stdio.o
 .debug_info    0x00030ea4     0x1a68 ./gecko_sdk_4.5.0/platform/service/sleeptimer/src/sl_sleeptimer.o
 .debug_info    0x0003290c     0x16c0 ./gecko_sdk_4.5.0/platform/service/sleeptimer/src/sl_sleeptimer_hal_rtcc.o
 .debug_info    0x00033fcc       0xa7 ./gecko_sdk_4.5.0/platform/service/system/src/sl_system_init.o
 .debug_info    0x00034073       0x93 ./gecko_sdk_4.5.0/platform/service/system/src/sl_system_process_action.o

.debug_abbrev   0x00000000     0x5546
 .debug_abbrev  0x00000000      0x1e0 ./app.o
 .debug_abbrev  0x000001e0       0x5d ./main.o
 .debug_abbrev  0x0000023d       0x87 ./autogen/sl_board_default_init.o
 .debug_abbrev  0x000002c4       0xde ./autogen/sl_device_init_clocks.o
 .debug_abbrev  0x000003a2      0x18d ./autogen/sl_event_handler.o
 .debug_abbrev  0x0000052f      0x28b ./autogen/sl_uartdrv_init.o
 .debug_abbrev  0x000007ba      0x185 ./gecko_sdk_4.5.0/hardware/board/src/sl_board_control_gpio.o
 .debug_abbrev  0x0000093f      0x10b ./gecko_sdk_4.5.0/hardware/board/src/sl_board_init.o
 .debug_abbrev  0x00000a4a      0x382 ./gecko_sdk_4.5.0/hardware/driver/configuration_over_swo/src/sl_cos.o
 .debug_abbrev  0x00000dcc      0x22e ./gecko_sdk_4.5.0/platform/Device/SiliconLabs/EFR32BG22/Source/startup_efr32bg22.o
 .debug_abbrev  0x00000ffa      0x34d ./gecko_sdk_4.5.0/platform/Device/SiliconLabs/EFR32BG22/Source/system_efr32bg22.o
 .debug_abbrev  0x00001347       0x6c ./gecko_sdk_4.5.0/platform/common/src/sl_assert.o
 .debug_abbrev  0x000013b3      0x11e ./gecko_sdk_4.5.0/platform/common/toolchain/src/sl_memory.o
 .debug_abbrev  0x000014d1      0x2f6 ./gecko_sdk_4.5.0/platform/driver/debug/src/sl_debug_swo.o
 .debug_abbrev  0x000017c7      0x3d4 ./gecko_sdk_4.5.0/platform/emdrv/dmadrv/src/dmadrv.o
 .debug_abbrev  0x00001b9b      0x3c0 ./gecko_sdk_4.5.0/platform/emdrv/gpiointerrupt/src/gpiointerrupt.o
 .debug_abbrev  0x00001f5b      0x514 ./gecko_sdk_4.5.0/platform/emdrv/uartdrv/src/uartdrv.o
 .debug_abbrev  0x0000246f      0x5cf ./gecko_sdk_4.5.0/platform/emlib/src/em_cmu.o
 .debug_abbrev  0x00002a3e      0x32f ./gecko_sdk_4.5.0/platform/emlib/src/em_core.o
 .debug_abbrev  0x00002d6d      0x560 ./gecko_sdk_4.5.0/platform/emlib/src/em_emu.o
 .debug_abbrev  0x000032cd      0x40f ./gecko_sdk_4.5.0/platform/emlib/src/em_eusart.o
 .debug_abbrev  0x000036dc      0x336 ./gecko_sdk_4.5.0/platform/emlib/src/em_gpio.o
 .debug_abbrev  0x00003a12      0x3f2 ./gecko_sdk_4.5.0/platform/emlib/src/em_ldma.o
 .debug_abbrev  0x00003e04      0x268 ./gecko_sdk_4.5.0/platform/emlib/src/em_rtcc.o
 .debug_abbrev  0x0000406c      0x2a6 ./gecko_sdk_4.5.0/platform/emlib/src/em_system.o
 .debug_abbrev  0x00004312       0xf8 ./gecko_sdk_4.5.0/platform/service/device_init/src/sl_device_init_dcdc_s2.o
 .debug_abbrev  0x0000440a      0x149 ./gecko_sdk_4.5.0/platform/service/device_init/src/sl_device_init_emu_s2.o
 .debug_abbrev  0x00004553      0x196 ./gecko_sdk_4.5.0/platform/service/device_init/src/sl_device_init_hfxo_s2.o
 .debug_abbrev  0x000046e9      0x105 ./gecko_sdk_4.5.0/platform/service/device_init/src/sl_device_init_lfxo_s2.o
 .debug_abbrev  0x000047ee      0x14b ./gecko_sdk_4.5.0/platform/service/device_init/src/sl_device_init_nvic.o
 .debug_abbrev  0x00004939      0x1f9 ./gecko_sdk_4.5.0/platform/service/iostream/src/sl_iostream_retarget_stdio.o
 .debug_abbrev  0x00004b32      0x495 ./gecko_sdk_4.5.0/platform/service/sleeptimer/src/sl_sleeptimer.o
 .debug_abbrev  0x00004fc7      0x4c7 ./gecko_sdk_4.5.0/platform/service/sleeptimer/src/sl_sleeptimer_hal_rtcc.o
 .debug_abbrev  0x0000548e       0x5c ./gecko_sdk_4.5.0/platform/service/system/src/sl_system_init.o
 .debug_abbrev  0x000054ea       0x5c ./gecko_sdk_4.5.0/platform/service/system/src/sl_system_process_action.o

.debug_loc      0x00000000     0xcfb9
 .debug_loc     0x00000000       0xb0 ./app.o
 .debug_loc     0x000000b0       0x20 ./main.o
 .debug_loc     0x000000d0       0x20 ./autogen/sl_device_init_clocks.o
 .debug_loc     0x000000f0       0xa1 ./autogen/sl_event_handler.o
 .debug_loc     0x00000191       0xa3 ./autogen/sl_uartdrv_init.o
 .debug_loc     0x00000234      0x20a ./gecko_sdk_4.5.0/hardware/board/src/sl_board_control_gpio.o
 .debug_loc     0x0000043e       0x2c ./gecko_sdk_4.5.0/hardware/board/src/sl_board_init.o
 .debug_loc     0x0000046a      0x427 ./gecko_sdk_4.5.0/hardware/driver/configuration_over_swo/src/sl_cos.o
 .debug_loc     0x00000891       0x8e ./gecko_sdk_4.5.0/platform/Device/SiliconLabs/EFR32BG22/Source/startup_efr32bg22.o
 .debug_loc     0x0000091f      0x22a ./gecko_sdk_4.5.0/platform/Device/SiliconLabs/EFR32BG22/Source/system_efr32bg22.o
 .debug_loc     0x00000b49       0x2a ./gecko_sdk_4.5.0/platform/common/src/sl_assert.o
 .debug_loc     0x00000b73       0xa9 ./gecko_sdk_4.5.0/platform/common/toolchain/src/sl_memory.o
 .debug_loc     0x00000c1c      0x24d ./gecko_sdk_4.5.0/platform/driver/debug/src/sl_debug_swo.o
 .debug_loc     0x00000e69     0x1105 ./gecko_sdk_4.5.0/platform/emdrv/dmadrv/src/dmadrv.o
 .debug_loc     0x00001f6e      0x5a0 ./gecko_sdk_4.5.0/platform/emdrv/gpiointerrupt/src/gpiointerrupt.o
 .debug_loc     0x0000250e     0x1e4f ./gecko_sdk_4.5.0/platform/emdrv/uartdrv/src/uartdrv.o
 .debug_loc     0x0000435d     0x382a ./gecko_sdk_4.5.0/platform/emlib/src/em_cmu.o
 .debug_loc     0x00007b87      0x926 ./gecko_sdk_4.5.0/platform/emlib/src/em_core.o
 .debug_loc     0x000084ad      0x936 ./gecko_sdk_4.5.0/platform/emlib/src/em_emu.o
 .debug_loc     0x00008de3      0xd47 ./gecko_sdk_4.5.0/platform/emlib/src/em_eusart.o
 .debug_loc     0x00009b2a      0x941 ./gecko_sdk_4.5.0/platform/emlib/src/em_gpio.o
 .debug_loc     0x0000a46b      0x5db ./gecko_sdk_4.5.0/platform/emlib/src/em_ldma.o
 .debug_loc     0x0000aa46      0x13c ./gecko_sdk_4.5.0/platform/emlib/src/em_rtcc.o
 .debug_loc     0x0000ab82      0x146 ./gecko_sdk_4.5.0/platform/emlib/src/em_system.o
 .debug_loc     0x0000acc8       0x2c ./gecko_sdk_4.5.0/platform/service/device_init/src/sl_device_init_dcdc_s2.o
 .debug_loc     0x0000acf4       0x2c ./gecko_sdk_4.5.0/platform/service/device_init/src/sl_device_init_emu_s2.o
 .debug_loc     0x0000ad20       0xbd ./gecko_sdk_4.5.0/platform/service/device_init/src/sl_device_init_hfxo_s2.o
 .debug_loc     0x0000addd       0x38 ./gecko_sdk_4.5.0/platform/service/device_init/src/sl_device_init_lfxo_s2.o
 .debug_loc     0x0000ae15       0x79 ./gecko_sdk_4.5.0/platform/service/device_init/src/sl_device_init_nvic.o
 .debug_loc     0x0000ae8e      0x217 ./gecko_sdk_4.5.0/platform/service/iostream/src/sl_iostream_retarget_stdio.o
 .debug_loc     0x0000b0a5     0x197f ./gecko_sdk_4.5.0/platform/service/sleeptimer/src/sl_sleeptimer.o
 .debug_loc     0x0000ca24      0x53d ./gecko_sdk_4.5.0/platform/service/sleeptimer/src/sl_sleeptimer_hal_rtcc.o
 .debug_loc     0x0000cf61       0x2c ./gecko_sdk_4.5.0/platform/service/system/src/sl_system_init.o
 .debug_loc     0x0000cf8d       0x2c ./gecko_sdk_4.5.0/platform/service/system/src/sl_system_process_action.o

.debug_aranges  0x00000000      0xe50
 .debug_aranges
                0x00000000       0x30 ./app.o
 .debug_aranges
                0x00000030       0x20 ./main.o
 .debug_aranges
                0x00000050       0x20 ./autogen/sl_board_default_init.o
 .debug_aranges
                0x00000070       0x20 ./autogen/sl_device_init_clocks.o
 .debug_aranges
                0x00000090       0x68 ./autogen/sl_event_handler.o
 .debug_aranges
                0x000000f8       0x30 ./autogen/sl_uartdrv_init.o
 .debug_aranges
                0x00000128       0x70 ./gecko_sdk_4.5.0/hardware/board/src/sl_board_control_gpio.o
 .debug_aranges
                0x00000198       0x28 ./gecko_sdk_4.5.0/hardware/board/src/sl_board_init.o
 .debug_aranges
                0x000001c0       0x38 ./gecko_sdk_4.5.0/hardware/driver/configuration_over_swo/src/sl_cos.o
 .debug_aranges
                0x000001f8       0x30 ./gecko_sdk_4.5.0/platform/Device/SiliconLabs/EFR32BG22/Source/startup_efr32bg22.o
 .debug_aranges
                0x00000228       0x90 ./gecko_sdk_4.5.0/platform/Device/SiliconLabs/EFR32BG22/Source/system_efr32bg22.o
 .debug_aranges
                0x000002b8       0x20 ./gecko_sdk_4.5.0/platform/common/src/sl_assert.o
 .debug_aranges
                0x000002d8       0x30 ./gecko_sdk_4.5.0/platform/common/toolchain/src/sl_memory.o
 .debug_aranges
                0x00000308       0x48 ./gecko_sdk_4.5.0/platform/driver/debug/src/sl_debug_swo.o
 .debug_aranges
                0x00000350       0xa8 ./gecko_sdk_4.5.0/platform/emdrv/dmadrv/src/dmadrv.o
 .debug_aranges
                0x000003f8       0x50 ./gecko_sdk_4.5.0/platform/emdrv/gpiointerrupt/src/gpiointerrupt.o
 .debug_aranges
                0x00000448      0x138 ./gecko_sdk_4.5.0/platform/emdrv/uartdrv/src/uartdrv.o
 .debug_aranges
                0x00000580      0x1b8 ./gecko_sdk_4.5.0/platform/emlib/src/em_cmu.o
 .debug_aranges
                0x00000738       0xe8 ./gecko_sdk_4.5.0/platform/emlib/src/em_core.o
 .debug_aranges
                0x00000820      0x130 ./gecko_sdk_4.5.0/platform/emlib/src/em_emu.o
 .debug_aranges
                0x00000950       0xa0 ./gecko_sdk_4.5.0/platform/emlib/src/em_eusart.o
 .debug_aranges
                0x000009f0       0x68 ./gecko_sdk_4.5.0/platform/emlib/src/em_gpio.o
 .debug_aranges
                0x00000a58       0x50 ./gecko_sdk_4.5.0/platform/emlib/src/em_ldma.o
 .debug_aranges
                0x00000aa8       0x48 ./gecko_sdk_4.5.0/platform/emlib/src/em_rtcc.o
 .debug_aranges
                0x00000af0       0x78 ./gecko_sdk_4.5.0/platform/emlib/src/em_system.o
 .debug_aranges
                0x00000b68       0x20 ./gecko_sdk_4.5.0/platform/service/device_init/src/sl_device_init_dcdc_s2.o
 .debug_aranges
                0x00000b88       0x20 ./gecko_sdk_4.5.0/platform/service/device_init/src/sl_device_init_emu_s2.o
 .debug_aranges
                0x00000ba8       0x20 ./gecko_sdk_4.5.0/platform/service/device_init/src/sl_device_init_hfxo_s2.o
 .debug_aranges
                0x00000bc8       0x20 ./gecko_sdk_4.5.0/platform/service/device_init/src/sl_device_init_lfxo_s2.o
 .debug_aranges
                0x00000be8       0x20 ./gecko_sdk_4.5.0/platform/service/device_init/src/sl_device_init_nvic.o
 .debug_aranges
                0x00000c08       0x60 ./gecko_sdk_4.5.0/platform/service/iostream/src/sl_iostream_retarget_stdio.o
 .debug_aranges
                0x00000c68      0x120 ./gecko_sdk_4.5.0/platform/service/sleeptimer/src/sl_sleeptimer.o
 .debug_aranges
                0x00000d88       0x88 ./gecko_sdk_4.5.0/platform/service/sleeptimer/src/sl_sleeptimer_hal_rtcc.o
 .debug_aranges
                0x00000e10       0x20 ./gecko_sdk_4.5.0/platform/service/system/src/sl_system_init.o
 .debug_aranges
                0x00000e30       0x20 ./gecko_sdk_4.5.0/platform/service/system/src/sl_system_process_action.o

.debug_ranges   0x00000000     0x15c0
 .debug_ranges  0x00000000       0x50 ./app.o
 .debug_ranges  0x00000050       0x10 ./main.o
 .debug_ranges  0x00000060       0x10 ./autogen/sl_board_default_init.o
 .debug_ranges  0x00000070       0x10 ./autogen/sl_device_init_clocks.o
 .debug_ranges  0x00000080       0x58 ./autogen/sl_event_handler.o
 .debug_ranges  0x000000d8       0x20 ./autogen/sl_uartdrv_init.o
 .debug_ranges  0x000000f8       0x60 ./gecko_sdk_4.5.0/hardware/board/src/sl_board_control_gpio.o
 .debug_ranges  0x00000158       0x18 ./gecko_sdk_4.5.0/hardware/board/src/sl_board_init.o
 .debug_ranges  0x00000170       0x70 ./gecko_sdk_4.5.0/hardware/driver/configuration_over_swo/src/sl_cos.o
 .debug_ranges  0x000001e0       0x88 ./gecko_sdk_4.5.0/platform/Device/SiliconLabs/EFR32BG22/Source/startup_efr32bg22.o
 .debug_ranges  0x00000268       0x98 ./gecko_sdk_4.5.0/platform/Device/SiliconLabs/EFR32BG22/Source/system_efr32bg22.o
 .debug_ranges  0x00000300       0x10 ./gecko_sdk_4.5.0/platform/common/src/sl_assert.o
 .debug_ranges  0x00000310       0x20 ./gecko_sdk_4.5.0/platform/common/toolchain/src/sl_memory.o
 .debug_ranges  0x00000330       0x50 ./gecko_sdk_4.5.0/platform/driver/debug/src/sl_debug_swo.o
 .debug_ranges  0x00000380       0xb0 ./gecko_sdk_4.5.0/platform/emdrv/dmadrv/src/dmadrv.o
 .debug_ranges  0x00000430       0xf8 ./gecko_sdk_4.5.0/platform/emdrv/gpiointerrupt/src/gpiointerrupt.o
 .debug_ranges  0x00000528      0x240 ./gecko_sdk_4.5.0/platform/emdrv/uartdrv/src/uartdrv.o
 .debug_ranges  0x00000768      0x338 ./gecko_sdk_4.5.0/platform/emlib/src/em_cmu.o
 .debug_ranges  0x00000aa0      0x1a0 ./gecko_sdk_4.5.0/platform/emlib/src/em_core.o
 .debug_ranges  0x00000c40      0x2b8 ./gecko_sdk_4.5.0/platform/emlib/src/em_emu.o
 .debug_ranges  0x00000ef8      0x120 ./gecko_sdk_4.5.0/platform/emlib/src/em_eusart.o
 .debug_ranges  0x00001018       0x88 ./gecko_sdk_4.5.0/platform/emlib/src/em_gpio.o
 .debug_ranges  0x000010a0       0x88 ./gecko_sdk_4.5.0/platform/emlib/src/em_ldma.o
 .debug_ranges  0x00001128       0x68 ./gecko_sdk_4.5.0/platform/emlib/src/em_rtcc.o
 .debug_ranges  0x00001190       0x80 ./gecko_sdk_4.5.0/platform/emlib/src/em_system.o
 .debug_ranges  0x00001210       0x10 ./gecko_sdk_4.5.0/platform/service/device_init/src/sl_device_init_dcdc_s2.o
 .debug_ranges  0x00001220       0x10 ./gecko_sdk_4.5.0/platform/service/device_init/src/sl_device_init_emu_s2.o
 .debug_ranges  0x00001230       0x10 ./gecko_sdk_4.5.0/platform/service/device_init/src/sl_device_init_hfxo_s2.o
 .debug_ranges  0x00001240       0x10 ./gecko_sdk_4.5.0/platform/service/device_init/src/sl_device_init_lfxo_s2.o
 .debug_ranges  0x00001250       0x58 ./gecko_sdk_4.5.0/platform/service/device_init/src/sl_device_init_nvic.o
 .debug_ranges  0x000012a8       0x50 ./gecko_sdk_4.5.0/platform/service/iostream/src/sl_iostream_retarget_stdio.o
 .debug_ranges  0x000012f8      0x1a0 ./gecko_sdk_4.5.0/platform/service/sleeptimer/src/sl_sleeptimer.o
 .debug_ranges  0x00001498      0x108 ./gecko_sdk_4.5.0/platform/service/sleeptimer/src/sl_sleeptimer_hal_rtcc.o
 .debug_ranges  0x000015a0       0x10 ./gecko_sdk_4.5.0/platform/service/system/src/sl_system_init.o
 .debug_ranges  0x000015b0       0x10 ./gecko_sdk_4.5.0/platform/service/system/src/sl_system_process_action.o

.debug_line     0x00000000     0xfba7
 .debug_line    0x00000000      0x37d ./app.o
 .debug_line    0x0000037d       0xe6 ./main.o
 .debug_line    0x00000463      0x204 ./autogen/sl_board_default_init.o
 .debug_line    0x00000667      0x2b0 ./autogen/sl_device_init_clocks.o
 .debug_line    0x00000917      0x69d ./autogen/sl_event_handler.o
 .debug_line    0x00000fb4      0x510 ./autogen/sl_uartdrv_init.o
 .debug_line    0x000014c4      0x3f5 ./gecko_sdk_4.5.0/hardware/board/src/sl_board_control_gpio.o
 .debug_line    0x000018b9      0x1f8 ./gecko_sdk_4.5.0/hardware/board/src/sl_board_init.o
 .debug_line    0x00001ab1      0x81d ./gecko_sdk_4.5.0/hardware/driver/configuration_over_swo/src/sl_cos.o
 .debug_line    0x000022ce      0x328 ./gecko_sdk_4.5.0/platform/Device/SiliconLabs/EFR32BG22/Source/startup_efr32bg22.o
 .debug_line    0x000025f6      0x596 ./gecko_sdk_4.5.0/platform/Device/SiliconLabs/EFR32BG22/Source/system_efr32bg22.o
 .debug_line    0x00002b8c       0xa5 ./gecko_sdk_4.5.0/platform/common/src/sl_assert.o
 .debug_line    0x00002c31      0x2f2 ./gecko_sdk_4.5.0/platform/common/toolchain/src/sl_memory.o
 .debug_line    0x00002f23      0x630 ./gecko_sdk_4.5.0/platform/driver/debug/src/sl_debug_swo.o
 .debug_line    0x00003553      0xabc ./gecko_sdk_4.5.0/platform/emdrv/dmadrv/src/dmadrv.o
 .debug_line    0x0000400f      0x772 ./gecko_sdk_4.5.0/platform/emdrv/gpiointerrupt/src/gpiointerrupt.o
 .debug_line    0x00004781     0x1dd0 ./gecko_sdk_4.5.0/platform/emdrv/uartdrv/src/uartdrv.o
 .debug_line    0x00006551     0x2990 ./gecko_sdk_4.5.0/platform/emlib/src/em_cmu.o
 .debug_line    0x00008ee1      0xa76 ./gecko_sdk_4.5.0/platform/emlib/src/em_core.o
 .debug_line    0x00009957      0xf0a ./gecko_sdk_4.5.0/platform/emlib/src/em_emu.o
 .debug_line    0x0000a861      0xd3a ./gecko_sdk_4.5.0/platform/emlib/src/em_eusart.o
 .debug_line    0x0000b59b      0x6cb ./gecko_sdk_4.5.0/platform/emlib/src/em_gpio.o
 .debug_line    0x0000bc66      0x778 ./gecko_sdk_4.5.0/platform/emlib/src/em_ldma.o
 .debug_line    0x0000c3de      0x553 ./gecko_sdk_4.5.0/platform/emlib/src/em_rtcc.o
 .debug_line    0x0000c931      0x4b1 ./gecko_sdk_4.5.0/platform/emlib/src/em_system.o
 .debug_line    0x0000cde2      0x253 ./gecko_sdk_4.5.0/platform/service/device_init/src/sl_device_init_dcdc_s2.o
 .debug_line    0x0000d035      0x2de ./gecko_sdk_4.5.0/platform/service/device_init/src/sl_device_init_emu_s2.o
 .debug_line    0x0000d313      0x32e ./gecko_sdk_4.5.0/platform/service/device_init/src/sl_device_init_hfxo_s2.o
 .debug_line    0x0000d641      0x264 ./gecko_sdk_4.5.0/platform/service/device_init/src/sl_device_init_lfxo_s2.o
 .debug_line    0x0000d8a5      0x346 ./gecko_sdk_4.5.0/platform/service/device_init/src/sl_device_init_nvic.o
 .debug_line    0x0000dbeb      0x45e ./gecko_sdk_4.5.0/platform/service/iostream/src/sl_iostream_retarget_stdio.o
 .debug_line    0x0000e049     0x10cb ./gecko_sdk_4.5.0/platform/service/sleeptimer/src/sl_sleeptimer.o
 .debug_line    0x0000f114      0x882 ./gecko_sdk_4.5.0/platform/service/sleeptimer/src/sl_sleeptimer_hal_rtcc.o
 .debug_line    0x0000f996      0x104 ./gecko_sdk_4.5.0/platform/service/system/src/sl_system_init.o
 .debug_line    0x0000fa9a      0x10d ./gecko_sdk_4.5.0/platform/service/system/src/sl_system_process_action.o

.debug_str      0x00000000     0xc1e9
 .debug_str     0x00000000     0x11e1 ./app.o
                               0x1339 (size before relaxing)
 .debug_str     0x000011e1       0x37 ./main.o
                                0x198 (size before relaxing)
 .debug_str     0x00001218       0x5b ./autogen/sl_board_default_init.o
                                0x238 (size before relaxing)
 .debug_str     0x00001273      0x829 ./autogen/sl_device_init_clocks.o
                                0xc54 (size before relaxing)
 .debug_str     0x00001a9c      0x21b ./autogen/sl_event_handler.o
                                0xd43 (size before relaxing)
 .debug_str     0x00001cb7      0xbaa ./autogen/sl_uartdrv_init.o
                               0x1001 (size before relaxing)
 .debug_str     0x00002861      0x29c ./gecko_sdk_4.5.0/hardware/board/src/sl_board_control_gpio.o
                                0x4e2 (size before relaxing)
 .debug_str     0x00002afd       0x56 ./gecko_sdk_4.5.0/hardware/board/src/sl_board_init.o
                                0x651 (size before relaxing)
 .debug_str     0x00002b53      0x256 ./gecko_sdk_4.5.0/hardware/driver/configuration_over_swo/src/sl_cos.o
                                0xed3 (size before relaxing)
 .debug_str     0x00002da9      0x1c4 ./gecko_sdk_4.5.0/platform/Device/SiliconLabs/EFR32BG22/Source/startup_efr32bg22.o
                                0x3ad (size before relaxing)
 .debug_str     0x00002f6d      0x9f2 ./gecko_sdk_4.5.0/platform/Device/SiliconLabs/EFR32BG22/Source/system_efr32bg22.o
                               0x156e (size before relaxing)
 .debug_str     0x0000395f       0x5d ./gecko_sdk_4.5.0/platform/common/src/sl_assert.o
                                0x1b1 (size before relaxing)
 .debug_str     0x000039bc       0xf7 ./gecko_sdk_4.5.0/platform/common/toolchain/src/sl_memory.o
                                0x2eb (size before relaxing)
 .debug_str     0x00003ab3      0x349 ./gecko_sdk_4.5.0/platform/driver/debug/src/sl_debug_swo.o
                               0x1669 (size before relaxing)
 .debug_str     0x00003dfc      0xd0d ./gecko_sdk_4.5.0/platform/emdrv/dmadrv/src/dmadrv.o
                               0x10b6 (size before relaxing)
 .debug_str     0x00004b09      0x222 ./gecko_sdk_4.5.0/platform/emdrv/gpiointerrupt/src/gpiointerrupt.o
                               0x136d (size before relaxing)
 .debug_str     0x00004d2b     0x1152 ./gecko_sdk_4.5.0/platform/emdrv/uartdrv/src/uartdrv.o
                               0x3dc7 (size before relaxing)
 .debug_str     0x00005e7d     0x18c3 ./gecko_sdk_4.5.0/platform/emlib/src/em_cmu.o
                               0x35ce (size before relaxing)
 .debug_str     0x00007740      0x2f0 ./gecko_sdk_4.5.0/platform/emlib/src/em_core.o
                                0xaaf (size before relaxing)
 .debug_str     0x00007a30      0x9ed ./gecko_sdk_4.5.0/platform/emlib/src/em_emu.o
                               0x2d29 (size before relaxing)
 .debug_str     0x0000841d     0x1f99 ./gecko_sdk_4.5.0/platform/emlib/src/em_eusart.o
                               0x3c26 (size before relaxing)
 .debug_str     0x0000a3b6       0xfb ./gecko_sdk_4.5.0/platform/emlib/src/em_gpio.o
                               0x1384 (size before relaxing)
 .debug_str     0x0000a4b1       0xcd ./gecko_sdk_4.5.0/platform/emlib/src/em_ldma.o
                               0x1401 (size before relaxing)
 .debug_str     0x0000a57e      0x4f1 ./gecko_sdk_4.5.0/platform/emlib/src/em_rtcc.o
                               0x24e4 (size before relaxing)
 .debug_str     0x0000aa6f      0x33d ./gecko_sdk_4.5.0/platform/emlib/src/em_system.o
                               0x13c3 (size before relaxing)
 .debug_str     0x0000adac       0x6d ./gecko_sdk_4.5.0/platform/service/device_init/src/sl_device_init_dcdc_s2.o
                                0x663 (size before relaxing)
 .debug_str     0x0000ae19       0x75 ./gecko_sdk_4.5.0/platform/service/device_init/src/sl_device_init_emu_s2.o
                                0x843 (size before relaxing)
 .debug_str     0x0000ae8e      0x544 ./gecko_sdk_4.5.0/platform/service/device_init/src/sl_device_init_hfxo_s2.o
                                0xc07 (size before relaxing)
 .debug_str     0x0000b3d2      0x1e2 ./gecko_sdk_4.5.0/platform/service/device_init/src/sl_device_init_lfxo_s2.o
                                0x4e5 (size before relaxing)
 .debug_str     0x0000b5b4       0x6a ./gecko_sdk_4.5.0/platform/service/device_init/src/sl_device_init_nvic.o
                                0x7a5 (size before relaxing)
 .debug_str     0x0000b61e      0x1ca ./gecko_sdk_4.5.0/platform/service/iostream/src/sl_iostream_retarget_stdio.o
                                0x447 (size before relaxing)
 .debug_str     0x0000b7e8      0x780 ./gecko_sdk_4.5.0/platform/service/sleeptimer/src/sl_sleeptimer.o
                                0xc0e (size before relaxing)
 .debug_str     0x0000bf68      0x1b7 ./gecko_sdk_4.5.0/platform/service/sleeptimer/src/sl_sleeptimer_hal_rtcc.o
                               0x13c3 (size before relaxing)
 .debug_str     0x0000c11f       0x60 ./gecko_sdk_4.5.0/platform/service/system/src/sl_system_init.o
                                0x207 (size before relaxing)
 .debug_str     0x0000c17f       0x6a ./gecko_sdk_4.5.0/platform/service/system/src/sl_system_process_action.o
                                0x234 (size before relaxing)

.debug_frame    0x00000000     0x25dc
 .debug_frame   0x00000000       0x58 ./app.o
 .debug_frame   0x00000058       0x28 ./main.o
 .debug_frame   0x00000080       0x20 ./autogen/sl_board_default_init.o
 .debug_frame   0x000000a0       0x28 ./autogen/sl_device_init_clocks.o
 .debug_frame   0x000000c8       0xd4 ./autogen/sl_event_handler.o
 .debug_frame   0x0000019c       0x4c ./autogen/sl_uartdrv_init.o
 .debug_frame   0x000001e8       0xf0 ./gecko_sdk_4.5.0/hardware/board/src/sl_board_control_gpio.o
 .debug_frame   0x000002d8       0x3c ./gecko_sdk_4.5.0/hardware/board/src/sl_board_init.o
 .debug_frame   0x00000314       0x8c ./gecko_sdk_4.5.0/hardware/driver/configuration_over_swo/src/sl_cos.o
 .debug_frame   0x000003a0       0x48 ./gecko_sdk_4.5.0/platform/Device/SiliconLabs/EFR32BG22/Source/startup_efr32bg22.o
 .debug_frame   0x000003e8      0x118 ./gecko_sdk_4.5.0/platform/Device/SiliconLabs/EFR32BG22/Source/system_efr32bg22.o
 .debug_frame   0x00000500       0x20 ./gecko_sdk_4.5.0/platform/common/src/sl_assert.o
 .debug_frame   0x00000520       0x40 ./gecko_sdk_4.5.0/platform/common/toolchain/src/sl_memory.o
 .debug_frame   0x00000560       0x9c ./gecko_sdk_4.5.0/platform/driver/debug/src/sl_debug_swo.o
 .debug_frame   0x000005fc      0x208 ./gecko_sdk_4.5.0/platform/emdrv/dmadrv/src/dmadrv.o
 .debug_frame   0x00000804       0xc8 ./gecko_sdk_4.5.0/platform/emdrv/gpiointerrupt/src/gpiointerrupt.o
 .debug_frame   0x000008cc      0x3ec ./gecko_sdk_4.5.0/platform/emdrv/uartdrv/src/uartdrv.o
 .debug_frame   0x00000cb8      0x55c ./gecko_sdk_4.5.0/platform/emlib/src/em_cmu.o
 .debug_frame   0x00001214      0x240 ./gecko_sdk_4.5.0/platform/emlib/src/em_core.o
 .debug_frame   0x00001454      0x304 ./gecko_sdk_4.5.0/platform/emlib/src/em_emu.o
 .debug_frame   0x00001758      0x1fc ./gecko_sdk_4.5.0/platform/emlib/src/em_eusart.o
 .debug_frame   0x00001954      0x168 ./gecko_sdk_4.5.0/platform/emlib/src/em_gpio.o
 .debug_frame   0x00001abc       0xe0 ./gecko_sdk_4.5.0/platform/emlib/src/em_ldma.o
 .debug_frame   0x00001b9c       0x98 ./gecko_sdk_4.5.0/platform/emlib/src/em_rtcc.o
 .debug_frame   0x00001c34       0xd8 ./gecko_sdk_4.5.0/platform/emlib/src/em_system.o
 .debug_frame   0x00001d0c       0x28 ./gecko_sdk_4.5.0/platform/service/device_init/src/sl_device_init_dcdc_s2.o
 .debug_frame   0x00001d34       0x2c ./gecko_sdk_4.5.0/platform/service/device_init/src/sl_device_init_emu_s2.o
 .debug_frame   0x00001d60       0x34 ./gecko_sdk_4.5.0/platform/service/device_init/src/sl_device_init_hfxo_s2.o
 .debug_frame   0x00001d94       0x30 ./gecko_sdk_4.5.0/platform/service/device_init/src/sl_device_init_lfxo_s2.o
 .debug_frame   0x00001dc4       0x28 ./gecko_sdk_4.5.0/platform/service/device_init/src/sl_device_init_nvic.o
 .debug_frame   0x00001dec       0xb0 ./gecko_sdk_4.5.0/platform/service/iostream/src/sl_iostream_retarget_stdio.o
 .debug_frame   0x00001e9c      0x3ac ./gecko_sdk_4.5.0/platform/service/sleeptimer/src/sl_sleeptimer.o
 .debug_frame   0x00002248      0x120 ./gecko_sdk_4.5.0/platform/service/sleeptimer/src/sl_sleeptimer_hal_rtcc.o
 .debug_frame   0x00002368       0x2c ./gecko_sdk_4.5.0/platform/service/system/src/sl_system_init.o
 .debug_frame   0x00002394       0x2c ./gecko_sdk_4.5.0/platform/service/system/src/sl_system_process_action.o
 .debug_frame   0x000023c0       0x2c c:/siliconlabs/simplicitystudio/v5/developer/toolchains/gnu_arm/12.2.rel1_2023.7/bin/../lib/gcc/arm-none-eabi/12.2.1/thumb/v8-m.main+fp/hard\libgcc.a(_aeabi_uldivmod.o)
 .debug_frame   0x000023ec       0x38 c:/siliconlabs/simplicitystudio/v5/developer/toolchains/gnu_arm/12.2.rel1_2023.7/bin/../lib/gcc/arm-none-eabi/12.2.1/thumb/v8-m.main+fp/hard\libgcc.a(_udivmoddi4.o)
 .debug_frame   0x00002424       0x28 c:/siliconlabs/simplicitystudio/v5/developer/toolchains/gnu_arm/12.2.rel1_2023.7/bin/../lib/gcc/arm-none-eabi/12.2.1/thumb/v8-m.main+fp/hard\libc_nano.a(libc_a-exit.o)
 .debug_frame   0x0000244c      0x144 c:/siliconlabs/simplicitystudio/v5/developer/toolchains/gnu_arm/12.2.rel1_2023.7/bin/../lib/gcc/arm-none-eabi/12.2.1/thumb/v8-m.main+fp/hard\libc_nano.a(libc_a-findfp.o)
 .debug_frame   0x00002590       0x20 c:/siliconlabs/simplicitystudio/v5/developer/toolchains/gnu_arm/12.2.rel1_2023.7/bin/../lib/gcc/arm-none-eabi/12.2.1/thumb/v8-m.main+fp/hard\libc_nano.a(libc_a-memset.o)